 cgamex86

 Timestamp is 57a86f5b (Mon Aug  8 21:39:07 2016)

 Preferred load address is 30000000

 Start         Length     Name                   Class
 0001:00000000 0000025fH .text                   CODE
 0001:00000260 00087e77H .text$mn                CODE
 0002:00000000 00000100H .idata$5                DATA
 0002:00000100 00000004H .00cfg                  DATA
 0002:00000104 00000004H .CRT$XCA                DATA
 0002:00000108 00000004H .CRT$XCZ                DATA
 0002:0000010c 00000004H .CRT$XIA                DATA
 0002:00000110 0000000cH .CRT$XIC                DATA
 0002:0000011c 00000004H .CRT$XIZ                DATA
 0002:00000120 00000004H .CRT$XPA                DATA
 0002:00000124 00000008H .CRT$XPX                DATA
 0002:0000012c 00000004H .CRT$XPXA               DATA
 0002:00000130 00000004H .CRT$XPZ                DATA
 0002:00000134 00000004H .CRT$XTA                DATA
 0002:00000138 00000004H .CRT$XTZ                DATA
 0002:00000140 00022d84H .rdata                  DATA
 0002:00022ec4 00000000H .rdata$r                DATA
 0002:00022ed0 0000000cH .rdata$sxdata           DATA
 0002:00022ee0 00000010H .rdata$zETW0            DATA
 0002:00022ef0 00000077H .rdata$zETW1            DATA
 0002:00022f67 0000002cH .rdata$zETW2            DATA
 0002:00022f93 00000001H .rdata$zETW9            DATA
 0002:00022f94 0000036cH .rdata$zzzdbg           DATA
 0002:00023300 00000004H .rtc$IAA                DATA
 0002:00023304 00000004H .rtc$IZZ                DATA
 0002:00023308 00000004H .rtc$TAA                DATA
 0002:0002330c 00000004H .rtc$TZZ                DATA
 0002:00023310 0000038cH .xdata$x                DATA
 0002:000236a0 00000059H .edata                  DATA
 0002:000236fc 00000028H .idata$2                DATA
 0002:00023724 00000014H .idata$3                DATA
 0002:00023738 00000100H .idata$4                DATA
 0002:00023838 000004a0H .idata$6                DATA
 0003:00000000 0000b0b0H .data                   DATA
 0003:0000b0b0 00000000H .data$r                 DATA
 0003:0000b0c0 00860934H .bss                    DATA
 0004:00000000 00000088H .gfids$x                DATA
 0004:00000088 0000001cH .gfids$y                DATA
 0005:00000000 000000a0H .rsrc$01                DATA
 0005:000000a0 000004b8H .rsrc$02                DATA

  Address         Publics by Value              Rva+Base       Lib:Object

 0000:00000000       ___guard_iat_count         00000000     <absolute>
 0000:00000000       ___guard_longjmp_table     00000000     <absolute>
 0000:00000000       ___guard_fids_table        00000000     <absolute>
 0000:00000000       ___guard_longjmp_count     00000000     <absolute>
 0000:00000000       ___guard_iat_table         00000000     <absolute>
 0000:00000000       __except_list              00000000     <absolute>
 0000:00000000       ___guard_fids_count        00000000     <absolute>
 0000:00000003       ___safe_se_handler_count   00000003     <absolute>
 0000:00000100       ___guard_flags             00000100     <absolute>
 0000:00000000       ___ImageBase               30000000     <linker-defined>
 0001:00000000       ?TraceLoggingRegister@__vcrt_trace_logging_provider@@YAJPBU_TlgProvider_t@1@PBU_GUID@@P6GX1KE_K2PAU_EVENT_FILTER_DESCRIPTOR@@PAX@Z4@Z 30001000 f i libvcruntime:telemetry.obj
 0001:0000005d       ?TraceLoggingSetInformation@__vcrt_trace_logging_provider@@YAJPBU_TlgProvider_t@1@W4_EVENT_INFO_CLASS@@PAXK@Z 3000105d f i libvcruntime:telemetry.obj
 0001:00000088       ?TraceLoggingUnregister@__vcrt_trace_logging_provider@@YAXPBU_TlgProvider_t@1@@Z 30001088 f i libvcruntime:telemetry.obj
 0001:000000a7       ?_TlgCreateSz@__vcrt_trace_logging_provider@@YAXPAU_EVENT_DATA_DESCRIPTOR@@PBD@Z 300010a7 f i libvcruntime:telemetry.obj
 0001:000000df       ?_TlgCreateWsz@__vcrt_trace_logging_provider@@YAXPAU_EVENT_DATA_DESCRIPTOR@@PB_W@Z 300010df f i libvcruntime:telemetry.obj
 0001:00000123       ?_TlgEnableCallback@__vcrt_trace_logging_provider@@YGXPBU_GUID@@KE_K1PAU_EVENT_FILTER_DESCRIPTOR@@PAX@Z 30001123 f i libvcruntime:telemetry.obj
 0001:0000019b       ?_TlgKeywordOn@__vcrt_trace_logging_provider@@YAEPBU_TlgProvider_t@1@_K@Z 3000119b f i libvcruntime:telemetry.obj
 0001:000001d7       ?_TlgWrite@__vcrt_trace_logging_provider@@YAJPBU_TlgProvider_t@1@PBXPBU_GUID@@2IPAU_EVENT_DATA_DESCRIPTOR@@@Z 300011d7 f i libvcruntime:telemetry.obj
 0001:00000260       _G_SetAnimalVehicleFunctions 30001260 f   AnimalNPC.obj
 0001:00000540       _BG_AttachToRancor         30001540 f   bg_g2_utils.obj
 0001:000007a0       _BG_GetRootSurfNameWithVariant 300017a0 f   bg_g2_utils.obj
 0001:00000830       _BG_AddPredictableEventToPlayerstate 30001830 f   bg_misc.obj
 0001:00000870       _BG_Alloc                  30001870 f   bg_misc.obj
 0001:000008c0       _BG_CanItemBeGrabbed       300018c0 f   bg_misc.obj
 0001:00000bd0       _BG_CanUseFPNow            30001bd0 f   bg_misc.obj
 0001:00000cc0       _BG_CycleForce             30001cc0 f   bg_misc.obj
 0001:00000da0       _BG_CycleInven             30001da0 f   bg_misc.obj
 0001:00000e70       _BG_EmplacedView           30001e70 f   bg_misc.obj
 0001:00000f30       _BG_EvaluateTrajectory     30001f30 f   bg_misc.obj
 0001:000011a0       _BG_EvaluateTrajectoryDelta 300021a0 f   bg_misc.obj
 0001:000013b0       _BG_FileExists             300023b0 f   bg_misc.obj
 0001:000013f0       _BG_FindItemForHoldable    300023f0 f   bg_misc.obj
 0001:00001450       _BG_FindItemForPowerup     30002450 f   bg_misc.obj
 0001:000014b0       _BG_FindItemForWeapon      300024b0 f   bg_misc.obj
 0001:000014f0       _BG_GetItemIndexByTag      300024f0 f   bg_misc.obj
 0001:00001530       _BG_HasYsalamiri           30002530 f   bg_misc.obj
 0001:00001570       _BG_IsItemSelectable       30002570 f   bg_misc.obj
 0001:00001590       _BG_IsValidCharacterModel  30002590 f   bg_misc.obj
 0001:000015f0       _BG_ModelCache             300025f0 f   bg_misc.obj
 0001:00001620       _BG_ParseField             30002620 f   bg_misc.obj
 0001:00001760       _BG_PlayerStateToEntityState 30002760 f   bg_misc.obj
 0001:00001c20       _BG_PlayerTouchesItem      30002c20 f   bg_misc.obj
 0001:00001cb0       _BG_ProperForceIndex       30002cb0 f   bg_misc.obj
 0001:00001ce0       _BG_TempAlloc              30002ce0 f   bg_misc.obj
 0001:00001d20       _BG_TempFree               30002d20 f   bg_misc.obj
 0001:00001d70       _BG_TouchJumpPad           30002d70 f   bg_misc.obj
 0001:00001df0       _BG_ValidateSkinForTeam    30002df0 f   bg_misc.obj
 0001:00002050       ___local_stdio_scanf_options 30003050 f i bg_misc.obj
 0001:00002060       _sscanf                    30003060 f i bg_misc.obj
 0001:00002090       _vectoyaw                  30003090 f   bg_misc.obj
 0001:00002140       _BG_AnimLength             30003140 f   bg_panimate.obj
 0001:000021a0       _BG_AnimsetAlloc           300031a0 f   bg_panimate.obj
 0001:000021d0       _BG_FlippingAnim           300031d0 f   bg_panimate.obj
 0001:000022b0       _BG_FullBodyTauntAnim      300032b0 f   bg_panimate.obj
 0001:000022f0       _BG_InBackFlip             300032f0 f   bg_panimate.obj
 0001:00002310       _BG_InDeathAnim            30003310 f   bg_panimate.obj
 0001:00002350       _BG_InGrappleMove          30003350 f   bg_panimate.obj
 0001:000023a0       _BG_InKataAnim             300033a0 f   bg_panimate.obj
 0001:000023c0       _BG_InKnockDownOnly        300033c0 f   bg_panimate.obj
 0001:000023e0       _BG_InReboundHold          300033e0 f   bg_panimate.obj
 0001:00002400       _BG_InReboundJump          30003400 f   bg_panimate.obj
 0001:00002420       _BG_InRoll                 30003420 f   bg_panimate.obj
 0001:000024b0       _BG_InSaberLock            300034b0 f   bg_panimate.obj
 0001:00002570       _BG_InSaberLockOld         30003570 f   bg_panimate.obj
 0001:000025b0       _BG_InSaberStandAnim       300035b0 f   bg_panimate.obj
 0001:000025e0       _BG_InSpecialJump          300035e0 f   bg_panimate.obj
 0001:000026e0       _BG_InitAnimsets           300036e0 f   bg_panimate.obj
 0001:00002700       _BG_KickMove               30003700 f   bg_panimate.obj
 0001:00002720       _BG_KickingAnim            30003720 f   bg_panimate.obj
 0001:00002780       _BG_ParseAnimationEvtFile  30003780 f   bg_panimate.obj
 0001:00002a70       _BG_ParseAnimationFile     30003a70 f   bg_panimate.obj
 0001:00002da0       _BG_SaberInAttack          30003da0 f   bg_panimate.obj
 0001:00002dd0       _BG_SaberInIdle            30003dd0 f   bg_panimate.obj
 0001:00002de0       _BG_SaberInKata            30003de0 f   bg_panimate.obj
 0001:00002e00       _BG_SaberInSpecial         30003e00 f   bg_panimate.obj
 0001:00002e20       _BG_SaberInSpecialAttack   30003e20 f   bg_panimate.obj
 0001:00002f80       _BG_SaberInTransitionAny   30003f80 f   bg_panimate.obj
 0001:00002fb0       _BG_SaberLockBreakAnim     30003fb0 f   bg_panimate.obj
 0001:00003070       _BG_SaberStartTransAnim    30004070 f   bg_panimate.obj
 0001:00003140       _BG_SetAnim                30004140 f   bg_panimate.obj
 0001:000031f0       _BG_SetAnimFinal           300041f0 f   bg_panimate.obj
 0001:00003460       _BG_SpinningSaberAnim      30004460 f   bg_panimate.obj
 0001:00003700       _BG_SuperBreakLoseAnim     30004700 f   bg_panimate.obj
 0001:00003790       _BG_SuperBreakWinAnim      30004790 f   bg_panimate.obj
 0001:00003820       _CheckAnimFrameForEventType 30004820 f   bg_panimate.obj
 0001:00003860       _PM_AnimLength             30004860 f   bg_panimate.obj
 0001:000038e0       _PM_CanRollFromSoulCal     300048e0 f   bg_panimate.obj
 0001:00003910       _PM_ContinueLegsAnim       30004910 f   bg_panimate.obj
 0001:00003960       _PM_ForceLegsAnim          30004960 f   bg_panimate.obj
 0001:00003a00       _PM_InKnockDown            30004a00 f   bg_panimate.obj
 0001:00003a60       _PM_InOnGroundAnim         30004a60 f   bg_panimate.obj
 0001:00003aa0       _PM_InRollComplete         30004aa0 f   bg_panimate.obj
 0001:00003ad0       _PM_InSaberAnim            30004ad0 f   bg_panimate.obj
 0001:00003af0       _PM_JumpingAnim            30004af0 f   bg_panimate.obj
 0001:00003b10       _PM_LandingAnim            30004b10 f   bg_panimate.obj
 0001:00003b60       _PM_PainAnim               30004b60 f   bg_panimate.obj
 0001:00003b80       _PM_SaberBounceForAttack   30004b80 f   bg_panimate.obj
 0001:00003c00       _PM_SaberInKnockaway       30004c00 f   bg_panimate.obj
 0001:00003c20       _PM_SaberInParry           30004c20 f   bg_panimate.obj
 0001:00003c40       _PM_SaberInReflect         30004c40 f   bg_panimate.obj
 0001:00003c60       _PM_SaberInReturn          30004c60 f   bg_panimate.obj
 0001:00003c80       _PM_SaberInStart           30004c80 f   bg_panimate.obj
 0001:00003ca0       _PM_SaberInTransition      30004ca0 f   bg_panimate.obj
 0001:00003cc0       _PM_SetAnim                30004cc0 f   bg_panimate.obj
 0001:00003cf0       _PM_StartTorsoAnim         30004cf0 f   bg_panimate.obj
 0001:00003d20       _ParseAnimationEvtBlock    30004d20 f   bg_panimate.obj
 0001:00004230       _BG_AdjustClientSpeed      30005230 f   bg_pmove.obj
 0001:000045a0       _BG_CmdForRoll             300055a0 f   bg_pmove.obj
 0001:00004770       _BG_G2ATSTAngles           30005770 f   bg_pmove.obj
 0001:00004d80       _BG_G2PlayerAngles         30005d80 f   bg_pmove.obj
 0001:000059e0       _BG_IK_MoveArm             300069e0 f   bg_pmove.obj
 0001:00005ea0       _BG_InKnockDown            30006ea0 f   bg_pmove.obj
 0001:00005ef0       _BG_InRoll2                30006ef0 f   bg_pmove.obj
 0001:00005f80       _BG_InSlopeAnim            30006f80 f   bg_pmove.obj
 0001:00005fa0       _BG_KnockDownable          30006fa0 f   bg_pmove.obj
 0001:00005fc0       _BG_SabersOff              30006fc0 f   bg_pmove.obj
 0001:000061b0       _BG_UnrestrainedPitchRoll  300071b0 f   bg_pmove.obj
 0001:00006200       _BG_UpdateLookAngles       30007200 f   bg_pmove.obj
 0001:000063d0       _BG_VehicleAdjustBBoxForOrientation 300073d0 f   bg_pmove.obj
 0001:00006850       _BG_VehicleTurnRateForSpeed 30007850 f   bg_pmove.obj
 0001:00006ac0       _PM_AddEvent               30007ac0 f   bg_pmove.obj
 0001:00006ae0       _PM_AddTouchEnt            30007ae0 f   bg_pmove.obj
 0001:00006b30       _PM_AdjustAngleForWallJump 30007b30 f   bg_pmove.obj
 0001:00006f90       _PM_AdjustAngleForWallRun  30007f90 f   bg_pmove.obj
 0001:000073b0       _PM_AdjustAngleForWallRunUp 300083b0 f   bg_pmove.obj
 0001:000077e0       _PM_AdjustAttackStates     300087e0 f   bg_pmove.obj
 0001:00007b00       _PM_AdjustStandAnimForSlope 30008b00 f   bg_pmove.obj
 0001:00008390       _PM_BGEntForNum            30009390 f   bg_pmove.obj
 0001:000083c0       _PM_BeginWeaponChange      300093c0 f   bg_pmove.obj
 0001:00008460       _PM_CheckDualForwardJumpDuck 30009460 f   bg_pmove.obj
 0001:000088e0       _PM_CheckFixMins           300098e0 f   bg_pmove.obj
 0001:0000a570       _PM_ClipVelocity           3000b570 f   bg_pmove.obj
 0001:0000b800       _PM_FinishWeaponChange     3000c800 f   bg_pmove.obj
 0001:0000bd00       _PM_FootSlopeTrace         3000cd00 f   bg_pmove.obj
 0001:0000c700       _PM_ForceJumpingUp         3000d700 f   bg_pmove.obj
 0001:0000ca30       _PM_GetOkWeaponForVehicle  3000da30 f   bg_pmove.obj
 0001:0000ca70       _PM_GetSaberStance         3000da70 f   bg_pmove.obj
 0001:0000cb00       _PM_GrabWallForJump        3000db00 f   bg_pmove.obj
 0001:0000d0b0       _PM_HoverTrace             3000e0b0 f   bg_pmove.obj
 0001:0000d590       _PM_LegsSlopeBackTransition 3000e590 f   bg_pmove.obj
 0001:0000d630       _PM_MoveForKata            3000e630 f   bg_pmove.obj
 0001:0000da60       _PM_RocketLock             3000ea60 f   bg_pmove.obj
 0001:0000ddc0       _PM_RunningAnim            3000edc0 f   bg_pmove.obj
 0001:0000de10       _PM_SetForceJumpZStart     3000ee10 f   bg_pmove.obj
 0001:0000df40       _PM_SetPMViewAngle         3000ef40 f   bg_pmove.obj
 0001:0000dfc0       _PM_SetSpecialMoveValues   3000efc0 f   bg_pmove.obj
 0001:0000e530       _PM_SwimmingAnim           3000f530 f   bg_pmove.obj
 0001:0000e870       _PM_UpdateViewAngles       3000f870 f   bg_pmove.obj
 0001:0000ea80       _PM_Use                    3000fa80 f   bg_pmove.obj
 0001:0000eae0       _PM_VehFaceHyperspacePoint 3000fae0 f   bg_pmove.obj
 0001:0000ede0       _PM_VehForcedTurning       3000fde0 f   bg_pmove.obj
 0001:0000f040       _PM_VehicleViewAngles      30010040 f   bg_pmove.obj
 0001:0000f1f0       _PM_VehicleWeaponAnimate   300101f0 f   bg_pmove.obj
 0001:0000fb10       _PM_WalkingAnim            30010b10 f   bg_pmove.obj
 0001:000114f0       _PM_WeaponOkOnVehicle      300124f0 f   bg_pmove.obj
 0001:00011510       _PM_pitch_roll_for_slope   30012510 f   bg_pmove.obj
 0001:00011860       _Pmove                     30012860 f   bg_pmove.obj
 0001:00011910       _PmoveSingle               30012910 f   bg_pmove.obj
 0001:00012e50       _BG_CheckIncrementLockAnim 30013e50 f   bg_saber.obj
 0001:00012f00       _BG_EnoughForcePowerForMove 30013f00 f   bg_saber.obj
 0001:00012f30       _BG_ForcePowerDrain        30013f30 f   bg_saber.obj
 0001:00012ff0       _PM_BrokenParryForParry    30013ff0 f   bg_saber.obj
 0001:00013100       _PM_CanBackstab            30014100 f   bg_saber.obj
 0001:00013250       _PM_CanDoKata              30014250 f   bg_saber.obj
 0001:00013330       _PM_CheckAltKickAttack     30014330 f   bg_saber.obj
 0001:00013380       _PM_CheckStabDown          30014380 f   bg_saber.obj
 0001:00013500       _PM_GroundDistance         30014500 f   bg_saber.obj
 0001:000135e0       _PM_KickMoveForConditions  300145e0 f   bg_saber.obj
 0001:00013620       _PM_SaberAnimTransitionAnim 30014620 f   bg_saber.obj
 0001:000137a0       _PM_SaberAttackChainAngle  300147a0 f   bg_saber.obj
 0001:000137e0       _PM_SaberAttackForMovement 300147e0 f   bg_saber.obj
 0001:00014550       _PM_SaberBackflipAttackMove 30015550 f   bg_saber.obj
 0001:00014570       _PM_SaberFlipOverAttackMove 30015570 f   bg_saber.obj
 0001:00014630       _PM_SaberInBounce          30015630 f   bg_saber.obj
 0001:00014660       _PM_SaberInBrokenParry     30015660 f   bg_saber.obj
 0001:00014690       _PM_SaberJumpAttackMove    30015690 f   bg_saber.obj
 0001:00014750       _PM_SaberKataDone          30015750 f   bg_saber.obj
 0001:00014880       _PM_SaberLockBreak         30015880 f   bg_saber.obj
 0001:00014c40       _PM_SaberLockLoseAnim      30015c40 f   bg_saber.obj
 0001:00014d00       _PM_SaberLockResultAnim    30015d00 f   bg_saber.obj
 0001:00014de0       _PM_SaberLockWinAnim       30015de0 f   bg_saber.obj
 0001:00014f40       _PM_SaberLocked            30015f40 f   bg_saber.obj
 0001:00015330       _PM_SaberLungeAttackMove   30016330 f   bg_saber.obj
 0001:000153d0       _PM_SaberMoveQuadrantForMovement 300163d0 f   bg_saber.obj
 0001:00015430       _PM_SaberPowerCheck        30016430 f   bg_saber.obj
 0001:00015490       _PM_SetSaberMove           30016490 f   bg_saber.obj
 0001:00015ac0       _PM_WalkableGroundDistance 30016ac0 f   bg_saber.obj
 0001:00015bc0       _PM_WeaponLightsaber       30016bc0 f   bg_saber.obj
 0001:00017900       _PM_irand_timesync         30018900 f   bg_saber.obj
 0001:00017960       _BG_ParseLiteral           30018960 f   bg_saberLoad.obj
 0001:000179c0       _BG_SI_SetDesiredLength    300189c0 f   bg_saberLoad.obj
 0001:00017a20       _BG_SI_SetLength           30018a20 f   bg_saberLoad.obj
 0001:00017a60       _BG_SI_SetLengthGradual    30018a60 f   bg_saberLoad.obj
 0001:00017b80       _TranslateSaberColor       30018b80 f   bg_saberLoad.obj
 0001:00017c40       _TranslateSaberStyle       30018c40 f   bg_saberLoad.obj
 0001:00017d00       _WP_RemoveSaber            30018d00 f   bg_saberLoad.obj
 0001:00017da0       _WP_SaberLoadParms         30018da0 f   bg_saberLoad.obj
 0001:00017ec0       _WP_SaberParseParm         30018ec0 f   bg_saberLoad.obj
 0001:00018000       _WP_SaberParseParms        30019000 f   bg_saberLoad.obj
 0001:00018ac0       _WP_SaberSetDefaults       30019ac0 f   bg_saberLoad.obj
 0001:00018cf0       _WP_SaberValidForPlayerInMP 30019cf0 f   bg_saberLoad.obj
 0001:00018d50       _WP_SetSaber               30019d50 f   bg_saberLoad.obj
 0001:00018e00       _BG_PrecacheSabersForSiegeTeam 30019e00 f   bg_saga.obj
 0001:00018ee0       _BG_SiegeFindClassByName   30019ee0 f   bg_saga.obj
 0001:00018f30       _BG_SiegeFindClassIndexByName 30019f30 f   bg_saga.obj
 0001:00018f80       _BG_SiegeFindTeamForTheme  30019f80 f   bg_saga.obj
 0001:00018fe0       _BG_SiegeFindThemeForTeam  30019fe0 f   bg_saga.obj
 0001:00019000       _BG_SiegeGetPairedValue    3001a000 f   bg_saga.obj
 0001:00019260       _BG_SiegeGetValueGroup     3001a260 f   bg_saga.obj
 0001:00019570       _BG_SiegeLoadClasses       3001a570 f   bg_saga.obj
 0001:00019640       _BG_SiegeLoadTeams         3001a640 f   bg_saga.obj
 0001:00019970       _BG_SiegeParseClassFile    3001a970 f   bg_saga.obj
 0001:0001a250       _BG_SiegeSetTeamTheme      3001b250 f   bg_saga.obj
 0001:0001a280       _BG_SiegeStripTabs         3001b280 f   bg_saga.obj
 0001:0001a2c0       _BG_SiegeTranslateForcePowers 3001b2c0 f   bg_saga.obj
 0001:0001a490       _BG_SiegeTranslateGenericTable 3001b490 f   bg_saga.obj
 0001:0001a570       _PM_GroundSlideOkay        3001b570 f   bg_slidemove.obj
 0001:0001a5f0       _PM_SlideMove              3001b5f0 f   bg_slidemove.obj
 0001:0001ae50       _PM_StepSlideMove          3001be50 f   bg_slidemove.obj
 0001:0001b450       _PM_VehicleImpact          3001c450 f   bg_slidemove.obj
 0001:0001bad0       _AttachRidersGeneric       3001cad0 f   bg_vehicleLoad.obj
 0001:0001bb80       _BG_GetVehicleModelName    3001cb80 f   bg_vehicleLoad.obj
 0001:0001bbd0       _BG_GetVehicleSkinName     3001cbd0 f   bg_vehicleLoad.obj
 0001:0001c210       _BG_SetSharedVehicleFunctions 3001d210 f   bg_vehicleLoad.obj
 0001:0001c260       _BG_VehWeaponLoadParms     3001d260 f   bg_vehicleLoad.obj
 0001:0001c3e0       _BG_VehicleClampData       3001d3e0 f   bg_vehicleLoad.obj
 0001:0001c480       _BG_VehicleGetIndex        3001d480 f   bg_vehicleLoad.obj
 0001:0001c490       _BG_VehicleLoadParms       3001d490 f   bg_vehicleLoad.obj
 0001:0001c750       _VEH_LoadVehWeapon         3001d750 f   bg_vehicleLoad.obj
 0001:0001c940       _VEH_LoadVehicle           3001d940 f   bg_vehicleLoad.obj
 0001:0001d2a0       _VEH_VehWeaponIndexForName 3001e2a0 f   bg_vehicleLoad.obj
 0001:0001d340       _VEH_VehicleIndexForName   3001e340 f   bg_vehicleLoad.obj
 0001:0001d3e0       _BG_FighterUpdate          3001e3e0 f   FighterNPC.obj
 0001:0001d780       _FighterIsLanded           3001e780 f   FighterNPC.obj
 0001:0001d7d0       _FighterIsLanding          3001e7d0 f   FighterNPC.obj
 0001:0001d910       _FighterOverValidLandingSurface 3001e910 f   FighterNPC.obj
 0001:0001d950       _FighterPitchAdjust        3001e950 f   FighterNPC.obj
 0001:0001dad0       _FighterPitchClamp         3001ead0 f   FighterNPC.obj
 0001:0001dcf0       _FighterYawAdjust          3001ecf0 f   FighterNPC.obj
 0001:0001de80       _G_CreateFighterNPC        3001ee80 f   FighterNPC.obj
 0001:0001de80       _G_CreateSpeederNPC        3001ee80 f   SpeederNPC.obj
 0001:0001de80       _G_CreateWalkerNPC         3001ee80 f   WalkerNPC.obj
 0001:0001de80       _G_CreateAnimalNPC         3001ee80 f   AnimalNPC.obj
 0001:0001ded0       _G_SetFighterVehicleFunctions 3001eed0 f   FighterNPC.obj
 0001:0001f260       _AngleDelta                30020260 f   q_math.obj
 0001:0001f2c0       _AngleMod                  300202c0 f   q_math.obj
 0001:0001f2c0       _AngleNormalize360         300202c0 f   q_math.obj
 0001:0001f300       _AngleNormalize180         30020300 f   q_math.obj
 0001:0001f360       _AngleSubtract             30020360 f   q_math.obj
 0001:0001f3e0       _AngleVectors              300203e0 f   q_math.obj
 0001:0001f5a0       _AnglesSubtract            300205a0 f   q_math.obj
 0001:0001f6f0       _AnglesToAxis              300206f0 f   q_math.obj
 0001:0001f750       _AxisClear                 30020750 f   q_math.obj
 0001:0001f7a0       _AxisCopy                  300207a0 f   q_math.obj
 0001:0001f7e0       _ByteToDir                 300207e0 f   q_math.obj
 0001:0001f840       _LerpAngle                 30020840 f   q_math.obj
 0001:0001f8a0       _MatrixMultiply            300208a0 f   q_math.obj
 0001:0001fa30       _PerpendicularVector       30020a30 f   q_math.obj
 0001:0001fbe0       _Q_fabs                    30020be0 f   q_math.obj
 0001:0001fbf0       _Q_random                  30020bf0 f   q_math.obj
 0001:0001fc20       _RotateAroundDirection     30020c20 f   q_math.obj
 0001:0001fce0       _RotatePointAroundVector   30020ce0 f   q_math.obj
 0001:000200d0       _VectorNormalize           300210d0 f   q_math.obj
 0001:00020180       _VectorNormalize2          30021180 f   q_math.obj
 0001:00020230       _flrand                    30021230 f   q_math.obj
 0001:00020290       _vectoangles               30021290 f   q_math.obj
 0001:00020410       _COM_BeginParseSession     30021410 f   q_shared.obj
 0001:00020440       _COM_Parse                 30021440 f   q_shared.obj
 0001:00020460       _COM_ParseExt              30021460 f   q_shared.obj
 0001:000205d0       _COM_ParseFloat            300215d0 f   q_shared.obj
 0001:00020610       _COM_ParseInt              30021610 f   q_shared.obj
 0001:00020650       _COM_ParseString           30021650 f   q_shared.obj
 0001:00020690       _COM_StripExtension        30021690 f   q_shared.obj
 0001:000206c0       _Com_sprintf               300216c0 f   q_shared.obj
 0001:00020780       _GetIDForString            30021780 f   q_shared.obj
 0001:000207d0       _GetStringForID            300217d0 f   q_shared.obj
 0001:00020810       _Info_ValueForKey          30021810 f   q_shared.obj
 0001:00020900       _Q_CleanStr                30021900 f   q_shared.obj
 0001:00020950       _Q_irand                   30021950 f   q_shared.obj
 0001:00020970       _Q_strcat                  30021970 f   q_shared.obj
 0001:00020a00       _Q_stricmp                 30021a00 f   q_shared.obj
 0001:00020a30       _Q_stricmpn                30021a30 f   q_shared.obj
 0001:00020ab0       _Q_strncmp                 30021ab0 f   q_shared.obj
 0001:00020b00       _Q_strncpyz                30021b00 f   q_shared.obj
 0001:00020b60       _Q_strrchr                 30021b60 f   q_shared.obj
 0001:00020b90       _Q_strupr                  30021b90 f   q_shared.obj
 0001:00020bc0       _SkipBracedSection         30021bc0 f   q_shared.obj
 0001:00020d20       _SkipRestOfLine            30021d20 f   q_shared.obj
 0001:00020d50       ___local_stdio_printf_options 30021d50 f i q_shared.obj
 0001:00020d60       _va                        30021d60 f   q_shared.obj
 0001:00020db0       _G_SetSpeederVehicleFunctions 30021db0 f   SpeederNPC.obj
 0001:000210d0       _ProcessOrientCommands     300220d0 f   SpeederNPC.obj
 0001:00021210       _G_SetWalkerVehicleFunctions 30022210 f   WalkerNPC.obj
 0001:000214c0       _WalkerYawAdjust           300224c0 f   WalkerNPC.obj
 0001:00021590       _ItemParse_mouseExitText   30022590 f   ui_shared.obj
 0001:000215b0       _ItemParse_action          300225b0 f   ui_shared.obj
 0001:000215d0       _ItemParse_cvarTest        300225d0 f   ui_shared.obj
 0001:000215f0       _ItemParse_cvar            300225f0 f   ui_shared.obj
 0001:00021670       _ItemParse_font            30022670 f   ui_shared.obj
 0001:000216a0       _ItemParse_maxChars        300226a0 f   ui_shared.obj
 0001:000216f0       _Script_Show               300226f0 f   ui_shared.obj
 0001:00021740       _Script_Hide               30022740 f   ui_shared.obj
 0001:00021790       _ItemParse_maxPaintChars   30022790 f   ui_shared.obj
 0001:000217e0       _Script_FadeIn             300227e0 f   ui_shared.obj
 0001:00021830       _ItemParse_maxLineChars    30022830 f   ui_shared.obj
 0001:00021880       _Script_FadeOut            30022880 f   ui_shared.obj
 0001:000218d0       _ItemParse_lineHeight      300228d0 f   ui_shared.obj
 0001:00021920       _Script_Open               30022920 f   ui_shared.obj
 0001:00021960       _ItemParse_cvarFloat       30022960 f   ui_shared.obj
 0001:000219e0       _Script_Close              300229e0 f   ui_shared.obj
 0001:00021a40       _ItemParse_cvarStrList     30022a40 f   ui_shared.obj
 0001:00021b90       _ItemParse_cvarFloatList   30022b90 f   ui_shared.obj
 0001:00021cb0       _ItemParse_addColorRange   30022cb0 f   ui_shared.obj
 0001:00021d30       _Script_Defer              30022d30 f   ui_shared.obj
 0001:00021d80       _ItemParse_enableCvar      30022d80 f   ui_shared.obj
 0001:00021dc0       _Script_RunDeferred        30022dc0 f   ui_shared.obj
 0001:00021df0       _ItemParse_disableCvar     30022df0 f   ui_shared.obj
 0001:00021e30       _Script_Transition         30022e30 f   ui_shared.obj
 0001:00021ef0       _ItemParse_showCvar        30022ef0 f   ui_shared.obj
 0001:00021f30       _ItemParse_hideCvar        30022f30 f   ui_shared.obj
 0001:00021f70       _ItemParse_Appearance_slot 30022f70 f   ui_shared.obj
 0001:00021f90       _Script_Disable            30022f90 f   ui_shared.obj
 0001:00022030       _Script_Scale              30023030 f   ui_shared.obj
 0001:00022190       _Script_Orbit              30023190 f   ui_shared.obj
 0001:000222b0       _Script_SetFocus           300232b0 f   ui_shared.obj
 0001:00022360       _Script_SetPlayerModel     30023360 f   ui_shared.obj
 0001:000223b0       _Script_Transition2        300233b0 f   ui_shared.obj
 0001:00022480       _Script_SetCvar            30023480 f   ui_shared.obj
 0001:00022500       _Script_SetCvarToCvar      30023500 f   ui_shared.obj
 0001:000225b0       _Script_Exec               300235b0 f   ui_shared.obj
 0001:00022610       _Script_Play               30023610 f   ui_shared.obj
 0001:00022670       _Script_playLooped         30023670 f   ui_shared.obj
 0001:000226e0       _ItemParse_name            300236e0 f   ui_shared.obj
 0001:00022700       _ItemParse_focusSound      30023700 f   ui_shared.obj
 0001:00022750       _ItemParse_text            30023750 f   ui_shared.obj
 0001:00022770       _ItemParse_descText        30023770 f   ui_shared.obj
 0001:00022790       _MenuParse_soundLoop       30023790 f   ui_shared.obj
 0001:00022790       _ItemParse_text2           30023790 f   ui_shared.obj
 0001:000227b0       _ItemParse_text2alignx     300237b0 f   ui_shared.obj
 0001:000227d0       _ItemParse_text2aligny     300237d0 f   ui_shared.obj
 0001:000227f0       _MenuParse_font            300237f0 f   ui_shared.obj
 0001:00022850       _ItemParse_group           30023850 f   ui_shared.obj
 0001:00022870       _MenuParse_name            30023870 f   ui_shared.obj
 0001:000228b0       _MenuParse_fullscreen      300238b0 f   ui_shared.obj
 0001:000228d0       _MenuParse_rect            300238d0 f   ui_shared.obj
 0001:00022930       _MenuParse_style           30023930 f   ui_shared.obj
 0001:00022970       _ItemParse_asset_model     30023970 f   ui_shared.obj
 0001:000229a0       _MenuParse_onOpen          300239a0 f   ui_shared.obj
 0001:000229c0       _MenuParse_onClose         300239c0 f   ui_shared.obj
 0001:000229e0       _ItemParse_asset_shader    300239e0 f   ui_shared.obj
 0001:00022a30       _ItemParse_model_origin    30023a30 f   ui_shared.obj
 0001:00022a90       _MenuParse_onAccept        30023a90 f   ui_shared.obj
 0001:00022ab0       _MenuParse_onESC           30023ab0 f   ui_shared.obj
 0001:00022ad0       _MenuParse_border          30023ad0 f   ui_shared.obj
 0001:00022ad0       _ItemParse_border          30023ad0 f   ui_shared.obj
 0001:00022af0       _ItemParse_bordersize      30023af0 f   ui_shared.obj
 0001:00022af0       _MenuParse_borderSize      30023af0 f   ui_shared.obj
 0001:00022b10       _ItemParse_model_rotation  30023b10 f   ui_shared.obj
 0001:00022b40       _MenuParse_backcolor       30023b40 f   ui_shared.obj
 0001:00022bf0       _ItemParse_model_angle     30023bf0 f   ui_shared.obj
 0001:00022c20       _ItemParse_model_g2mins    30023c20 f   ui_shared.obj
 0001:00022c80       _MenuParse_descAlignment   30023c80 f   ui_shared.obj
 0001:00022cc0       _ItemParse_model_g2maxs    30023cc0 f   ui_shared.obj
 0001:00022d20       _MenuParse_descX           30023d20 f   ui_shared.obj
 0001:00022d40       _ItemParse_model_g2scale   30023d40 f   ui_shared.obj
 0001:00022da0       _MenuParse_descY           30023da0 f   ui_shared.obj
 0001:00022dc0       _MenuParse_descScale       30023dc0 f   ui_shared.obj
 0001:00022de0       _ItemParse_model_g2skin    30023de0 f   ui_shared.obj
 0001:00022e40       _MenuParse_descColor       30023e40 f   ui_shared.obj
 0001:00022f00       _ItemParse_model_g2anim    30023f00 f   ui_shared.obj
 0001:00022fa0       _MenuParse_forecolor       30023fa0 f   ui_shared.obj
 0001:00023090       _MenuParse_bordercolor     30024090 f   ui_shared.obj
 0001:00023150       _MenuParse_focuscolor      30024150 f   ui_shared.obj
 0001:00023210       _ItemParse_rectcvar        30024210 f   ui_shared.obj
 0001:00023340       _MenuParse_disablecolor    30024340 f   ui_shared.obj
 0001:00023400       _ItemParse_rect            30024400 f   ui_shared.obj
 0001:00023460       _ItemParse_flag            30024460 f   ui_shared.obj
 0001:00023500       _ItemParse_style           30024500 f   ui_shared.obj
 0001:00023540       _ItemParse_decoration      30024540 f   ui_shared.obj
 0001:00023560       _ItemParse_notselectable   30024560 f   ui_shared.obj
 0001:000235a0       _MenuParse_ownerdrawFlag   300245a0 f   ui_shared.obj
 0001:000235a0       _ItemParse_ownerdrawFlag   300245a0 f   ui_shared.obj
 0001:000235d0       _ItemParse_scrollhidden    300245d0 f   ui_shared.obj
 0001:00023610       _MenuParse_ownerdraw       30024610 f   ui_shared.obj
 0001:00023630       _ItemParse_wrapped         30024630 f   ui_shared.obj
 0001:00023650       _MenuParse_popup           30024650 f   ui_shared.obj
 0001:00023670       _ItemParse_autowrapped     30024670 f   ui_shared.obj
 0001:00023690       _MenuParse_outOfBounds     30024690 f   ui_shared.obj
 0001:000236b0       _ItemParse_horizontalscroll 300246b0 f   ui_shared.obj
 0001:000236d0       _ItemParse_type            300246d0 f   ui_shared.obj
 0001:00023710       _Script_SetColor           30024710 f   ui_shared.obj
 0001:000237f0       _ItemParse_elementwidth    300247f0 f   ui_shared.obj
 0001:000237f0       _ItemParse_model_fovx      300247f0 f   ui_shared.obj
 0001:00023820       _MenuParse_fadeClamp       30024820 f   ui_shared.obj
 0001:00023840       _ItemParse_elementheight   30024840 f   ui_shared.obj
 0001:00023840       _ItemParse_model_fovy      30024840 f   ui_shared.obj
 0001:00023870       _ItemParse_textalignx      30024870 f   ui_shared.obj
 0001:00023870       _MenuParse_fadeAmount      30024870 f   ui_shared.obj
 0001:00023890       _ItemParse_special         30024890 f   ui_shared.obj
 0001:00023890       _ItemParse_feeder          30024890 f   ui_shared.obj
 0001:000238b0       _MenuParse_fadeCycle       300248b0 f   ui_shared.obj
 0001:000238b0       _ItemParse_align           300248b0 f   ui_shared.obj
 0001:000238d0       _Script_SetAsset           300248d0 f   ui_shared.obj
 0001:00023900       _ItemParse_elementtype     30024900 f   ui_shared.obj
 0001:00023940       _MenuParse_itemDef         30024940 f   ui_shared.obj
 0001:00023a10       _Script_SetBackground      30024a10 f   ui_shared.obj
 0001:00023a60       _ItemParse_columns         30024a60 f   ui_shared.obj
 0001:00023b20       _Script_SetItemRectCvar    30024b20 f   ui_shared.obj
 0001:00023d00       _MenuParse_appearanceIncrement 30024d00 f   ui_shared.obj
 0001:00023d20       _Script_SetItemBackground  30024d20 f   ui_shared.obj
 0001:00023da0       _Script_SetItemText        30024da0 f   ui_shared.obj
 0001:00023e20       _ItemParse_visible         30024e20 f   ui_shared.obj
 0001:00023e20       _MenuParse_visible         30024e20 f   ui_shared.obj
 0001:00023e60       _ItemParse_ownerdraw       30024e60 f   ui_shared.obj
 0001:00023e90       _ItemParse_isCharacter     30024e90 f   ui_shared.obj
 0001:00023ee0       _Script_SetTeamColor       30024ee0 f   ui_shared.obj
 0001:00023f20       _ItemParse_textalign       30024f20 f   ui_shared.obj
 0001:00023f60       _Script_SetItemColor       30024f60 f   ui_shared.obj
 0001:000240d0       _ItemParse_textaligny      300250d0 f   ui_shared.obj
 0001:000240f0       _ItemParse_textscale       300250f0 f   ui_shared.obj
 0001:00024110       _ItemParse_textstyle       30025110 f   ui_shared.obj
 0001:00024130       _ItemParse_invertyesno     30025130 f   ui_shared.obj
 0001:00024150       _Script_SetItemColorCvar   30025150 f   ui_shared.obj
 0001:000243a0       _ItemParse_xoffset         300253a0 f   ui_shared.obj
 0001:000243c0       _ItemParse_backcolor       300253c0 f   ui_shared.obj
 0001:00024470       _ItemParse_forecolor       30025470 f   ui_shared.obj
 0001:00024560       _ItemParse_bordercolor     30025560 f   ui_shared.obj
 0001:00024620       _ItemParse_outlinecolor    30025620 f   ui_shared.obj
 0001:00024620       _MenuParse_outlinecolor    30025620 f   ui_shared.obj
 0001:00024640       _Script_SetItemRect        30025640 f   ui_shared.obj
 0001:00024710       _MenuParse_background      30025710 f   ui_shared.obj
 0001:00024710       _ItemParse_background      30025710 f   ui_shared.obj
 0001:00024760       _ItemParse_cinematic       30025760 f   ui_shared.obj
 0001:00024760       _MenuParse_cinematic       30025760 f   ui_shared.obj
 0001:00024780       _ItemParse_doubleClick     30025780 f   ui_shared.obj
 0001:000247c0       _ItemParse_onFocus         300257c0 f   ui_shared.obj
 0001:000247e0       _ItemParse_leaveFocus      300257e0 f   ui_shared.obj
 0001:00024800       _ItemParse_mouseEnter      30025800 f   ui_shared.obj
 0001:00024820       _ItemParse_mouseExit       30025820 f   ui_shared.obj
 0001:00024840       _ItemParse_mouseEnterText  30025840 f   ui_shared.obj
 0001:00024860       _BindingIDFromName         30025860 f   ui_shared.obj
 0001:000248a0       _Color_Parse               300258a0 f   ui_shared.obj
 0001:000248f0       _Controls_GetConfig        300258f0 f   ui_shared.obj
 0001:000249a0       _Controls_SetConfig        300259a0 f   ui_shared.obj
 0001:000249f0       _Display_CaptureItem       300259f0 f   ui_shared.obj
 0001:00024b60       _Display_CursorType        30025b60 f   ui_shared.obj
 0001:00024bf0       _Display_HandleKey         30025bf0 f   ui_shared.obj
 0001:00024c20       _Display_MouseMove         30025c20 f   ui_shared.obj
 0001:00024d20       _Display_VisibleMenuCount  30025d20 f   ui_shared.obj
 0001:00024e70       _Float_Parse               30025e70 f   ui_shared.obj
 0001:00024eb0       _Init_Display              30025eb0 f   ui_shared.obj
 0001:00024ec0       _Int_Parse                 30025ec0 f   ui_shared.obj
 0001:00024f00       _Item_Action               30025f00 f   ui_shared.obj
 0001:00024f20       _Item_Bind_HandleKey       30025f20 f   ui_shared.obj
 0001:000251f0       _Item_EnableShowViaCvar    300261f0 f   ui_shared.obj
 0001:00025310       _Item_HandleAccept         30026310 f   ui_shared.obj
 0001:00025340       _Item_HandleKey            30026340 f   ui_shared.obj
 0001:000254a0       _Item_Init                 300264a0 f   ui_shared.obj
 0001:00025500       _Item_ListBox_HandleKey    30026500 f   ui_shared.obj
 0001:00025970       _Item_ListBox_MouseEnter   30026970 f   ui_shared.obj
 0001:00025b50       _Item_ListBox_OverLB       30026b50 f   ui_shared.obj
 0001:00025fb0       _Item_ListBox_ThumbPosition 30026fb0 f   ui_shared.obj
 0001:000260e0       _Item_MouseEnter           300270e0 f   ui_shared.obj
 0001:00026280       _Item_MouseLeave           30027280 f   ui_shared.obj
 0001:000262c0       _Item_Multi_FindCvarByValue 300272c0 f   ui_shared.obj
 0001:000263a0       _Item_Multi_HandleKey      300273a0 f   ui_shared.obj
 0001:00026550       _Item_OwnerDraw_HandleKey  30027550 f   ui_shared.obj
 0001:00026600       _Item_Parse                30027600 f   ui_shared.obj
 0001:00026750       _Item_RunScript            30027750 f   ui_shared.obj
 0001:00026840       _Item_SetFocus             30027840 f   ui_shared.obj
 0001:000269e0       _Item_SetScreenCoords      300279e0 f   ui_shared.obj
 0001:00026a80       _Item_SetupKeywordHash     30027a80 f   ui_shared.obj
 0001:00026b30       _Item_Slider_HandleKey     30027b30 f   ui_shared.obj
 0001:00026ca0       _Item_Slider_OverSlider    30027ca0 f   ui_shared.obj
 0001:00026d10       _Item_Slider_ThumbPosition 30027d10 f   ui_shared.obj
 0001:00026dd0       _Item_StartCapture         30027dd0 f   ui_shared.obj
 0001:00027050       _Item_TextField_HandleKey  30028050 f   ui_shared.obj
 0001:00027710       _Item_TextScroll_HandleKey 30028710 f   ui_shared.obj
 0001:00027880       _Item_TextScroll_OverLB    30028880 f   ui_shared.obj
 0001:00027a70       _Item_ValidateTypeData     30028a70 f   ui_shared.obj
 0001:00027b70       _Item_YesNo_HandleKey      30028b70 f   ui_shared.obj
 0001:00027c60       _Leaving_EditField         30028c60 f   ui_shared.obj
 0001:00027c90       _Menu_ClearFocus           30028c90 f   ui_shared.obj
 0001:00027de0       _Menu_FadeItemByName       30028de0 f   ui_shared.obj
 0001:00027e40       _Menu_FindItemByName       30028e40 f   ui_shared.obj
 0001:00027ea0       _Menu_GetFocused           30028ea0 f   ui_shared.obj
 0001:00027ee0       _Menu_GetMatchingItemByNumber 30028ee0 f   ui_shared.obj
 0001:00027f60       _Menu_HandleKey            30028f60 f   ui_shared.obj
 0001:00028480       _Menu_HandleMouseMove      30029480 f   ui_shared.obj
 0001:00028680       _Menu_Init                 30029680 f   ui_shared.obj
 0001:00028710       _Menu_ItemDisable          30029710 f   ui_shared.obj
 0001:00028760       _Menu_ItemsMatchingGroup   30029760 f   ui_shared.obj
 0001:000287e0       _Menu_New                  300297e0 f   ui_shared.obj
 0001:00028850       _Menu_OrbitItemByName      30029850 f   ui_shared.obj
 0001:00028a20       _Menu_Parse                30029a20 f   ui_shared.obj
 0001:00028b70       _Menu_Reset                30029b70 f   ui_shared.obj
 0001:00028b80       _Menu_ScrollFeeder         30029b80 f   ui_shared.obj
 0001:00028ff0       _Menu_SetFeederSelection   30029ff0 f   ui_shared.obj
 0001:000290c0       _Menu_SetItemBackground    3002a0c0 f   ui_shared.obj
 0001:00029120       _Menu_SetItemText          3002a120 f   ui_shared.obj
 0001:000291e0       _Menu_SetNextCursorItem    3002a1e0 f   ui_shared.obj
 0001:000292e0       _Menu_SetPrevCursorItem    3002a2e0 f   ui_shared.obj
 0001:000293e0       _Menu_SetupKeywordHash     3002a3e0 f   ui_shared.obj
 0001:00029490       _Menu_ShowItemByName       3002a490 f   ui_shared.obj
 0001:00029500       _Menu_TransitionItemByName 3002a500 f   ui_shared.obj
 0001:00029610       _Menu_UpdatePosition       3002a610 f   ui_shared.obj
 0001:00029720       _Menus_ActivateByName      3002a720 f   ui_shared.obj
 0001:00029870       _Menus_CloseAll            3002a870 f   ui_shared.obj
 0001:00029910       _Menus_CloseByName         3002a910 f   ui_shared.obj
 0001:00029990       _Menus_FindByName          3002a990 f   ui_shared.obj
 0001:000299e0       _Menus_HandleOOBClick      3002a9e0 f   ui_shared.obj
 0001:00029b90       _PC_Color_Parse            3002ab90 f   ui_shared.obj
 0001:00029c30       _PC_Float_Parse            3002ac30 f   ui_shared.obj
 0001:00029cd0       _PC_Int_Parse              3002acd0 f   ui_shared.obj
 0001:00029d60       _PC_Script_Parse           3002ad60 f   ui_shared.obj
 0001:00029e70       _PC_SourceError            3002ae70 f   ui_shared.obj
 0001:00029ee0       _PC_String_Parse           3002aee0 f   ui_shared.obj
 0001:00029f50       _ParseRect                 3002af50 f   ui_shared.obj
 0001:00029fb0       _Rect_ContainsPoint        3002afb0 f   ui_shared.obj
 0001:0002a000       _Rect_Parse                3002b000 f   ui_shared.obj
 0001:0002a6b0       _String_Alloc              3002b6b0 f   ui_shared.obj
 0001:0002a7c0       _String_Init               3002b7c0 f   ui_shared.obj
 0001:0002a810       _String_Parse              3002b810 f   ui_shared.obj
 0001:0002a850       _UI_Alloc                  3002b850 f   ui_shared.obj
 0001:0002a8b0       _UI_CleanupGhoul2          3002b8b0 f   ui_shared.obj
 0001:0002a940       _CG_TargetCommand_f        3002b940 f   cg_consolecmds.obj
 0001:0002ae00       _CG_ConsoleCommand         3002be00 f   cg_consolecmds.obj
 0001:0002ae50       _CG_InitConsoleCommands    3002be50 f   cg_consolecmds.obj
 0001:0002b050       _CG_AddLagometerFrameInfo  3002c050 f   cg_draw.obj
 0001:0002b080       _CG_AddLagometerSnapshotInfo 3002c080 f   cg_draw.obj
 0001:0002b0e0       _CG_CalcEWebMuzzlePoint    3002c0e0 f   cg_draw.obj
 0001:0002b210       _CG_CalcVehicleMuzzlePoint 3002c210 f   cg_draw.obj
 0001:0002b400       _CG_CenterPrint            3002c400 f   cg_draw.obj
 0001:0002b470       _CG_ChatBox_AddString      3002c470 f   cg_draw.obj
 0001:0002b5e0       _CG_ChatBox_ArrayInsert    3002c5e0 f   cg_draw.obj
 0001:0002b790       _CG_ChatBox_StrInsert      3002c790 f   cg_draw.obj
 0001:0002b810       _CG_CheckTargetVehicle     3002c810 f   cg_draw.obj
 0001:0002cae0       _CG_Draw3DModel            3002dae0 f   cg_draw.obj
 0001:0002cc20       _CG_DrawActive             3002dc20 f   cg_draw.obj
 0001:0002d100       _CG_DrawArmor              3002e100 f   cg_draw.obj
 0001:0002d2c0       _CG_DrawBracketedEntities  3002e2c0 f   cg_draw.obj
 0001:0002d930       _CG_DrawCloakFuel          3002e930 f   cg_draw.obj
 0001:0002e770       _CG_DrawDuelistHealth      3002f770 f   cg_draw.obj
 0001:0002e830       _CG_DrawEWebHealth         3002f830 f   cg_draw.obj
 0001:0002eee0       _CG_DrawFlagModel          3002fee0 f   cg_draw.obj
 0001:0002f0c0       _CG_DrawFlagStatus         300300c0 f   cg_draw.obj
 0001:0002f2f0       _CG_DrawForcePower         300302f0 f   cg_draw.obj
 0001:0002f490       _CG_DrawForceSelect        30030490 f   cg_draw.obj
 0001:0002f770       _CG_DrawGenericTimerBar    30030770 f   cg_draw.obj
 0001:0002f8a0       _CG_DrawHUD                300308a0 f   cg_draw.obj
 0001:0002fc90       _CG_DrawHaqrBar            30030c90 f   cg_draw.obj
 0001:0002fe50       _CG_DrawHealth             30030e50 f   cg_draw.obj
 0001:0002ff70       _CG_DrawHealthBar          30030f70 f   cg_draw.obj
 0001:00030100       _CG_DrawHealthBarRough     30031100 f   cg_draw.obj
 0001:00030310       _CG_DrawInvenSelect        30031310 f   cg_draw.obj
 0001:000306d0       _CG_DrawJetpackFuel        300316d0 f   cg_draw.obj
 0001:00030ed0       _CG_DrawRadar              30031ed0 f   cg_draw.obj
 0001:000327a0       _CG_DrawSiegeInfo          300337a0 f   cg_draw.obj
 0001:00032b20       _CG_DrawSiegeMessage       30033b20 f   cg_draw.obj
 0001:00032b60       _CG_DrawSiegeMessageNonMenu 30033b60 f   cg_draw.obj
 0001:00033230       _CG_DrawTeamBackground     30034230 f   cg_draw.obj
 0001:00033a30       _CG_DrawVehicleAmmo        30034a30 f   cg_draw.obj
 0001:00033ba0       _CG_DrawVehicleAmmoLower   30034ba0 f   cg_draw.obj
 0001:00033d10       _CG_DrawVehicleAmmoUpper   30034d10 f   cg_draw.obj
 0001:00033e80       _CG_DrawVehicleArmor       30034e80 f   cg_draw.obj
 0001:00033fb0       _CG_DrawVehicleDamage      30034fb0 f   cg_draw.obj
 0001:000340f0       _CG_DrawVehicleDamageHUD   300350f0 f   cg_draw.obj
 0001:000343e0       _CG_DrawVehicleHud         300353e0 f   cg_draw.obj
 0001:000345b0       _CG_DrawVehicleShields     300355b0 f   cg_draw.obj
 0001:000346e0       _CG_DrawVehicleSpeed       300356e0 f   cg_draw.obj
 0001:00034860       _CG_DrawVehicleTurboRecharge 30035860 f   cg_draw.obj
 0001:00034950       _CG_DrawVehicleWeaponsLinked 30035950 f   cg_draw.obj
 0001:000359c0       _CG_InATST                 300369c0 f   cg_draw.obj
 0001:00035a00       _CG_InFighter              30036a00 f   cg_draw.obj
 0001:00035a40       _CG_SaberClashFlare        30036a40 f   cg_draw.obj
 0001:00035c40       _CG_SanitizeString         30036c40 f   cg_draw.obj
 0001:00036360       _CG_Text_Height            30037360 f   cg_draw.obj
 0001:000363b0       _CG_Text_Paint             300373b0 f   cg_draw.obj
 0001:00036460       _CG_Text_Width             30037460 f   cg_draw.obj
 0001:000364b0       _CG_WorldCoordToScreenCoord 300374b0 f   cg_draw.obj
 0001:000364f0       _CG_WorldCoordToScreenCoordFloat 300374f0 f   cg_draw.obj
 0001:00036630       _sprintf                   30037630 f i cg_draw.obj
 0001:00036670       _CG_ColorForGivenHealth    30037670 f   cg_drawtools.obj
 0001:00036700       _CG_ColorForHealth         30037700 f   cg_drawtools.obj
 0001:00036780       _CG_DrawBigString          30037780 f   cg_drawtools.obj
 0001:000367d0       _CG_DrawNumField           300377d0 f   cg_drawtools.obj
 0001:00036af0       _CG_DrawPic                30037af0 f   cg_drawtools.obj
 0001:00036b50       _CG_DrawRect               30037b50 f   cg_drawtools.obj
 0001:00036be0       _CG_DrawRotatePic          30037be0 f   cg_drawtools.obj
 0001:00036c50       _CG_DrawRotatePic2         30037c50 f   cg_drawtools.obj
 0001:00036cc0       _CG_DrawSides              30037cc0 f   cg_drawtools.obj
 0001:00036da0       _CG_DrawSmallString        30037da0 f   cg_drawtools.obj
 0001:00036df0       _CG_DrawStringExt          30037df0 f   cg_drawtools.obj
 0001:000370e0       _CG_DrawStrlen             300380e0 f   cg_drawtools.obj
 0001:00037120       _CG_DrawTopBottom          30038120 f   cg_drawtools.obj
 0001:00037200       _CG_FadeColor              30038200 f   cg_drawtools.obj
 0001:00037280       _CG_FillRect               30038280 f   cg_drawtools.obj
 0001:00037300       _CG_GetColorForHealth      30038300 f   cg_drawtools.obj
 0001:000373e0       _CG_TileClear              300383e0 f   cg_drawtools.obj
 0001:00037690       _UI_DrawProportionalString 30038690 f   cg_drawtools.obj
 0001:00037740       _UI_DrawScaledProportionalString 30038740 f   cg_drawtools.obj
 0001:000377f0       _CGDEBUG_SaberColor        300387f0 f   cg_effects.obj
 0001:00037fb0       _CG_Chunks                 30038fb0 f   cg_effects.obj
 0001:00038680       _CG_DoGlass                30039680 f   cg_effects.obj
 0001:00038cd0       _CG_GlassShatter           30039cd0 f   cg_effects.obj
 0001:00038d30       _CG_InitGlass              30039d30 f   cg_effects.obj
 0001:00038e00       _CG_MiscModelExplosion     30039e00 f   cg_effects.obj
 0001:00039050       _CG_ScorePlum              3003a050 f   cg_effects.obj
 0001:000391b0       _CG_SmokePuff              3003a1b0 f   cg_effects.obj
 0001:00039350       _CG_TestLine               3003a350 f   cg_effects.obj
 0001:00039490       _CG_AddBracketedEnt        3003a490 f   cg_ents.obj
 0001:00039650       _CG_AddPacketEntities      3003a650 f   cg_ents.obj
 0001:00039990       _CG_AddRadarEnt            3003a990 f   cg_ents.obj
 0001:000399c0       _CG_AdjustPositionForMover 3003a9c0 f   cg_ents.obj
 0001:00039ab0       _CG_Beam                   3003aab0 f   cg_ents.obj
 0001:00039bc0       _CG_CalcEntityLerpPositions 3003abc0 f   cg_ents.obj
 0001:00039cf0       _CG_Cube                   3003acf0 f   cg_ents.obj
 0001:00039ea0       _CG_Disintegration         3003aea0 f   cg_ents.obj
 0001:0003c2c0       _CG_GreyItem               3003d2c0 f   cg_ents.obj
 0001:0003cfd0       _CG_ManualEntityRender     3003dfd0 f   cg_ents.obj
 0001:0003daf0       _CG_PlayDoorLoopSound      3003eaf0 f   cg_ents.obj
 0001:0003dbd0       _CG_PlayDoorSound          3003ebd0 f   cg_ents.obj
 0001:0003de20       _CG_PositionEntityOnTag    3003ee20 f   cg_ents.obj
 0001:0003df60       _CG_PositionRotatedEntityOnTag 3003ef60 f   cg_ents.obj
 0001:0003e0a0       _CG_ROFF_NotetrackCallback 3003f0a0 f   cg_ents.obj
 0001:0003e600       _CG_S_AddLoopingSound      3003f600 f   cg_ents.obj
 0001:0003e6d0       _CG_S_AddRealLoopingSound  3003f6d0 f   cg_ents.obj
 0001:0003e6e0       _CG_S_StopLoopingSound     3003f6e0 f   cg_ents.obj
 0001:0003e770       _CG_S_UpdateLoopingSounds  3003f770 f   cg_ents.obj
 0001:0003e840       _CG_SetEntitySoundPosition 3003f840 f   cg_ents.obj
 0001:0003e8d0       _CG_SetGhoul2Info          3003f8d0 f   cg_ents.obj
 0001:0003ea00       _CG_Special                3003fa00 f   cg_ents.obj
 0001:0003eb00       _FX_AddOrientedLine        3003fb00 f   cg_ents.obj
 0001:0003ec50       _FX_DrawPortableShield     3003fc50 f   cg_ents.obj
 0001:0003edf0       _ScaleModelAxis            3003fdf0 f   cg_ents.obj
 0001:0003eef0       _CG_CalcVehMuzzle          3003fef0 f   cg_event.obj
 0001:0003f010       _CG_CheckEvents            30040010 f   cg_event.obj
 0001:0003f0c0       _CG_EntityEvent            300400c0 f   cg_event.obj
 0001:00042960       _CG_G2MarkEvent            30043960 f   cg_event.obj
 0001:00042bc0       _CG_GetCTFMessageEvent     30043bc0 f   cg_event.obj
 0001:00042c30       _CG_GetStringForVoiceSound 30043c30 f   cg_event.obj
 0001:00042c80       _CG_InClientBitflags       30043c80 f   cg_event.obj
 0001:00042e90       _CG_LocalTimingBar         30043e90 f   cg_event.obj
 0001:000434f0       _CG_PainEvent              300444f0 f   cg_event.obj
 0001:00043560       _CG_PlaceString            30044560 f   cg_event.obj
 0001:000436f0       _CG_PrintCTFMessage        300446f0 f   cg_event.obj
 0001:000438a0       _CG_ReattachLimb           300448a0 f   cg_event.obj
 0001:00043900       _CG_ToggleBinoculars       30044900 f   cg_event.obj
 0001:00043a90       _CG_VehMuzzleFireFX        30044a90 f   cg_event.obj
 0001:00043bc0       _DoFall                    30044bc0 f   cg_event.obj
 0001:00043cf0       _CG_DrawInformation        30044cf0 f   cg_info.obj
 0001:00044630       _CG_LoadBar                30045630 f   cg_info.obj
 0001:00044730       _CG_LoadingClient          30045730 f   cg_info.obj
 0001:00044790       _CG_LoadingItem            30045790 f   cg_info.obj
 0001:00044800       _CG_LoadingString          30045800 f   cg_info.obj
 0001:00044820       _CG_ClearLightStyles       30045820 f   cg_light.obj
 0001:00044900       _CG_RunLightStyles         30045900 f   cg_light.obj
 0001:000449a0       _CG_SetLightstyle          300459a0 f   cg_light.obj
 0001:00044b20       _CG_AddFadeRGB             30045b20 f   cg_localents.obj
 0001:00044e20       _CG_AddFragment            30045e20 f   cg_localents.obj
 0001:00045030       _CG_AddLocalEntities       30046030 f   cg_localents.obj
 0001:00045310       _CG_AddOLine               30046310 f   cg_localents.obj
 0001:00045550       _CG_AddRefEntity           30046550 f   cg_localents.obj
 0001:000456c0       _CG_AddScorePlum           300466c0 f   cg_localents.obj
 0001:00045bb0       _CG_AllocLocalEntity       30046bb0 f   cg_localents.obj
 0001:00045c30       _CG_BloodTrail             30046c30 f   cg_localents.obj
 0001:00045d00       _CG_FragmentBounceMark     30046d00 f   cg_localents.obj
 0001:00045d30       _CG_FragmentBounceSound    30046d30 f   cg_localents.obj
 0001:00045dc0       _CG_FreeLocalEntity        30046dc0 f   cg_localents.obj
 0001:00045e00       _CG_InitLocalEntities      30046e00 f   cg_localents.obj
 0001:00045e60       _CG_ReflectVelocity        30046e60 f   cg_localents.obj
 0001:00045fa0       _BG_GetTime                30046fa0 f   cg_main.obj
 0001:00046050       _CG_Argv                   30047050 f   cg_main.obj
 0001:00046070       _CG_AssetCache             30047070 f   cg_main.obj
 0001:00046180       _CG_Asset_Parse            30047180 f   cg_main.obj
 0001:00046650       _CG_BuildSpectatorString   30047650 f   cg_main.obj
 0001:000466d0       _CG_ConfigString           300476d0 f   cg_main.obj
 0001:00046700       _CG_CreateModelFromSpawnEnt 30047700 f   cg_main.obj
 0001:00046920       _CG_CreateWeatherZoneFromSpawnEnt 30047920 f   cg_main.obj
 0001:00046950       _CG_CrosshairPlayer        30047950 f   cg_main.obj
 0001:00046c60       _CG_DestroyAllGhoul2       30047c60 f   cg_main.obj
 0001:00046d00       _CG_DrawMiscEnts           30047d00 f   cg_main.obj
 0001:00046e20       _CG_Error                  30047e20 f   cg_main.obj
 0001:000473e0       _CG_GetLocationString      300483e0 f   cg_main.obj
 0001:00047410       _CG_GetStringEdString      30048410 f   cg_main.obj
 0001:000474d0       _CG_Init                   300484d0 f   cg_main.obj
 0001:000479d0       _CG_LastAttacker           300489d0 f   cg_main.obj
 0001:000479f0       _CG_LoadHudMenu            300489f0 f   cg_main.obj
 0001:00047c20       _CG_LoadMenus              30048c20 f   cg_main.obj
 0001:00047d50       _CG_Load_Menu              30048d50 f   cg_main.obj
 0001:00047e90       _CG_MiscEnt                30048e90 f   cg_main.obj
 0001:00048030       _CG_NewString              30049030 f   cg_main.obj
 0001:000480e0       _CG_NextForcePower_f       300490e0 f   cg_main.obj
 0001:000481a0       _CG_NextInventory_f        300491a0 f   cg_main.obj
 0001:00048230       _CG_NoUseableForce         30049230 f   cg_main.obj
 0001:00048270       _CG_DeferMenuScript        30049270 f   cg_newDraw.obj
 0001:00048270       _ItemParse_isSaber2        30049270 f   ui_shared.obj
 0001:00048270       _ItemParse_isSaber         30049270 f   ui_shared.obj
 0001:00048370       _CG_ParseSiegeState        30049370 f   cg_main.obj
 0001:00048430       _CG_ParseSpawnVars         30049430 f   cg_main.obj
 0001:00048610       _CG_ParseWeatherEffect     30049610 f   cg_main.obj
 0001:00048650       _CG_PrevForcePower_f       30049650 f   cg_main.obj
 0001:00048710       _CG_PrevInventory_f        30049710 f   cg_main.obj
 0001:000487a0       _CG_Printf                 300497a0 f   cg_main.obj
 0001:00048970       _CG_RegisterCvars          30049970 f   cg_main.obj
 0001:0004aa90       _CG_SetScoreSelection      3004ba90 f   cg_main.obj
 0001:0004ab40       _CG_Shutdown               3004bb40 f   cg_main.obj
 0001:0004ab80       _CG_SiegeCountCvars        3004bb80 f   cg_main.obj
 0001:0004adc0       _CG_SpawnCGameEntFromVars  3004bdc0 f   cg_main.obj
 0001:0004af60       _CG_StartMusic             3004bf60 f   cg_main.obj
 0001:0004afe0       _CG_Text_PaintWithCursor   3004bfe0 f   cg_main.obj
 0001:0004b030       _CG_TransitionPermanent    3004c030 f   cg_main.obj
 0001:0004b0f0       _CG_UpdateCvars            3004c0f0 f   cg_main.obj
 0001:0004b460       _Com_Error                 3004c460 f   cg_main.obj
 0001:0004b4b0       _Com_Printf                3004c4b0 f   cg_main.obj
 0001:0004b500       _vmMain                    3004c500 f   cg_main.obj
 0001:0004b840       _CG_AddMarks               3004c840 f   cg_marks.obj
 0001:0004b9c0       _CG_AddParticleToScene     3004c9c0 f   cg_marks.obj
 0001:0004d650       _CG_AddParticles           3004e650 f   cg_marks.obj
 0001:0004d9d0       _CG_AllocMark              3004e9d0 f   cg_marks.obj
 0001:0004da60       _CG_ClearParticles         3004ea60 f   cg_marks.obj
 0001:0004daf0       _CG_ImpactMark             3004eaf0 f   cg_marks.obj
 0001:0004df60       _CG_InitMarkPolys          3004ef60 f   cg_marks.obj
 0001:0004dfc0       _CG_EventHandling          3004efc0 f   cg_newDraw.obj
 0001:0004dff0       _CG_GameTypeString         3004eff0 f   cg_newDraw.obj
 0001:0004e050       _CG_GetGameStatusText      3004f050 f   cg_newDraw.obj
 0001:0004e160       _CG_GetKillerText          3004f160 f   cg_newDraw.obj
 0001:0004e1a0       _CG_GetSelectedPlayer      3004f1a0 f   cg_newDraw.obj
 0001:0004e1c0       _CG_GetTeamColor           3004f1c0 f   cg_newDraw.obj
 0001:0004e230       _CG_GetValue               3004f230 f   cg_newDraw.obj
 0001:0004e3a0       _CG_KeyEvent               3004f3a0 f   cg_newDraw.obj
 0001:0004e450       _CG_MouseEvent             3004f450 f   cg_newDraw.obj
 0001:0004e520       _CG_OtherTeamHasFlag       3004f520 f   cg_newDraw.obj
 0001:0004e560       _CG_OwnerDrawVisible       3004f560 f   cg_newDraw.obj
 0001:0004e6a0       _CG_RunMenuScript          3004f6a0 f   cg_newDraw.obj
 0001:0004e6a0       _BG_ClearAnimsets          3004f6a0 f   bg_panimate.obj
 0001:0004e6a0       ___except_validate_context_record 3004f6a0 f   libvcruntime:jbcxrval.obj
 0001:0004e6a0       ___except_validate_jump_buffer 3004f6a0 f   libvcruntime:jbcxrval.obj
 0001:0004e6a0       _CG_OwnerDraw              3004f6a0 f   cg_newDraw.obj
 0001:0004e6a0       @_guard_check_icall_nop@4  3004f6a0 f   LIBCMT:guard_support.obj
 0001:0004e6b0       _CG_StatusHandle           3004f6b0 f   cg_newDraw.obj
 0001:0004e710       _CG_YourTeamHasFlag        3004f710 f   cg_newDraw.obj
 0001:0004e750       _CG_ActualLoadDeferredPlayers 3004f750 f   cg_players.obj
 0001:0004eac0       _CG_AddGhoul2Mark          3004fac0 f   cg_players.obj
 0001:0004ec80       _CG_AddRefEntityWithPowerups 3004fc80 f   cg_players.obj
 0001:0004ecd0       _CG_AddSaberBlade          3004fcd0 f   cg_players.obj
 0001:0004f8b0       _CG_CacheG2AnimInfo        300508b0 f   cg_players.obj
 0001:0004fa60       _CG_CheckThirdPersonAlpha  30050a60 f   cg_players.obj
 0001:0004fd10       _CG_CleanJetpackGhoul2     30050d10 f   cg_players.obj
 0001:0004ff70       _CG_CreateNPCClient        30050f70 f   cg_players.obj
 0001:0004ff90       _CG_CreateSaberMarks       30050f90 f   cg_players.obj
 0001:00050aa0       _CG_CustomSound            30051aa0 f   cg_players.obj
 0001:00050e20       _CG_DestroyNPCClient       30051e20 f   cg_players.obj
 0001:00050e40       _CG_DoSaber                30051e40 f   cg_players.obj
 0001:00051660       _CG_DrawPlayerShield       30052660 f   cg_players.obj
 0001:000517d0       _CG_DrawPlayerSphere       300527d0 f   cg_players.obj
 0001:000528f0       _CG_G2AnimEntModelLoad     300538f0 f   cg_players.obj
 0001:00052f40       _CG_G2Animated             30053f40 f   cg_players.obj
 0001:00053120       _CG_G2EvIndexForModel      30054120 f   cg_players.obj
 0001:00053620       _CG_G2PlayerHeadAnims      30054620 f   cg_players.obj
 0001:00053970       _CG_G2SaberEffects         30054970 f   cg_players.obj
 0001:00053aa0       _CG_G2ServerBoneAngles     30054aa0 f   cg_players.obj
 0001:00053dc0       _CG_G2SkelForModel         30054dc0 f   cg_players.obj
 0001:00053e20       _CG_G2TraceCollide         30054e20 f   cg_players.obj
 0001:00053f80       _CG_HandleAppendedSkin     30054f80 f   cg_players.obj
 0001:00054110       _CG_InitJetpackGhoul2      30055110 f   cg_players.obj
 0001:00054170       _CG_IsMindTricked          30055170 f   cg_players.obj
 0001:00054210       _CG_LoadCISounds           30055210 f   cg_players.obj
 0001:00054600       _CG_LoadClientInfo         30055600 f   cg_players.obj
 0001:00054920       _CG_LoadDeferredPlayers    30055920 f   cg_players.obj
 0001:00054930       _CG_NewClientInfo          30055930 f   cg_players.obj
 0001:00055410       _CG_ParseSurfsFile         30056410 f   cg_players.obj
 0001:000555d0       _CG_Player                 300565d0 f   cg_players.obj
 0001:00059b20       _CG_PlayerAnimEventDo      3005ab20 f   cg_players.obj
 0001:00059d20       _CG_PlayerAnimEvents       3005ad20 f   cg_players.obj
 0001:0005a640       _CG_PlayerHitFX            3005b640 f   cg_players.obj
 0001:0005aa30       _CG_PlayerShieldHit        3005ba30 f   cg_players.obj
 0001:0005ae20       _CG_RadiusForCent          3005be20 f   cg_players.obj
 0001:0005af20       _CG_RagDoll                3005bf20 f   cg_players.obj
 0001:0005c610       _CG_ResetPlayerEntity      3005d610 f   cg_players.obj
 0001:0005cc60       _CG_SaberCompWork          3005dc60 f   cg_players.obj
 0001:0005d870       _CG_ThereIsAMaster         3005e870 f   cg_players.obj
 0001:0005d8a0       _CG_TriggerAnimSounds      3005e8a0 f   cg_players.obj
 0001:0005da00       _CG_VehicleAttachDroidUnit 3005ea00 f   cg_players.obj
 0001:0005e3c0       _CG_VehicleShouldDrawShields 3005f3c0 f   cg_players.obj
 0001:0005e790       _CG_CheckLocalSounds       3005f790 f   cg_playerstate.obj
 0001:0005e960       _CG_CheckPlayerstateEvents 3005f960 f   cg_playerstate.obj
 0001:0005ea50       _CG_DamageFeedback         3005fa50 f   cg_playerstate.obj
 0001:0005eda0       _CG_Respawn                3005fda0 f   cg_playerstate.obj
 0001:0005edd0       _CG_TransitionPlayerState  3005fdd0 f   cg_playerstate.obj
 0001:0005eef0       _CG_BuildSolidList         3005fef0 f   cg_predict.obj
 0001:0005f4a0       _CG_G2Trace                300604a0 f   cg_predict.obj
 0001:0005f870       _CG_PmoveClientPointerUpdate 30060870 f   cg_predict.obj
 0001:0005f900       _CG_PointContents          30060900 f   cg_predict.obj
 0001:0005f980       _CG_PredictPlayerState     30060980 f   cg_predict.obj
 0001:00060dc0       _CG_Trace                  30061dc0 f   cg_predict.obj
 0001:00060e40       _CG_UsingEWeb              30061e40 f   cg_predict.obj
 0001:00060f20       _CG_InitSiegeMode          30061f20 f   cg_saga.obj
 0001:00061600       _CG_ParseSiegeExtendedData 30062600 f   cg_saga.obj
 0001:000617d0       _CG_ParseSiegeObjectiveStatus 300627d0 f   cg_saga.obj
 0001:00061a20       _CG_PrecachePlayersForSiegeTeam 30062a20 f   cg_saga.obj
 0001:00061b50       _CG_PrecacheSiegeObjectiveAssetsForTeam 30062b50 f   cg_saga.obj
 0001:00061d00       _CG_SetSiegeTimerCvar      30062d00 f   cg_saga.obj
 0001:00061d70       _CG_SiegeBriefingDisplay   30062d70 f   cg_saga.obj
 0001:00062220       _CG_SiegeGetObjectiveDescription 30063220 f   cg_saga.obj
 0001:000622c0       _CG_SiegeGetObjectiveFinal 300632c0 f   cg_saga.obj
 0001:00062400       _CG_SiegeObjectiveCompleted 30063400 f   cg_saga.obj
 0001:000625a0       _CG_SiegeRoundOver         300635a0 f   cg_saga.obj
 0001:00062c90       _CG_DrawOldScoreboard      30063c90 f   cg_scoreboard.obj
 0001:00063590       _CG_GetClassCount          30064590 f   cg_scoreboard.obj
 0001:000635f0       _CG_GetTeamCount           300645f0 f   cg_scoreboard.obj
 0001:00063640       _CG_GetTeamNonScoreCount   30064640 f   cg_scoreboard.obj
 0001:000639a0       _CG_CheckSVStringEdRef     300649a0 f   cg_servercmds.obj
 0001:00064060       _CG_ExecuteNewServerCommands 30065060 f   cg_servercmds.obj
 0001:000640a0       _CG_HandleNPCSounds        300650a0 f   cg_servercmds.obj
 0001:00064550       _CG_KillCEntityG2          30065550 f   cg_servercmds.obj
 0001:000646c0       _CG_KillCEntityInstances   300656c0 f   cg_servercmds.obj
 0001:00064b40       _CG_ParseServerinfo        30065b40 f   cg_servercmds.obj
 0001:00065000       _CG_PrecacheNPCSounds      30066000 f   cg_servercmds.obj
 0001:00065d40       _CG_SetConfigValues        30066d40 f   cg_servercmds.obj
 0001:00065e70       _CG_ShaderStateChanged     30066e70 f   cg_servercmds.obj
 0001:00065fe0       _SetCustomSoundForType     30066fe0 f   cg_servercmds.obj
 0001:00066080       _SetDuelistHealthsFromConfigString 30067080 f   cg_servercmds.obj
 0001:00066150       _CG_ProcessSnapshots       30067150 f   cg_snapshot.obj
 0001:000663a0       _CG_SetInitialSnapshot     300673a0 f   cg_snapshot.obj
 0001:00066800       _strap_G2API_AnimateG2Models 30067800 f   cg_strap.obj
 0001:00066810       _strap_G2API_GetBoltMatrix 30067810 f   cg_strap.obj
 0001:00066820       _strap_G2API_GetBoltMatrix_NoRecNoRot 30067820 f   cg_strap.obj
 0001:00066830       _strap_G2API_GetBoneAnim   30067830 f   cg_strap.obj
 0001:00066840       _strap_G2API_IKMove        30067840 f   cg_strap.obj
 0001:00066850       _strap_G2API_SetBoneAngles 30067850 f   cg_strap.obj
 0001:00066860       _strap_G2API_SetBoneAnim   30067860 f   cg_strap.obj
 0001:000668a0       _strap_G2API_SetBoneIKState 300678a0 f   cg_strap.obj
 0001:000668b0       _dllEntry                  300678b0 f   cg_syscalls.obj
 0001:000668c0       _trap_AS_AddPrecacheEntry  300678c0 f   cg_syscalls.obj
 0001:000668e0       _trap_AS_GetBModelSound    300678e0 f   cg_syscalls.obj
 0001:00066900       _trap_AS_ParseSets         30067900 f   cg_syscalls.obj
 0001:00066910       _trap_AddCommand           30067910 f   cg_syscalls.obj
 0001:00066930       _trap_AnyLanguage_ReadCharFromString 30067930 f   cg_syscalls.obj
 0001:00066950       _trap_Argc                 30067950 f   cg_syscalls.obj
 0001:00066960       _trap_Args                 30067960 f   cg_syscalls.obj
 0001:00066980       _trap_Argv                 30067980 f   cg_syscalls.obj
 0001:000669a0       _trap_CG_RegisterSharedMemory 300679a0 f   cg_syscalls.obj
 0001:000669c0       _trap_CIN_DrawCinematic    300679c0 f   cg_syscalls.obj
 0001:000669e0       _trap_CIN_PlayCinematic    300679e0 f   cg_syscalls.obj
 0001:00066a10       _trap_CIN_RunCinematic     30067a10 f   cg_syscalls.obj
 0001:00066a30       _trap_CIN_SetExtents       30067a30 f   cg_syscalls.obj
 0001:00066a60       _trap_CIN_StopCinematic    30067a60 f   cg_syscalls.obj
 0001:00066a80       _trap_CM_BoxTrace          30067a80 f   cg_syscalls.obj
 0001:00066ab0       _trap_CM_InlineModel       30067ab0 f   cg_syscalls.obj
 0001:00066ad0       _trap_CM_LoadMap           30067ad0 f   cg_syscalls.obj
 0001:00066af0       _trap_CM_MarkFragments     30067af0 f   cg_syscalls.obj
 0001:00066b20       _trap_CM_NumInlineModels   30067b20 f   cg_syscalls.obj
 0001:00066b30       _trap_CM_PointContents     30067b30 f   cg_syscalls.obj
 0001:00066b50       _trap_CM_TempBoxModel      30067b50 f   cg_syscalls.obj
 0001:00066b70       _trap_CM_TransformedBoxTrace 30067b70 f   cg_syscalls.obj
 0001:00066ba0       _trap_CM_TransformedPointContents 30067ba0 f   cg_syscalls.obj
 0001:00066bc0       _trap_Cvar_Register        30067bc0 f   cg_syscalls.obj
 0001:00066be0       _trap_Cvar_Set             30067be0 f   cg_syscalls.obj
 0001:00066c00       _trap_Cvar_Update          30067c00 f   cg_syscalls.obj
 0001:00066c20       _trap_Cvar_VariableStringBuffer 30067c20 f   cg_syscalls.obj
 0001:00066c40       _trap_Error                30067c40 f   cg_syscalls.obj
 0001:00066c60       _trap_FS_FCloseFile        30067c60 f   cg_syscalls.obj
 0001:00066c80       _trap_FS_FOpenFile         30067c80 f   cg_syscalls.obj
 0001:00066ca0       _trap_FS_GetFileList       30067ca0 f   cg_syscalls.obj
 0001:00066cc0       _trap_FS_Read              30067cc0 f   cg_syscalls.obj
 0001:00066ce0       _trap_FX_AddBezier         30067ce0 f   cg_syscalls.obj
 0001:00066d00       _trap_FX_AddElectricity    30067d00 f   cg_syscalls.obj
 0001:00066d20       _trap_FX_AddLine           30067d20 f   cg_syscalls.obj
 0001:00066db0       _trap_FX_AddPoly           30067db0 f   cg_syscalls.obj
 0001:00066dd0       _trap_FX_AddPrimitive      30067dd0 f   cg_syscalls.obj
 0001:00066df0       _trap_FX_AddScheduledEffects 30067df0 f   cg_syscalls.obj
 0001:00066e10       _trap_FX_AddSprite         30067e10 f   cg_syscalls.obj
 0001:00066e30       _trap_FX_AdjustTime        30067e30 f   cg_syscalls.obj
 0001:00066e50       _trap_FX_FreeSystem        30067e50 f   cg_syscalls.obj
 0001:00066e60       _trap_FX_InitSystem        30067e60 f   cg_syscalls.obj
 0001:00066e80       _trap_FX_PlayBoltedEffectID 30067e80 f   cg_syscalls.obj
 0001:00066eb0       _trap_FX_PlayEffectID      30067eb0 f   cg_syscalls.obj
 0001:00066ee0       _trap_FX_PlayEntityEffectID 30067ee0 f   cg_syscalls.obj
 0001:00066f10       _trap_FX_PlayPortalEffectID 30067f10 f   cg_syscalls.obj
 0001:00066f30       _trap_FX_RegisterEffect    30067f30 f   cg_syscalls.obj
 0001:00066f50       _trap_G2API_AbsurdSmoothing 30067f50 f   cg_syscalls.obj
 0001:00066f70       _trap_G2API_AddBolt        30067f70 f   cg_syscalls.obj
 0001:00066f90       _trap_G2API_AddSkinGore    30067f90 f   cg_syscalls.obj
 0001:00066fb0       _trap_G2API_AnimateG2Models 30067fb0 f   cg_syscalls.obj
 0001:00066fd0       _trap_G2API_AttachInstanceToEntNum 30067fd0 f   cg_syscalls.obj
 0001:00067000       _trap_G2API_CleanGhoul2Models 30068000 f   cg_syscalls.obj
 0001:00067020       _trap_G2API_ClearAttachedInstance 30068020 f   cg_syscalls.obj
 0001:00067040       _trap_G2API_ClearSkinGore  30068040 f   cg_syscalls.obj
 0001:00067060       _trap_G2API_CollisionDetect 30068060 f   cg_syscalls.obj
 0001:000670b0       _trap_G2API_CopySpecificGhoul2Model 300680b0 f   cg_syscalls.obj
 0001:000670d0       _trap_G2API_DuplicateGhoul2Instance 300680d0 f   cg_syscalls.obj
 0001:000670f0       _trap_G2API_GetBoltMatrix  300680f0 f   cg_syscalls.obj
 0001:00067120       _trap_G2API_GetBoltMatrix_NoRecNoRot 30068120 f   cg_syscalls.obj
 0001:00067150       _trap_G2API_GetBoneAnim    30068150 f   cg_syscalls.obj
 0001:00067190       _trap_G2API_GetBoneFrame   30068190 f   cg_syscalls.obj
 0001:000671c0       _trap_G2API_GetGLAName     300681c0 f   cg_syscalls.obj
 0001:000671e0       _trap_G2API_GetNumGoreMarks 300681e0 f   cg_syscalls.obj
 0001:00067200       _trap_G2API_GetSurfaceRenderStatus 30068200 f   cg_syscalls.obj
 0001:00067220       _trap_G2API_HasGhoul2ModelOnIndex 30068220 f   cg_syscalls.obj
 0001:00067240       _trap_G2API_IKMove         30068240 f   cg_syscalls.obj
 0001:00067260       _trap_G2API_InitGhoul2Model 30068260 f   cg_syscalls.obj
 0001:00067290       _trap_G2API_RagEffectorGoal 30068290 f   cg_syscalls.obj
 0001:000672b0       _trap_G2API_RagEffectorKick 300682b0 f   cg_syscalls.obj
 0001:000672d0       _trap_G2API_RagForceSolve  300682d0 f   cg_syscalls.obj
 0001:000672f0       _trap_G2API_RagPCJConstraint 300682f0 f   cg_syscalls.obj
 0001:00067310       _trap_G2API_RagPCJGradientSpeed 30068310 f   cg_syscalls.obj
 0001:00067340       _trap_G2API_RemoveGhoul2Model 30068340 f   cg_syscalls.obj
 0001:00067360       _trap_G2API_SetBoltInfo    30068360 f   cg_syscalls.obj
 0001:00067380       _trap_G2API_SetBoneAngles  30068380 f   cg_syscalls.obj
 0001:000673c0       _trap_G2API_SetBoneAnim    300683c0 f   cg_syscalls.obj
 0001:00067410       _trap_G2API_SetBoneIKState 30068410 f   cg_syscalls.obj
 0001:00067440       _trap_G2API_SetNewOrigin   30068440 f   cg_syscalls.obj
 0001:00067460       _trap_G2API_SetRagDoll     30068460 f   cg_syscalls.obj
 0001:00067480       _trap_G2API_SetRootSurface 30068480 f   cg_syscalls.obj
 0001:000674a0       _trap_G2API_SetSkin        300684a0 f   cg_syscalls.obj
 0001:000674c0       _trap_G2API_SetSurfaceOnOff 300684c0 f   cg_syscalls.obj
 0001:000674e0       _trap_G2API_SkinlessModel  300684e0 f   cg_syscalls.obj
 0001:00067500       _trap_G2_HaveWeGhoul2Models 30068500 f   cg_syscalls.obj
 0001:00067520       _trap_GetCurrentCmdNumber  30068520 f   cg_syscalls.obj
 0001:00067530       _trap_GetCurrentSnapshotNumber 30068530 f   cg_syscalls.obj
 0001:00067550       _trap_GetDefaultState      30068550 f   cg_syscalls.obj
 0001:00067570       _trap_GetEntityToken       30068570 f   cg_syscalls.obj
 0001:00067590       _trap_GetGameState         30068590 f   cg_syscalls.obj
 0001:000675b0       _trap_GetGlconfig          300685b0 f   cg_syscalls.obj
 0001:000675d0       _trap_GetServerCommand     300685d0 f   cg_syscalls.obj
 0001:000675f0       _trap_GetSnapshot          300685f0 f   cg_syscalls.obj
 0001:00067610       _trap_GetUserCmd           30068610 f   cg_syscalls.obj
 0001:00067630       _trap_Key_GetCatcher       30068630 f   cg_syscalls.obj
 0001:00067640       _trap_Key_SetCatcher       30068640 f   cg_syscalls.obj
 0001:00067660       _trap_Language_IsAsian     30068660 f   cg_syscalls.obj
 0001:00067670       _trap_Language_UsesSpaces  30068670 f   cg_syscalls.obj
 0001:00067680       _trap_Milliseconds         30068680 f   cg_syscalls.obj
 0001:00067690       _trap_OpenUIMenu           30068690 f   cg_syscalls.obj
 0001:000676b0       _trap_PC_FreeSource        300686b0 f   cg_syscalls.obj
 0001:000676d0       _trap_PC_LoadSource        300686d0 f   cg_syscalls.obj
 0001:000676f0       _trap_PC_ReadToken         300686f0 f   cg_syscalls.obj
 0001:00067710       _trap_PC_SourceFileAndLine 30068710 f   cg_syscalls.obj
 0001:00067730       _trap_Print                30068730 f   cg_syscalls.obj
 0001:00067750       _trap_ROFF_Clean           30068750 f   cg_syscalls.obj
 0001:00067760       _trap_ROFF_Play            30068760 f   cg_syscalls.obj
 0001:00067780       _trap_ROFF_UpdateEntities  30068780 f   cg_syscalls.obj
 0001:00067790       _trap_R_AddDecalToScene    30068790 f   cg_syscalls.obj
 0001:00067800       _trap_R_AddLightToScene    30068800 f   cg_syscalls.obj
 0001:00067850       _trap_R_AddPolyToScene     30068850 f   cg_syscalls.obj
 0001:00067870       _trap_R_AddRefEntityToScene 30068870 f   cg_syscalls.obj
 0001:00067890       _trap_R_AutomapElevAdj     30068890 f   cg_syscalls.obj
 0001:000678b0       _trap_R_ClearDecals        300688b0 f   cg_syscalls.obj
 0001:000678c0       _trap_R_ClearScene         300688c0 f   cg_syscalls.obj
 0001:000678d0       _trap_R_DrawRotatePic      300688d0 f   cg_syscalls.obj
 0001:00067960       _trap_R_DrawRotatePic2     30068960 f   cg_syscalls.obj
 0001:000679f0       _trap_R_DrawStretchPic     300689f0 f   cg_syscalls.obj
 0001:00067a70       _trap_R_Font_DrawString    30068a70 f   cg_syscalls.obj
 0001:00067aa0       _trap_R_Font_HeightPixels  30068aa0 f   cg_syscalls.obj
 0001:00067ac0       _trap_R_Font_StrLenChars   30068ac0 f   cg_syscalls.obj
 0001:00067ae0       _trap_R_Font_StrLenPixels  30068ae0 f   cg_syscalls.obj
 0001:00067b10       _trap_R_GetBModelVerts     30068b10 f   cg_syscalls.obj
 0001:00067b30       _trap_R_GetDistanceCull    30068b30 f   cg_syscalls.obj
 0001:00067b50       _trap_R_GetRealRes         30068b50 f   cg_syscalls.obj
 0001:00067b70       _trap_R_InitWireframeAutomap 30068b70 f   cg_syscalls.obj
 0001:00067b80       _trap_R_LerpTag            30068b80 f   cg_syscalls.obj
 0001:00067bb0       _trap_R_LoadWorldMap       30068bb0 f   cg_syscalls.obj
 0001:00067bd0       _trap_R_ModelBounds        30068bd0 f   cg_syscalls.obj
 0001:00067bf0       _trap_R_RegisterFont       30068bf0 f   cg_syscalls.obj
 0001:00067c10       _trap_R_RegisterModel      30068c10 f   cg_syscalls.obj
 0001:00067c30       _trap_R_RegisterShader     30068c30 f   cg_syscalls.obj
 0001:00067c50       _trap_R_RegisterShaderNoMip 30068c50 f   cg_syscalls.obj
 0001:00067c70       _trap_R_RegisterSkin       30068c70 f   cg_syscalls.obj
 0001:00067c90       _trap_R_RemapShader        30068c90 f   cg_syscalls.obj
 0001:00067cb0       _trap_R_RenderScene        30068cb0 f   cg_syscalls.obj
 0001:00067cd0       _trap_R_SetColor           30068cd0 f   cg_syscalls.obj
 0001:00067cf0       _trap_R_SetLightStyle      30068cf0 f   cg_syscalls.obj
 0001:00067d10       _trap_R_SetRangeFog        30068d10 f   cg_syscalls.obj
 0001:00067d30       _trap_R_SetRefractProp     30068d30 f   cg_syscalls.obj
 0001:00067d70       _trap_R_WeatherContentsOverride 30068d70 f   cg_syscalls.obj
 0001:00067d90       _trap_R_WorldEffectCommand 30068d90 f   cg_syscalls.obj
 0001:00067db0       _trap_R_inPVS              30068db0 f   cg_syscalls.obj
 0001:00067dd0       _trap_SP_GetStringTextString 30068dd0 f   cg_syscalls.obj
 0001:00067df0       _trap_S_AddLocalSet        30068df0 f   cg_syscalls.obj
 0001:00067e10       _trap_S_AddLoopingSound    30068e10 f   cg_syscalls.obj
 0001:00067e30       _trap_S_AddRealLoopingSound 30068e30 f   cg_syscalls.obj
 0001:00067e50       _trap_S_ClearLoopingSounds 30068e50 f   cg_syscalls.obj
 0001:00067e60       _trap_S_GetVoiceVolume     30068e60 f   cg_syscalls.obj
 0001:00067e80       _trap_S_MuteSound          30068e80 f   cg_syscalls.obj
 0001:00067ea0       _trap_S_RegisterSound      30068ea0 f   cg_syscalls.obj
 0001:00067ec0       _trap_S_Respatialize       30068ec0 f   cg_syscalls.obj
 0001:00067ee0       _trap_S_ShutUp             30068ee0 f   cg_syscalls.obj
 0001:00067f00       _trap_S_StartBackgroundTrack 30068f00 f   cg_syscalls.obj
 0001:00067f20       _trap_S_StartLocalSound    30068f20 f   cg_syscalls.obj
 0001:00067f40       _trap_S_StartSound         30068f40 f   cg_syscalls.obj
 0001:00067f60       _trap_S_StopBackgroundTrack 30068f60 f   cg_syscalls.obj
 0001:00067f70       _trap_S_UpdateAmbientSet   30068f70 f   cg_syscalls.obj
 0001:00067f90       _trap_S_UpdateEntityPosition 30068f90 f   cg_syscalls.obj
 0001:00067fb0       _trap_SendClientCommand    30068fb0 f   cg_syscalls.obj
 0001:00067fd0       _trap_SendConsoleCommand   30068fd0 f   cg_syscalls.obj
 0001:00067ff0       _trap_SetClientForceAngle  30068ff0 f   cg_syscalls.obj
 0001:00068010       _trap_SetUserCmdValue      30069010 f   cg_syscalls.obj
 0001:00068070       _trap_SnapVector           30069070 f   cg_syscalls.obj
 0001:00068090       _trap_UpdateScreen         30069090 f   cg_syscalls.obj
 0001:000680a0       _trap_WE_AddWeatherZone    300690a0 f   cg_syscalls.obj
 0001:000680c0       _CreepToPosition           300690c0 f   cg_turret.obj
 0001:00068220       _TurretClientRun           30069220 f   cg_turret.obj
 0001:000685d0       _CGCam_SetMusicMult        300695d0 f   cg_view.obj
 0001:00068620       _CGCam_Shake               30069620 f   cg_view.obj
 0001:00068660       _CG_AddBufferedSound       30069660 f   cg_view.obj
 0001:000686a0       _CG_AddRadarAutomapEnts    300696a0 f   cg_view.obj
 0001:00069640       _CG_CheckPassengerTurretView 3006a640 f   cg_view.obj
 0001:00069b80       _CG_DrawActiveFrame        3006ab80 f   cg_view.obj
 0001:0006a260       _CG_DrawAutoMap            3006b260 f   cg_view.obj
 0001:0006a7a0       _CG_DrawSkyBoxPortal       3006b7a0 f   cg_view.obj
 0001:0006ab90       _CG_EmplacedView           3006bb90 f   cg_view.obj
 0001:0006b960       _CG_SE_UpdateMusic         3006c960 f   cg_view.obj
 0001:0006baa0       _CG_SE_UpdateShake         3006caa0 f   cg_view.obj
 0001:0006bc30       _CG_TestGun_f              3006cc30 f   cg_view.obj
 0001:0006bc50       _CG_TestModelNextFrame_f   3006cc50 f   cg_view.obj
 0001:0006bc70       _CG_TestModelNextSkin_f    3006cc70 f   cg_view.obj
 0001:0006bc90       _CG_TestModelPrevFrame_f   3006cc90 f   cg_view.obj
 0001:0006bcc0       _CG_TestModelPrevSkin_f    3006ccc0 f   cg_view.obj
[...]
 0002:00023518       __sehtable$__query_new_handler 300ad518     libucrt:new_handler.obj
 0002:00023538       __sehtable$_raise          300ad538     libucrt:signal.obj
 0002:00023558       __sehtable$??$?RV<lambda_a048d3beccc847880fc8490e18b82769>@@AAV<lambda_ec61778202f4f5fc7e7711acc23c3bca>@@V<lambda_f7496a158712204296dd6628a163878e>@@@?$__crt_seh_guarded_call@P6AXH@Z@@QAEP6AXH@Z$$QAV<lambda_a048d3beccc847880fc8490e18b82769>@@AAV<lambda_ec61778202f4f5fc7e7711acc23c3bca>@@$$QAV<lambda_f7496a158712204296dd6628a163878e>@@@Z 300ad558     libucrt:signal.obj
 0002:00023578       __sehtable$___acrt_update_thread_locale_data 300ad578     libucrt:locale_refcounting.obj
 0002:00023598       __sehtable$__fcloseall     300ad598     libucrt:closeall.obj
 0002:000235b8       __sehtable$_common_flush_all 300ad5b8     libucrt:fflush.obj
 0002:000235e0       __sehtable$___acrt_lowio_ensure_fh_exists 300ad5e0     libucrt:osfinfo.obj
 0002:00023600       __sehtable$_fclose         300ad600     libucrt:fclose.obj
 0002:00023620       __sehtable$??$?RV<lambda_61cee617f5178ae960314fd4d05640a0>@@AAV<lambda_6978c1fb23f02e42e1d9e99668cc68aa>@@V<lambda_9cd88cf8ad10232537feb2133f08c833>@@@?$__crt_seh_guarded_call@H@@QAEH$$QAV<lambda_61cee617f5178ae960314fd4d05640a0>@@AAV<lambda_6978c1fb23f02e42e1d9e99668cc68aa>@@$$QAV<lambda_9cd88cf8ad10232537feb2133f08c833>@@@Z 300ad620     libucrt:commit.obj
 0002:00023640       __sehtable$__write         300ad640     libucrt:write.obj
 0002:00023660       __sehtable$??$?RV<lambda_123407a5e2ac06da108355a851863b7a>@@AAV<lambda_2fe9b910cf3cbf4a0ab98a02ba45b3ec>@@V<lambda_ae55bdf541ad94d75914d381c370e64d>@@@?$__crt_seh_guarded_call@H@@QAEH$$QAV<lambda_123407a5e2ac06da108355a851863b7a>@@AAV<lambda_2fe9b910cf3cbf4a0ab98a02ba45b3ec>@@$$QAV<lambda_ae55bdf541ad94d75914d381c370e64d>@@@Z 300ad660     libucrt:close.obj
 0002:00023680       __sehtable$__IsNonwritableInCurrentImage 300ad680     LIBCMT:pesect.obj
 0002:000236a0       .edata                     300ad6a0     cgamex86.exp
 0002:000236c8       rgpv                       300ad6c8     cgamex86.exp
 0002:000236d0       rgszName                   300ad6d0     cgamex86.exp
 0002:000236d8       rgwOrd                     300ad6d8     cgamex86.exp
 0002:000236dc       szName                     300ad6dc     cgamex86.exp
 0002:000236e9       $N00001                    300ad6e9     cgamex86.exp
 0002:000236f2       $N00002                    300ad6f2     cgamex86.exp
 0002:00023ca8       .idata$6                   300adca8     kernel32:KERNEL32.dll
 0002:00023cca       .idata$6                   300adcca     advapi32:ADVAPI32.dll
 0003:00001104       _bg_poolTail               300af104     bg_misc.obj
 0003:00004af0       ?headClampMinAngles@?1??BG_G2PlayerAngles@@9@9 300b2af0     bg_pmove.obj
 0003:00004afc       ?headClampMaxAngles@?1??BG_G2PlayerAngles@@9@9 300b2afc     bg_pmove.obj
 0003:00008304       _holdrand                  300b6304     q_math.obj
 0003:00008868       _g_bindings                300b6868     ui_shared.obj
 0003:00009318       ?staticNULL@?1??String_Alloc@@9@9 300b7318     ui_shared.obj
 0003:0000931c       ?squiggy@?1??PC_String_Parse@@9@9 300b731c     ui_shared.obj
 0003:00009320       _commands                  300b7320     cg_consolecmds.obj
 0003:000094ec       ?flip@?1??CG_DrawZoomMask@@9@9 300b74ec     cg_draw.obj
 0003:000094f0       ?seed@?1??CG_SmokePuff@@9@9 300b74f0     cg_effects.obj
 0003:00009610       _cvarTable                 300b7610     cg_main.obj
 0003:0000a330       _cvarTableSize             300b8330     cg_main.obj
 0003:0000a334       ?drawTeamOverlayModificationCount@?1??CG_UpdateCvars@@9@9 300b8334     cg_main.obj
 0003:0000a338       ?sb_nums@?1??CG_RegisterGraphics@@9@9 300b8338     cg_main.obj
 0003:0000a364       ?sb_t_nums@?1??CG_RegisterGraphics@@9@9 300b8364     cg_main.obj
 0003:0000a390       ?sb_c_nums@?1??CG_RegisterGraphics@@9@9 300b8390     cg_main.obj
 0003:0000a3c8       _shaderAnimNames           300b83c8     cg_marks.obj
 0003:0000a448       _shaderAnimCounts          300b8448     cg_marks.obj
 0003:0000a4c8       _shaderAnimSTRatio         300b84c8     cg_marks.obj
 0003:0000a548       ?s@?1??CG_GetKillerText@@9@9 300b8548     cg_newDraw.obj
 0003:0000a54c       ?s@?1??CG_GetGameStatusText@@9@9 300b854c     cg_newDraw.obj
 0003:0000a870       _cg_effectorStringTable    300b8870     cg_players.obj
 0003:0000a894       _cg_pushBoneNames          300b8894     cg_players.obj
 0003:0000a8b8       _cg_vehThirdPersonAlpha    300b88b8     cg_players.obj
 0003:0000a8bc       _syscall                   300b88bc     cg_syscalls.obj
 0003:0000a8d0       _cameramins                300b88d0     cg_view.obj
 0003:0000a8dc       _cameramaxs                300b88dc     cg_view.obj
 0003:0000a8e8       _cg_siegeClassIndex        300b88e8     cg_view.obj
 0003:0000a8ec       _WHITE                     300b88ec     fx_bryarpistol.obj
 0003:0000a8f8       _BRIGHT                    300b88f8     fx_bryarpistol.obj
 0003:0000a904       _WHITE                     300b8904     fx_disruptor.obj
 0003:0000a940       ?_Tlg_Microsoft_CRTProviderProv@@3U_TlgProvider_t@__vcrt_trace_logging_provider@@A 300b8940     libvcruntime:telemetry.obj
 0003:0000a980       ?__vcrt_flsindex@@3KA      300b8980     libvcruntime:per_thread_data.obj
 0003:0000a9a4       _errno_no_memory           300b89a4     libucrt:errno.obj
 0003:0000a9a8       _doserrno_no_memory        300b89a8     libucrt:errno.obj
 0003:0000a9ac       ___acrt_flsindex           300b89ac     libucrt:per_thread_data.obj
 0003:0000ab20       ___rgctypeflag             300b8b20     libucrt:mbctype.obj
 0003:0000ab28       ___rgcode_page_info        300b8b28     libucrt:mbctype.obj
 0003:0000b0c0       ?i@?1??SnapVector@@9@9     300b90c0     bg_misc.obj
 0003:0000b0c4       ?f@?1??SnapVector@@9@9     300b90c4     bg_misc.obj
 0003:0000b0c8       _bg_pool                   300b90c8     bg_misc.obj
 0003:001ff0c8       _bg_poolSize               302ad0c8     bg_misc.obj
 0003:001ff0d0       _bg_animParseIncluding     302ad0d0     bg_panimate.obj
 0003:001ff0d4       ?thoracicAngles@?1??BG_G2PlayerAngles@@9@9 302ad0d4     bg_pmove.obj
 0003:001ff0f4       _pm_flying                 302ad0f4     bg_pmove.obj
 0003:001ff0f8       ?oldLookAngles@?1??BG_UpdateLookAngles@@9@9 302ad0f8     bg_pmove.obj
 0003:001ff104       ?lookAnglesDiff@?1??BG_UpdateLookAngles@@9@9 302ad104     bg_pmove.obj
 0003:001ff110       ?ang@?1??BG_UpdateLookAngles@@9@9 302ad110     bg_pmove.obj
 0003:001ff114       ?dir@?1??BG_G2PlayerAngles@@9@9 302ad114     bg_pmove.obj
 0003:001ff118       ?i@?1??BG_G2PlayerAngles@@9@9 302ad118     bg_pmove.obj
 0003:001ff11c       ?dif@?1??BG_G2PlayerAngles@@9@9 302ad11c     bg_pmove.obj
 0003:001ff120       ?dest@?1??BG_G2PlayerAngles@@9@9 302ad120     bg_pmove.obj
 0003:001ff124       ?speed@?1??BG_G2PlayerAngles@@9@9 302ad124     bg_pmove.obj
 0003:001ff128       ?eyeAngles@?1??BG_G2PlayerAngles@@9@9 302ad128     bg_pmove.obj
 0003:001ff134       ?neckAngles@?1??BG_G2PlayerAngles@@9@9 302ad134     bg_pmove.obj
 0003:001ff140       ?velocity@?1??BG_G2PlayerAngles@@9@9 302ad140     bg_pmove.obj
 0003:001ff14c       ?torsoAngles@?1??BG_G2PlayerAngles@@9@9 302ad14c     bg_pmove.obj
 0003:001ff158       ?headAngles@?1??BG_G2PlayerAngles@@9@9 302ad158     bg_pmove.obj
 0003:001ff164       ?velPos@?1??BG_G2PlayerAngles@@9@9 302ad164     bg_pmove.obj
 0003:001ff170       ?velAng@?1??BG_G2PlayerAngles@@9@9 302ad170     bg_pmove.obj
 0003:001ff17c       ?ulAngles@?1??BG_G2PlayerAngles@@9@9 302ad17c     bg_pmove.obj
 0003:001ff188       ?llAngles@?1??BG_G2PlayerAngles@@9@9 302ad188     bg_pmove.obj
 0003:001ff194       ?viewAngles@?1??BG_G2PlayerAngles@@9@9 302ad194     bg_pmove.obj
 0003:001ff1a0       ?angles@?1??BG_G2PlayerAngles@@9@9 302ad1a0     bg_pmove.obj
 0003:001ff1b0       _SaberParms                302ad1b0     bg_saberLoad.obj
 0003:0020f1b0       _bgSaberParseTBuffer       302bd1b0     bg_saberLoad.obj
 0003:0021f1d4       ?bops_initialized@?1??BoxOnPlaneSide@@9@9 302cd1d4     q_math.obj
 0003:0021f1d8       ?Ljmptab@?1??BoxOnPlaneSide@@9@9 302cd1d8     q_math.obj
 0003:0021f1f8       ?sr@?1??AngleVectors@@9@9  302cd1f8     q_math.obj
 0003:0021f1fc       ?sp@?1??AngleVectors@@9@9  302cd1fc     q_math.obj
 0003:0021f200       ?sy@?1??AngleVectors@@9@9  302cd200     q_math.obj
 0003:0021f204       ?cr@?1??AngleVectors@@9@9  302cd204     q_math.obj
 0003:0021f208       ?cp@?1??AngleVectors@@9@9  302cd208     q_math.obj
 0003:0021f20c       ?cy@?1??AngleVectors@@9@9  302cd20c     q_math.obj
 0003:0021f210       _com_token                 302cd210     q_shared.obj
 0003:0021f610       _com_parsename             302cd610     q_shared.obj
 0003:0021fa10       _com_lines                 302cda10     q_shared.obj
 0003:0021fa14       ?index@?1??va@@9@9         302cda14     q_shared.obj
 0003:0021fa18       ?string@?1??COM_ParseError@@9@9 302cda18     q_shared.obj
 0003:00220a18       ?string@?1??COM_ParseWarning@@9@9 302cea18     q_shared.obj
 0003:00221a18       ?string@?1??va@@9@9        302cfa18     q_shared.obj
 0003:00231418       ?value@?1??Info_ValueForKey@@9@9 302df418     q_shared.obj
 0003:00235418       ?valueindex@?1??Info_ValueForKey@@9@9 302e3418     q_shared.obj
 0003:00235438       _scrollInfo                302e3438     ui_shared.obj
 0003:00235458       _captureFunc               302e3458     ui_shared.obj
 0003:0023545c       _captureData               302e345c     ui_shared.obj
 0003:00235460       _itemCapture               302e3460     ui_shared.obj
 0003:00235464       _g_waitingForKey           302e3464     ui_shared.obj
 0003:00235468       _g_editingField            302e3468     ui_shared.obj
 0003:0023546c       _g_bindItem                302e346c     ui_shared.obj
 0003:00235470       _g_editItem                302e3470     ui_shared.obj
 0003:00235474       _debugMode                 302e3474     ui_shared.obj
 0003:00235478       _lastListBoxClickTime      302e3478     ui_shared.obj
 0003:0023547c       _allocPoint                302e347c     ui_shared.obj
 0003:00235480       _memoryPool                302e3480     ui_shared.obj
 0003:00255480       _outOfMemory               30303480     ui_shared.obj
 0003:00255484       _strPoolIndex              30303484     ui_shared.obj
 0003:00255488       _strPool                   30303488     ui_shared.obj
 0003:00275488       _strHandleCount            30323488     ui_shared.obj
 0003:0027548c       ?inHandleKey@?9??Menu_HandleKey@@9@9 3032348c     ui_shared.obj
 0003:00275490       _strHandle                 30323490     ui_shared.obj
 0003:00277490       ?string@?1??PC_SourceWarning@@9@9 30325490     ui_shared.obj
 0003:00278490       ?string@?1??PC_SourceError@@9@9 30326490     ui_shared.obj
 0003:00279524       ?previousTimes@?1??CG_DrawFPS@@9@9 30327524     cg_draw.obj
 0003:00279544       ?index@?1??CG_DrawFPS@@9@9 30327544     cg_draw.obj
 0003:00279548       ?previous@?1??CG_DrawFPS@@9@9 30327548     cg_draw.obj
 0003:0027954c       ?lastupdate@?1??CG_DrawFPS@@9@9 3032754c     cg_draw.obj
 0003:00279550       _radarLockSoundDebounceTime 30327550     cg_draw.obj
 0003:00279554       _impactSoundDebounceTime   30327554     cg_draw.obj
 0003:00279558       ?oldDif@?1??CG_DrawRocketLocking@@9@9 30327558     cg_draw.obj
 0003:0027955c       ?color@?1??CG_FadeColor@@9@9 3032755c     cg_drawtools.obj
 0003:00279570       _offX                      30327570     cg_effects.obj
 0003:00279bb0       _offZ                      30327bb0     cg_effects.obj
 0003:0027a1f0       ?lastPos@?1??CG_ScorePlum@@9@9 303281f0     cg_effects.obj
 0003:0027a200       ?str@?1??CG_PlaceString@@9@9 30328200     cg_event.obj
 0003:0027a240       _cl_lightstyle             30328240     cg_light.obj
 0003:0027e440       _lastofs                   3032c440     cg_light.obj
 0003:0027e448       ?text@?1??CG_GetLocationString@@9@9 3032c448     cg_main.obj
 0003:0027e850       ?text@?1??CG_GetStringEdString@@9@9 3032c850     cg_main.obj
 0003:0027f05c       _NumMiscEnts               3032d05c     cg_main.obj
 0003:0027f060       _MiscEnts                  3032d060     cg_main.obj
 0003:0034e0e0       _Radius                    303fc0e0     cg_main.obj
 0003:00351f60       _zOffset                   303fff60     cg_main.obj
 0003:00355de0       ?buffer@?1??CG_Argv@@9@9   30403de0     cg_main.obj
 0003:003561e0       ?index@?1??CG_GetStringEdString@@9@9 304041e0     cg_main.obj
 0003:003561e4       _cg_strPoolSize            304041e4     cg_main.obj
 0003:003561e8       ?buf@?1??CG_GetMenuBuffer@@9@9 304041e8     cg_main.obj
 0003:0035e1e8       ?buf@?1??CG_LoadMenus@@9@9 3040c1e8     cg_main.obj
 0003:0035f1e8       _cg_strPool                3040d1e8     cg_main.obj
 0003:003671e8       _cg_numSpawnVars           304151e8     cg_main.obj
 0003:003671ec       _cg_numSpawnVarChars       304151ec     cg_main.obj
 0003:003671f0       _cg_spawnVars              304151f0     cg_main.obj
 0003:003673f0       _cg_spawnVarChars          304153f0     cg_main.obj
 0003:003683f0       ?item@?1??CG_Init@@9@9     304163f0     cg_main.obj
 0003:003683fc       _markTotal                 304163fc     cg_marks.obj
 0003:00368400       _shaderAnims               30416400     cg_marks.obj
 0003:0036a400       _numShaderAnims            30418400     cg_marks.obj
 0003:0036a404       _roll                      30418404     cg_marks.obj
 0003:0036a418       _lastFlyBySound            30418418     cg_players.obj
 0003:0036b424       _cg_numSolidEntities       30419424     cg_predict.obj
 0003:0036b428       _cg_pmove                  30419428     cg_predict.obj
 0003:0036b554       _cg_numTriggerEntities     30419554     cg_predict.obj
 0003:0036b558       _cg_solidEntities          30419558     cg_predict.obj
 0003:0036b958       _cg_triggerEntities        30419958     cg_predict.obj
 0003:0036bd70       _team1                     30419d70     cg_saga.obj
 0003:0036bf70       _team2                     30419f70     cg_saga.obj
 0003:0036c170       _cgParseObjectives         3041a170     cg_saga.obj
 0003:00370170       ?buf@?1??CG_SiegeObjectiveBuffer@@9@9 3041e170     cg_saga.obj
 0003:00372174       _localClient               30420174     cg_scoreboard.obj
 0003:003721d0       ?zoomSoundTime@?BE@??CG_CalcFov@@9@9 304201d0     cg_view.obj
 0003:003721d4       ?lastfov@?1??CG_DrawSkyBoxPortal@@9@9 304201d4     cg_view.obj
 0003:003721d8       _cg_rangedFogging          304201d8     cg_view.obj
 0003:003721dc       ?veh@?1??CG_DrawActiveFrame@@9@9 304201dc     cg_view.obj
 0003:003721e0       _cgWeapFrame               304201e0     cg_weapons.obj
 0003:003721e4       _cgWeapFrameTime           304201e4     cg_weapons.obj
 0003:003721e8       _g2WeaponInstances         304201e8     cg_weapons.obj
 0003:00372234       ?__proc_attached@@3HA      30420234     LIBCMT:dll_dllmain.obj
 0003:00372248       ?module_local_atexit_table@@3U_onexit_table_t@@A 30420248     LIBCMT:utility.obj
 0003:00372254       ?module_local_at_quick_exit_table@@3U_onexit_table_t@@A 30420254     LIBCMT:utility.obj
 0003:00372260       ?is_initialized_as_dll@@3_NA 30420260     LIBCMT:utility.obj
 0003:00372278       _GS_ExceptionRecord        30420278     LIBCMT:gs_report.obj
 0003:003722c8       _GS_ContextRecord          304202c8     LIBCMT:gs_report.obj
 0003:00372594       ?module_handles@@3PAPAUHINSTANCE__@@A 30420594     libvcruntime:winapi_downlevel.obj
 0003:003725a4       ?encoded_function_pointers@@3PAPAXA 304205a4     libvcruntime:winapi_downlevel.obj
 0003:003725c8       ?__vcrt_startup_thread_ptd@@3U__vcrt_ptd@@A 304205c8     libvcruntime:per_thread_data.obj
 0003:003725f0       ___vcrt_lock_table         304205f0     libvcruntime:locks.obj
 0003:00372608       ___vcrt_locks_initialized  30420608     libvcruntime:locks.obj
 0003:00372638       ?heap@@3V_HeapManager@@A   30420638     libvcruntime:undname.obj
 0003:0037264c       _c_termination_complete    3042064c     libucrt:exit.obj
 0003:00372650       _thread_local_exit_callback_func 30420650     libucrt:exit.obj
 0003:00372654       ?c_exit_complete@?5??common_exit@@YAXHW4_crt_exit_cleanup_mode@@W4_crt_exit_return_mode@@@Z@4_NA 30420654     libucrt:exit.obj
 0003:00372680       ___acrt_invalid_parameter_handler 30420680     libucrt:invalid_parameter.obj
 0003:0037289c       __pmatherr_set             3042089c     libucrt:libm_error.obj
 0003:003728a0       _enable_percent_n          304208a0     libucrt:printf_count_output.obj
 0003:003728b0       ___acrt_lock_table         304208b0     libucrt:locks.obj
 0003:003729e8       ___acrt_locks_initialized  304209e8     libucrt:locks.obj
 0003:003729f0       _module_handles            304209f0     libucrt:winapi_thunks.obj
 0003:00372a40       _encoded_function_pointers 30420a40     libucrt:winapi_thunks.obj
 0003:00372ac0       ?state_cache@?1??__acrt_is_packaged_app@@9@4JA 30420ac0     libucrt:winapi_thunks.obj
 0003:00372adc       _fSystemSet                30420adc     libucrt:mbctype.obj
 0003:00372ae0       ?initialized@?1??__acrt_initialize_multibyte@@9@4_NA 30420ae0     libucrt:mbctype.obj
 0003:00372af8       ___acrt_new_handler        30420af8     libucrt:new_handler.obj
 0003:00372afc       _ctrlc_action              30420afc     libucrt:signal.obj
 0003:00372b00       _ctrlbreak_action          30420b00     libucrt:signal.obj
 0003:00372b04       _abort_action              30420b04     libucrt:signal.obj
 0003:00372b08       _term_action               30420b08     libucrt:signal.obj
 0003:00372b0c       _user_matherr              30420b0c     libucrt:matherr.obj
 0003:00372b10       ___acrt_global_new_mode    30420b10     libucrt:new_mode.obj
 0003:00372b20       ___acrt_app_type           30420b20     libucrt:report_runtime_error.obj
 0004:00000000       __guard_fids____dcrt_uninitialize_environments_nolock 3091a000     libucrt:environment_initialization.obj
 0004:00000008       __guard_fids__             3091a008     libucrt:initialization.obj
 0004:00000068       __guard_fids____acrt_initialize_ptd 3091a068     libucrt:per_thread_data.obj
 0004:0000006c       __guard_fids____libm_error_support 3091a06c     libucrt:libm_error.obj
 0004:00000070       __guard_fids__             3091a070     libucrt:locale_initializer.obj
 0004:00000074       __guard_fids__             3091a074     libucrt:stdio_initializer.obj
 0004:00000078       __guard_fids__             3091a078     libucrt:stdio_initializer.obj
 0004:0000007c       __guard_fids__             3091a07c     libucrt:sse2_initializer.obj
 0004:00000080       __guard_fids__             3091a080     libucrt:multibyte_initializer.obj
 0004:00000084       __guard_fids__             3091a084     libucrt:console_output_initializer.obj
 0004:00000088       __guard_fids_?dllmain_crt_process_attach@@YAHQAUHINSTANCE__@@QAX@Z 3091a088     LIBCMT:dll_dllmain.obj
 0004:00000090       __guard_fids_?dllmain_dispatch@@YAHQAUHINSTANCE__@@KQAX@Z 3091a090     LIBCMT:dll_dllmain.obj
 0004:00000094       __guard_fids__             3091a094     LIBCMT:guard_support.obj
 0004:00000098       __guard_fids__             3091a098     libvcruntime:telemetry.obj
 0004:0000009c       __guard_fids_?TraceLoggingRegister@__vcrt_trace_logging_provider@@YAJPBU_TlgProvider_t@1@PBU_GUID@@P6GX1KE_K2PAU_EVENT_FILTER_DESCRIPTOR@@PAX@Z4@Z 3091a09c     libvcruntime:telemetry.obj
 0004:000000a0       __guard_fids____vcrt_initialize_ptd 3091a0a0     libvcruntime:per_thread_data.obj
 0005:000000a0       $R000000                   3091b0a0     JK2cgame.res
 0005:000003d8       $R000338                   3091b3d8     JK2cgame.res
