 jampgamex86

 Timestamp is 57a86f5b (Mon Aug  8 21:39:07 2016)

 Preferred load address is 20000000

 Start         Length     Name                   Class
 0001:00000000 0000025fH .text                   CODE
 0001:00000260 000ee6a7H .text$mn                CODE
 0002:00000000 00000100H .idata$5                DATA
 0002:00000100 00000004H .00cfg                  DATA
 0002:00000104 00000004H .CRT$XCA                DATA
 0002:00000108 00000004H .CRT$XCZ                DATA
 0002:0000010c 00000004H .CRT$XIA                DATA
 0002:00000110 0000000cH .CRT$XIC                DATA
 0002:0000011c 00000004H .CRT$XIZ                DATA
 0002:00000120 00000004H .CRT$XPA                DATA
 0002:00000124 00000008H .CRT$XPX                DATA
 0002:0000012c 00000004H .CRT$XPXA               DATA
 0002:00000130 00000004H .CRT$XPZ                DATA
 0002:00000134 00000004H .CRT$XTA                DATA
 0002:00000138 00000004H .CRT$XTZ                DATA
 0002:00000140 00022144H .rdata                  DATA
 0002:00022284 00000000H .rdata$r                DATA
 0002:00022290 0000000cH .rdata$sxdata           DATA
 0002:000222a0 00000010H .rdata$zETW0            DATA
 0002:000222b0 00000077H .rdata$zETW1            DATA
 0002:00022327 0000002cH .rdata$zETW2            DATA
 0002:00022353 00000001H .rdata$zETW9            DATA
 0002:00022354 00000380H .rdata$zzzdbg           DATA
 0002:000226d4 00000004H .rtc$IAA                DATA
 0002:000226d8 00000004H .rtc$IZZ                DATA
 0002:000226dc 00000004H .rtc$TAA                DATA
 0002:000226e0 00000004H .rtc$TZZ                DATA
 0002:000226e8 0000038cH .xdata$x                DATA
 0002:00022a80 0000005cH .edata                  DATA
 0002:00022adc 00000028H .idata$2                DATA
 0002:00022b04 00000014H .idata$3                DATA
 0002:00022b18 00000100H .idata$4                DATA
 0002:00022c18 000004a0H .idata$6                DATA
 0003:00000000 0000ab50H .data                   DATA
 0003:0000ab50 00000000H .data$r                 DATA
 0003:0000ab60 007562e4H .bss                    DATA
 0004:00000000 00000088H .gfids$x                DATA
 0004:00000088 0000001cH .gfids$y                DATA
 0005:00000000 00000030H _RDATA                  DATA
 0006:00000000 000000a0H .rsrc$01                DATA
 0006:000000a0 000004a8H .rsrc$02                DATA

  Address         Publics by Value              Rva+Base       Lib:Object

 0000:00000000       __except_list              00000000     <absolute>
 0000:00000000       ___guard_longjmp_table     00000000     <absolute>
 0000:00000000       ___guard_fids_count        00000000     <absolute>
 0000:00000000       ___guard_iat_table         00000000     <absolute>
 0000:00000000       ___guard_iat_count         00000000     <absolute>
 0000:00000000       ___guard_fids_table        00000000     <absolute>
 0000:00000000       ___guard_longjmp_count     00000000     <absolute>
 0000:00000003       ___safe_se_handler_count   00000003     <absolute>
 0000:00000100       ___guard_flags             00000100     <absolute>
 0000:00000000       ___ImageBase               20000000     <linker-defined>
 0001:00000000       ?TraceLoggingRegister@__vcrt_trace_logging_provider@@YAJPBU_TlgProvider_t@1@PBU_GUID@@P6GX1KE_K2PAU_EVENT_FILTER_DESCRIPTOR@@PAX@Z4@Z 20001000 f i libvcruntime:telemetry.obj
 0001:0000005d       ?TraceLoggingSetInformation@__vcrt_trace_logging_provider@@YAJPBU_TlgProvider_t@1@W4_EVENT_INFO_CLASS@@PAXK@Z 2000105d f i libvcruntime:telemetry.obj
 0001:00000088       ?TraceLoggingUnregister@__vcrt_trace_logging_provider@@YAXPBU_TlgProvider_t@1@@Z 20001088 f i libvcruntime:telemetry.obj
 0001:000000a7       ?_TlgCreateSz@__vcrt_trace_logging_provider@@YAXPAU_EVENT_DATA_DESCRIPTOR@@PBD@Z 200010a7 f i libvcruntime:telemetry.obj
 0001:000000df       ?_TlgCreateWsz@__vcrt_trace_logging_provider@@YAXPAU_EVENT_DATA_DESCRIPTOR@@PB_W@Z 200010df f i libvcruntime:telemetry.obj
 0001:00000123       ?_TlgEnableCallback@__vcrt_trace_logging_provider@@YGXPBU_GUID@@KE_K1PAU_EVENT_FILTER_DESCRIPTOR@@PAX@Z 20001123 f i libvcruntime:telemetry.obj
 0001:0000019b       ?_TlgKeywordOn@__vcrt_trace_logging_provider@@YAEPBU_TlgProvider_t@1@_K@Z 2000119b f i libvcruntime:telemetry.obj
 0001:000001d7       ?_TlgWrite@__vcrt_trace_logging_provider@@YAJPBU_TlgProvider_t@1@PBXPBU_GUID@@2IPAU_EVENT_DATA_DESCRIPTOR@@@Z 200011d7 f i libvcruntime:telemetry.obj
 0001:00000260       _AltFiring                 20001260 f   ai_main.obj
 0001:000002a0       _BotAI                     200012a0 f   ai_main.obj
 0001:000004f0       _BotAILoadMap              200014f0 f   ai_main.obj
 0001:00000670       _BotAISetup                20001670 f   ai_main.obj
 0001:000007d0       _BotAISetupClient          200017d0 f   ai_main.obj
 0001:00000970       _BotAIShutdown             20001970 f   ai_main.obj
 0001:000009c0       _BotAIShutdownClient       200019c0 f   ai_main.obj
 0001:00000a30       _BotAIStartFrame           20001a30 f   ai_main.obj
 0001:00000c20       _BotAimLeading             20001c20 f   ai_main.obj
 0001:00000df0       _BotAimOffsetGoalAngles    20001df0 f   ai_main.obj
 0001:00001130       _BotCTFGuardDuty           20002130 f   ai_main.obj
 0001:00001160       _BotCanHear                20002160 f   ai_main.obj
 0001:00001290       _BotChangeViewAngles       20002290 f   ai_main.obj
 0001:000014e0       _BotCheckDetPacks          200024e0 f   ai_main.obj
 0001:00001670       _BotDamageNotification     20002670 f   ai_main.obj
 0001:000017b0       _BotDeathNotify            200027b0 f   ai_main.obj
 0001:000019f0       _BotDoTeamplayAI           200029f0 f   ai_main.obj
 0001:00001a30       _BotFallbackNavigation     20002a30 f   ai_main.obj
 0001:00001ba0       _BotGetEnemyFlag           20002ba0 f   ai_main.obj
 0001:00001c50       _BotGetFlagBack            20002c50 f   ai_main.obj
 0001:00001db0       _BotDefendFlag             20002db0 f   ai_main.obj
 0001:00001db0       _BotGetFlagHome            20002db0 f   ai_main.obj
 0001:00001e60       _BotGetWeaponRange         20002e60 f   ai_main.obj
 0001:00001ed0       _BotGuardFlagCarrier       20002ed0 f   ai_main.obj
 0001:00002030       _BotHasAssociated          20003030 f   ai_main.obj
 0001:000020e0       _BotInputToUserCommand     200030e0 f   ai_main.obj
 0001:00002360       _BotIsAChickenWuss         20003360 f   ai_main.obj
 0001:000024f0       _BotMindTricked            200034f0 f   ai_main.obj
 0001:00002580       _BotPVSCheck               20003580 f   ai_main.obj
 0001:00002600       _BotReplyGreetings         20003600 f   ai_main.obj
 0001:00002680       _BotScanForLeader          20003680 f   ai_main.obj
 0001:00002720       _BotScheduleBotThink       20003720 f   ai_main.obj
 0001:000027a0       _BotSelectChoiceWeapon     200037a0 f   ai_main.obj
 0001:00002830       _BotSelectIdealWeapon      20003830 f   ai_main.obj
 0001:00002a10       _BotSurfaceNear            20003a10 f   ai_main.obj
 0001:00002ac0       _BotTrace_Duck             20003ac0 f   ai_main.obj
 0001:00002c80       _BotTrace_Jump             20003c80 f   ai_main.obj
 0001:00002ea0       _BotTrace_Strafe           20003ea0 f   ai_main.obj
 0001:00003270       _BotTryAnotherWeapon       20004270 f   ai_main.obj
 0001:000032f0       _BotUpdateInput            200042f0 f   ai_main.obj
 0001:00003420       _BotUseInventoryItem       20004420 f   ai_main.obj
 0001:00003500       _BotWeaponBlockable        20004500 f   ai_main.obj
 0001:00003540       _BotWeaponCanLead          20004540 f   ai_main.obj
 0001:000035a0       _BotWeaponSelectable       200045a0 f   ai_main.obj
 0001:000035f0       _Bot_SetForcedMovement     200045f0 f   ai_main.obj
 0001:00003650       _CTFFlagMovement           20004650 f   ai_main.obj
 0001:00003970       _CTFTakesPriority          20004970 f   ai_main.obj
 0001:00003ce0       _CheckForFriendInLOF       20004ce0 f   ai_main.obj
 0001:00003e40       _CheckForFunc              20004e40 f   ai_main.obj
 0001:00003ef0       _CheckForShorterRoutes     20004ef0 f   ai_main.obj
 0001:00004070       _CombatBotAI               20005070 f   ai_main.obj
 0001:00004300       _CommanderBotAI            20005300 f   ai_main.obj
 0001:00004330       _CommanderBotCTFAI         20005330 f   ai_main.obj
 0001:000045d0       _CommanderBotSiegeAI       200055d0 f   ai_main.obj
 0001:00004700       _CommanderBotTeamplayAI    20005700 f   ai_main.obj
 0001:00004910       _EntityVisibleBox          20005910 f   ai_main.obj
 0001:00004980       _GetBestIdleGoal           20005980 f   ai_main.obj
 0001:00004ad0       _GetIdealDestination       20005ad0 f   ai_main.obj
 0001:00005240       _GetLoveLevel              20006240 f   ai_main.obj
 0001:00005320       _GetNearestBadThing        20006320 f   ai_main.obj
 0001:00005730       _GetNearestVisibleWP       20006730 f   ai_main.obj
 0001:000058c0       _GetNewFlagPoint           200068c0 f   ai_main.obj
 0001:00005aa0       _InFieldOfVision           20006aa0 f   ai_main.obj
 0001:00005b90       _JMTakesPriority           20006b90 f   ai_main.obj
 0001:00005c90       _KeepAltFromFiring         20006c90 f   ai_main.obj
 0001:00005cd0       _KeepPrimFromFiring        20006cd0 f   ai_main.obj
 0001:00005d10       _MeleeCombatHandling       20006d10 f   ai_main.obj
 0001:00005fc0       _MoveTowardIdealAngles     20006fc0 f   ai_main.obj
 0001:00005ff0       _OrgVisible                20006ff0 f   ai_main.obj
 0001:00006040       _OrgVisibleBox             20007040 f   ai_main.obj
 0001:000060b0       _PassLovedOneCheck         200070b0 f   ai_main.obj
 0001:000061e0       _PassStandardEnemyChecks   200071e0 f   ai_main.obj
 0001:000063e0       _PassWayCheck              200073e0 f   ai_main.obj
 0001:00006480       _PlayersInGame             20007480 f   ai_main.obj
 0001:000064c0       _PrimFiring                200074c0 f   ai_main.obj
 0001:00006500       _RemoveColorEscapeSequences 20007500 f   ai_main.obj
 0001:00006560       _SaberCombatHandling       20007560 f   ai_main.obj
 0001:00006cc0       _ScanForEnemies            20007cc0 f   ai_main.obj
 0001:00007000       _ShouldSecondaryFire       20008000 f   ai_main.obj
 0001:00007160       _SiegeTakesPriority        20008160 f   ai_main.obj
 0001:000073d0       _Siege_CountDefenders      200083d0 f   ai_main.obj
 0001:00007440       _Siege_CountTeammates      20008440 f   ai_main.obj
 0001:000074a0       _Siege_DefendFromAttackers 200084a0 f   ai_main.obj
 0001:000075f0       _Siege_TargetClosestObjective 200085f0 f   ai_main.obj
 0001:00007910       _StandardBotAI             20008910 f   ai_main.obj
 0001:0000aab0       _StrafeTracing             2000bab0 f   ai_main.obj
 0001:0000ac80       _TotalTrailDistance        2000bc80 f   ai_main.obj
 0001:0000ad10       _WPConstantRoutine         2000bd10 f   ai_main.obj
 0001:0000aec0       _WPOrgVisible              2000bec0 f   ai_main.obj
 0001:0000af90       _WPTouchRoutine            2000bf90 f   ai_main.obj
 0001:0000b1d0       _WaitingForNow             2000c1d0 f   ai_main.obj
 0001:0000b2f0       _B_Alloc                   2000c2f0 f   ai_util.obj
 0001:0000b300       _B_InitAlloc               2000c300 f   ai_util.obj
 0001:0000b320       _B_TempAlloc               2000c320 f   ai_util.obj
 0001:0000b330       _B_TempFree                2000c330 f   ai_util.obj
 0001:0000b340       _BotDoChat                 2000c340 f   ai_util.obj
 0001:0000b610       _BotUtilizePersonality     2000c610 f   ai_util.obj
 0001:0000bc40       _GetPairedValue            2000cc40 f   ai_util.obj
 0001:0000bd70       _GetValueGroup             2000cd70 f   ai_util.obj
 0001:0000be50       _ParseEmotionalAttachments 2000ce50 f   ai_util.obj
 0001:0000bfa0       _ReadChatGroups            2000cfa0 f   ai_util.obj
 0001:0000c040       _AcceptBotCommand          2000d040 f   ai_wpnav.obj
 0001:0000c5a0       _BeginAutoPathRoutine      2000d5a0 f   ai_wpnav.obj
 0001:0000c750       _BotWaypointRender         2000d750 f   ai_wpnav.obj
 0001:0000ca50       _CalculateJumpRoutes       2000da50 f   ai_wpnav.obj
 0001:0000cb60       _CalculatePaths            2000db60 f   ai_wpnav.obj
 0001:0000cde0       _CalculateSiegeGoals       2000dde0 f   ai_wpnav.obj
 0001:0000cfa0       _CalculateWeightGoals      2000dfa0 f   ai_wpnav.obj
 0001:0000d300       _CanForceJumpTo            2000e300 f   ai_wpnav.obj
 0001:0000d460       _CanGetToVectorTravel      2000e460 f   ai_wpnav.obj
 0001:0000d930       _ConnectTrail              2000e930 f   ai_wpnav.obj
 0001:0000e7b0       _CreateNewWP               2000f7b0 f   ai_wpnav.obj
 0001:0000e8f0       _CreateNewWP_FromObject    2000f8f0 f   ai_wpnav.obj
 0001:0000eab0       _CreateNewWP_InTrail       2000fab0 f   ai_wpnav.obj
 0001:0000ec50       _CreateNewWP_InsertUnder   2000fc50 f   ai_wpnav.obj
 0001:0000ee00       _DoorBlockingSection       2000fe00 f   ai_wpnav.obj
 0001:0000eef0       _FlagObjects               2000fef0 f   ai_wpnav.obj
 0001:0000f2b0       _G_BackwardAttachment      200102b0 f   ai_wpnav.obj
 0001:0000f470       _G_NearestNodeToPoint      20010470 f   ai_wpnav.obj
 0001:0000f550       _G_NodeClearFlags          20010550 f   ai_wpnav.obj
 0001:0000f570       _G_NodeClearForNext        20010570 f   ai_wpnav.obj
 0001:0000f5a0       _G_NodeMatchingXY_BA       200105a0 f   ai_wpnav.obj
 0001:0000f610       _G_RMGPathing              20010610 f   ai_wpnav.obj
 0001:0000f9d0       _G_RecursiveConnection     200109d0 f   ai_wpnav.obj
 0001:0000fc10       _G_TestLine                20010c10 f   ai_wpnav.obj
 0001:0000fc70       _GetClosestSpawn           20010c70 f   ai_wpnav.obj
 0001:0000fd80       _GetFlagStr                20010d80 f   ai_wpnav.obj
 0001:0000fef0       _GetNearestVisibleWPToItem 20010ef0 f   ai_wpnav.obj
 0001:00010060       _GetNextSpawnInIndex       20011060 f   ai_wpnav.obj
 0001:00010140       _LoadPathData              20011140 f   ai_wpnav.obj
 0001:000104e0       _LoadPath_ThisLevel        200114e0 f   ai_wpnav.obj
 0001:00010690       _NodeHere                  20011690 f   ai_wpnav.obj
 0001:00010720       _OpposingEnds              20011720 f   ai_wpnav.obj
 0001:00010770       _OrgVisibleCurve           20011770 f   ai_wpnav.obj
 0001:00010830       _RemoveWP                  20011830 f   ai_wpnav.obj
 0001:00010870       _RemoveWP_InTrail          20011870 f   ai_wpnav.obj
 0001:00010940       _RepairPaths               20011940 f   ai_wpnav.obj
 0001:00010b10       _SavePathData              20011b10 f   ai_wpnav.obj
 0001:00010ed0       _TeleportToWP              20011ed0 f   ai_wpnav.obj
 0001:00010f90       _TransferWPData            20011f90 f   ai_wpnav.obj
 0001:00011090       _WPFlagsModify             20012090 f   ai_wpnav.obj
 0001:000115b0       _G_SetAnimalVehicleFunctions 200125b0 f   AnimalNPC.obj
 0001:000118c0       _BG_AttachToRancor         200128c0 f   bg_g2_utils.obj
 0001:00011b20       _BG_GetRootSurfNameWithVariant 20012b20 f   bg_g2_utils.obj
 0001:00011bb0       _BG_AddPredictableEventToPlayerstate 20012bb0 f   bg_misc.obj
 0001:00011bf0       _BG_Alloc                  20012bf0 f   bg_misc.obj
 0001:00011c40       _BG_CanItemBeGrabbed       20012c40 f   bg_misc.obj
 0001:00011f50       _BG_CanUseFPNow            20012f50 f   bg_misc.obj
 0001:00012040       _BG_CycleInven             20013040 f   bg_misc.obj
 0001:00012110       _BG_EmplacedView           20013110 f   bg_misc.obj
 0001:000121d0       _BG_EvaluateTrajectory     200131d0 f   bg_misc.obj
 0001:00012440       _BG_EvaluateTrajectoryDelta 20013440 f   bg_misc.obj
 0001:00012650       _BG_FileExists             20013650 f   bg_misc.obj
 0001:00012690       _BG_FindItem               20013690 f   bg_misc.obj
 0001:000126d0       _BG_FindItemForAmmo        200136d0 f   bg_misc.obj
 0001:00012710       _BG_FindItemForHoldable    20013710 f   bg_misc.obj
 0001:00012770       _BG_FindItemForPowerup     20013770 f   bg_misc.obj
 0001:000127d0       _BG_FindItemForWeapon      200137d0 f   bg_misc.obj
 0001:00012810       _BG_GetItemIndexByTag      20013810 f   bg_misc.obj
 0001:00012850       _BG_HasYsalamiri           20013850 f   bg_misc.obj
 0001:00012890       _BG_IsItemSelectable       20013890 f   bg_misc.obj
 0001:000128b0       _BG_IsValidCharacterModel  200138b0 f   bg_misc.obj
 0001:00012910       _BG_LegalizedForcePowers   20013910 f   bg_misc.obj
 0001:00012db0       _BG_ModelCache             20013db0 f   bg_misc.obj
 0001:00012e10       _BG_ParseField             20013e10 f   bg_misc.obj
 0001:00012fa0       _BG_PlayerStateToEntityState 20013fa0 f   bg_misc.obj
 0001:00013460       _BG_PlayerStateToEntityStateExtraPolate 20014460 f   bg_misc.obj
 0001:00013930       _BG_PlayerTouchesItem      20014930 f   bg_misc.obj
 0001:000139c0       _BG_TempAlloc              200149c0 f   bg_misc.obj
 0001:00013a00       _BG_TempFree               20014a00 f   bg_misc.obj
 0001:00013a50       _BG_TouchJumpPad           20014a50 f   bg_misc.obj
 0001:00013ad0       _BG_ValidateSkinForTeam    20014ad0 f   bg_misc.obj
 0001:00013d30       ___local_stdio_scanf_options 20014d30 f i bg_misc.obj
 0001:00013d40       _sscanf                    20014d40 f i bg_misc.obj
 0001:00013d70       _vectoyaw                  20014d70 f   bg_misc.obj
 0001:00013e20       _BG_AnimLength             20014e20 f   bg_panimate.obj
 0001:00013e80       _BG_AnimsetAlloc           20014e80 f   bg_panimate.obj
 0001:00013eb0       _BG_BrokenParryForAttack   20014eb0 f   bg_panimate.obj
 0001:00013f30       _BG_BrokenParryForParry    20014f30 f   bg_panimate.obj
 0001:00014050       _BG_CrouchAnim             20015050 f   bg_panimate.obj
 0001:00014180       _BG_FlippingAnim           20015180 f   bg_panimate.obj
 0001:00014260       _BG_FullBodyTauntAnim      20015260 f   bg_panimate.obj
 0001:000142a0       _BG_HasAnimation           200152a0 f   bg_panimate.obj
 0001:000142f0       _BG_InBackFlip             200152f0 f   bg_panimate.obj
 0001:00014310       _BG_InDeathAnim            20015310 f   bg_panimate.obj
 0001:00014350       _BG_InExtraDefenseSaberMove 20015350 f   bg_panimate.obj
 0001:000143b0       _BG_InGrappleMove          200153b0 f   bg_panimate.obj
 0001:00014400       _BG_InKataAnim             20015400 f   bg_panimate.obj
 0001:00014420       _BG_InKnockDownOnGround    20015420 f   bg_panimate.obj
 0001:000144b0       _BG_InKnockDownOnly        200154b0 f   bg_panimate.obj
 0001:000144d0       _BG_InReboundHold          200154d0 f   bg_panimate.obj
 0001:000144f0       _BG_InReboundJump          200154f0 f   bg_panimate.obj
 0001:00014510       _BG_InRoll                 20015510 f   bg_panimate.obj
 0001:000145a0       _BG_InSaberLock            200155a0 f   bg_panimate.obj
 0001:00014660       _BG_InSaberLockOld         20015660 f   bg_panimate.obj
 0001:000146a0       _BG_InSaberStandAnim       200156a0 f   bg_panimate.obj
 0001:000146d0       _BG_InSpecialJump          200156d0 f   bg_panimate.obj
 0001:000147d0       _BG_InitAnimsets           200157d0 f   bg_panimate.obj
 0001:000147f0       _BG_KickMove               200157f0 f   bg_panimate.obj
 0001:00014810       _BG_KickingAnim            20015810 f   bg_panimate.obj
 0001:00014870       _BG_KnockawayForParry      20015870 f   bg_panimate.obj
 0001:000148c0       _BG_ParseAnimationFile     200158c0 f   bg_panimate.obj
 0001:00014bf0       _BG_PickAnim               20015bf0 f   bg_panimate.obj
 0001:00014c60       _BG_SaberInAttack          20015c60 f   bg_panimate.obj
 0001:00014c90       _BG_SaberInIdle            20015c90 f   bg_panimate.obj
 0001:00014ca0       _BG_SaberInKata            20015ca0 f   bg_panimate.obj
 0001:00014cc0       _BG_SaberInSpecial         20015cc0 f   bg_panimate.obj
 0001:00014ce0       _BG_SaberInSpecialAttack   20015ce0 f   bg_panimate.obj
 0001:00014e40       _BG_SaberInTransitionAny   20015e40 f   bg_panimate.obj
 0001:00014e70       _BG_SaberLockBreakAnim     20015e70 f   bg_panimate.obj
 0001:00014f30       _BG_SaberStartTransAnim    20015f30 f   bg_panimate.obj
 0001:00015000       _BG_SetAnim                20016000 f   bg_panimate.obj
 0001:000150b0       _BG_SetAnimFinal           200160b0 f   bg_panimate.obj
 0001:00015330       _BG_SetLegsAnimTimer       20016330 f   bg_panimate.obj
 0001:00015350       _BG_SetTorsoAnimTimer      20016350 f   bg_panimate.obj
 0001:00015370       _BG_SpinningSaberAnim      20016370 f   bg_panimate.obj
 0001:000155d0       _BG_StabDownAnim           200165d0 f   bg_panimate.obj
 0001:00015640       _BG_StartTorsoAnim         20016640 f   bg_panimate.obj
 0001:00015680       _BG_SuperBreakLoseAnim     20016680 f   bg_panimate.obj
 0001:00015710       _BG_SuperBreakWinAnim      20016710 f   bg_panimate.obj
 0001:000157a0       _PM_AnimLength             200167a0 f   bg_panimate.obj
 0001:00015820       _PM_CanRollFromSoulCal     20016820 f   bg_panimate.obj
 0001:00015850       _PM_ContinueLegsAnim       20016850 f   bg_panimate.obj
 0001:00015880       _PM_ForceLegsAnim          20016880 f   bg_panimate.obj
 0001:00015930       _PM_InCartwheel            20016930 f   bg_panimate.obj
 0001:00015960       _PM_InKnockDown            20016960 f   bg_panimate.obj
 0001:000159c0       _PM_InOnGroundAnim         200169c0 f   bg_panimate.obj
 0001:00015a00       _PM_InRollComplete         20016a00 f   bg_panimate.obj
 0001:00015a30       _PM_InSaberAnim            20016a30 f   bg_panimate.obj
 0001:00015a50       _PM_JumpingAnim            20016a50 f   bg_panimate.obj
 0001:00015a70       _PM_LandingAnim            20016a70 f   bg_panimate.obj
 0001:00015ac0       _PM_PainAnim               20016ac0 f   bg_panimate.obj
 0001:00015ae0       _PM_SaberBounceForAttack   20016ae0 f   bg_panimate.obj
 0001:00015b60       _PM_SaberDeflectionForQuad 20016b60 f   bg_panimate.obj
 0001:00015bd0       _PM_SaberInDeflect         20016bd0 f   bg_panimate.obj
 0001:00015bf0       _PM_SaberInKnockaway       20016bf0 f   bg_panimate.obj
 0001:00015c10       _PM_SaberInParry           20016c10 f   bg_panimate.obj
 0001:00015c30       _PM_SaberInReflect         20016c30 f   bg_panimate.obj
 0001:00015c50       _BG_SaberInReturn          20016c50 f   bg_panimate.obj
 0001:00015c50       _PM_SaberInReturn          20016c50 f   bg_panimate.obj
 0001:00015c70       _PM_SaberInStart           20016c70 f   bg_panimate.obj
 0001:00015c90       _PM_SaberInTransition      20016c90 f   bg_panimate.obj
 0001:00015cb0       _PM_SetAnim                20016cb0 f   bg_panimate.obj
 0001:00015ce0       _PM_SpinningAnim           20016ce0 f   bg_panimate.obj
 0001:00015cf0       _PM_StartTorsoAnim         20016cf0 f   bg_panimate.obj
 0001:00015d30       _BG_AdjustClientSpeed      20016d30 f   bg_pmove.obj
 0001:000160a0       _BG_CmdForRoll             200170a0 f   bg_pmove.obj
 0001:00016270       _BG_G2ATSTAngles           20017270 f   bg_pmove.obj
 0001:00016880       _BG_G2PlayerAngles         20017880 f   bg_pmove.obj
 0001:000174e0       _BG_IK_MoveArm             200184e0 f   bg_pmove.obj
 0001:000179a0       _BG_InKnockDown            200189a0 f   bg_pmove.obj
 0001:000179f0       _BG_InRoll2                200189f0 f   bg_pmove.obj
 0001:00017a80       _BG_InSlopeAnim            20018a80 f   bg_pmove.obj
 0001:00017aa0       _BG_KnockDownable          20018aa0 f   bg_pmove.obj
 0001:00017ac0       _BG_SabersOff              20018ac0 f   bg_pmove.obj
 0001:00017cb0       _BG_UnrestrainedPitchRoll  20018cb0 f   bg_pmove.obj
 0001:00017d00       _BG_UpdateLookAngles       20018d00 f   bg_pmove.obj
 0001:00017ed0       _BG_VehicleAdjustBBoxForOrientation 20018ed0 f   bg_pmove.obj
 0001:00018350       _BG_VehicleTurnRateForSpeed 20019350 f   bg_pmove.obj
 0001:000185c0       _PM_AddEvent               200195c0 f   bg_pmove.obj
 0001:000185e0       _PM_AddTouchEnt            200195e0 f   bg_pmove.obj
 0001:00018630       _PM_AdjustAngleForWallJump 20019630 f   bg_pmove.obj
 0001:00018a90       _PM_AdjustAngleForWallRun  20019a90 f   bg_pmove.obj
 0001:00018eb0       _PM_AdjustAngleForWallRunUp 20019eb0 f   bg_pmove.obj
 0001:000192e0       _PM_AdjustAttackStates     2001a2e0 f   bg_pmove.obj
 0001:00019600       _PM_AdjustStandAnimForSlope 2001a600 f   bg_pmove.obj
 0001:00019e90       _PM_BGEntForNum            2001ae90 f   bg_pmove.obj
 0001:00019ec0       _PM_BeginWeaponChange      2001aec0 f   bg_pmove.obj
 0001:00019f60       _PM_CheckDualForwardJumpDuck 2001af60 f   bg_pmove.obj
 0001:0001a420       _PM_CheckFixMins           2001b420 f   bg_pmove.obj
 0001:0001c0b0       _PM_ClipVelocity           2001d0b0 f   bg_pmove.obj
 0001:0001d420       _PM_FinishWeaponChange     2001e420 f   bg_pmove.obj
 0001:0001d920       _PM_FootSlopeTrace         2001e920 f   bg_pmove.obj
 0001:0001e320       _PM_ForceJumpingUp         2001f320 f   bg_pmove.obj
 0001:0001e650       _PM_GetOkWeaponForVehicle  2001f650 f   bg_pmove.obj
 0001:0001e690       _PM_GetSaberStance         2001f690 f   bg_pmove.obj
 0001:0001e720       _PM_GrabWallForJump        2001f720 f   bg_pmove.obj
 0001:0001ee10       _PM_HoverTrace             2001fe10 f   bg_pmove.obj
 0001:0001f320       _PM_LegsSlopeBackTransition 20020320 f   bg_pmove.obj
 0001:0001f3c0       _PM_MoveForKata            200203c0 f   bg_pmove.obj
 0001:0001f7f0       _PM_RocketLock             200207f0 f   bg_pmove.obj
 0001:0001fb50       _PM_RollingAnim            20020b50 f   bg_pmove.obj
 0001:0001fb70       _PM_RunningAnim            20020b70 f   bg_pmove.obj
 0001:0001fbc0       _PM_SetForceJumpZStart     20020bc0 f   bg_pmove.obj
 0001:0001fcf0       _PM_SetPMViewAngle         20020cf0 f   bg_pmove.obj
 0001:0001fd70       _PM_SetSpecialMoveValues   20020d70 f   bg_pmove.obj
 0001:000202e0       _PM_SwimmingAnim           200212e0 f   bg_pmove.obj
 0001:00020620       _PM_UpdateViewAngles       20021620 f   bg_pmove.obj
 0001:00020830       _PM_Use                    20021830 f   bg_pmove.obj
 0001:00020890       _PM_VehFaceHyperspacePoint 20021890 f   bg_pmove.obj
 0001:00020b90       _PM_VehForcedTurning       20021b90 f   bg_pmove.obj
 0001:00020df0       _PM_VehicleViewAngles      20021df0 f   bg_pmove.obj
 0001:00020fa0       _PM_VehicleWeaponAnimate   20021fa0 f   bg_pmove.obj
 0001:000218c0       _PM_WalkingAnim            200228c0 f   bg_pmove.obj
 0001:00023410       _PM_WeaponOkOnVehicle      20024410 f   bg_pmove.obj
 0001:00023430       _PM_pitch_roll_for_slope   20024430 f   bg_pmove.obj
 0001:00023780       _Pmove                     20024780 f   bg_pmove.obj
 0001:00023830       _PmoveSingle               20024830 f   bg_pmove.obj
 0001:00024c50       _BG_CheckIncrementLockAnim 20025c50 f   bg_saber.obj
 0001:00024d00       _BG_EnoughForcePowerForMove 20025d00 f   bg_saber.obj
 0001:00024d30       _BG_ForcePowerDrain        20025d30 f   bg_saber.obj
 0001:00024df0       _PM_BrokenParryForParry    20025df0 f   bg_saber.obj
 0001:00024f00       _PM_CanBackstab            20025f00 f   bg_saber.obj
 0001:00025050       _PM_CanDoKata              20026050 f   bg_saber.obj
 0001:00025130       _PM_CheckAltKickAttack     20026130 f   bg_saber.obj
 0001:00025180       _PM_CheckStabDown          20026180 f   bg_saber.obj
 0001:00025300       _PM_GroundDistance         20026300 f   bg_saber.obj
 0001:000253e0       _PM_KickMoveForConditions  200263e0 f   bg_saber.obj
 0001:00025420       _PM_SaberAnimTransitionAnim 20026420 f   bg_saber.obj
 0001:000255a0       _PM_SaberAttackChainAngle  200265a0 f   bg_saber.obj
 0001:000255e0       _PM_SaberAttackForMovement 200265e0 f   bg_saber.obj
 0001:00026350       _PM_SaberBackflipAttackMove 20027350 f   bg_saber.obj
 0001:00026370       _PM_SaberFlipOverAttackMove 20027370 f   bg_saber.obj
 0001:00026430       _PM_SaberInBounce          20027430 f   bg_saber.obj
 0001:00026460       _PM_SaberInBrokenParry     20027460 f   bg_saber.obj
 0001:00026490       _PM_SaberJumpAttackMove    20027490 f   bg_saber.obj
 0001:00026550       _PM_SaberKataDone          20027550 f   bg_saber.obj
 0001:00026680       _PM_SaberLockBreak         20027680 f   bg_saber.obj
 0001:00026a40       _PM_SaberLockLoseAnim      20027a40 f   bg_saber.obj
 0001:00026b30       _PM_SaberLockResultAnim    20027b30 f   bg_saber.obj
 0001:00026c10       _PM_SaberLockWinAnim       20027c10 f   bg_saber.obj
 0001:00026d70       _PM_SaberLocked            20027d70 f   bg_saber.obj
 0001:00027160       _PM_SaberLungeAttackMove   20028160 f   bg_saber.obj
 0001:00027200       _PM_SaberMoveQuadrantForMovement 20028200 f   bg_saber.obj
 0001:00027260       _PM_SaberPowerCheck        20028260 f   bg_saber.obj
 0001:000272c0       _PM_SetSaberMove           200282c0 f   bg_saber.obj
 0001:000278f0       _PM_WalkableGroundDistance 200288f0 f   bg_saber.obj
 0001:000279f0       _PM_WeaponLightsaber       200289f0 f   bg_saber.obj
 0001:00029730       _PM_irand_timesync         2002a730 f   bg_saber.obj
 0001:00029790       _BG_ParseLiteral           2002a790 f   bg_saberLoad.obj
 0001:000297f0       _TranslateSaberColor       2002a7f0 f   bg_saberLoad.obj
 0001:000298b0       _TranslateSaberStyle       2002a8b0 f   bg_saberLoad.obj
 0001:00029970       _WP_RemoveSaber            2002a970 f   bg_saberLoad.obj
 0001:00029a10       _WP_SaberLoadParms         2002aa10 f   bg_saberLoad.obj
 0001:00029b30       _WP_SaberParseParm         2002ab30 f   bg_saberLoad.obj
 0001:00029c70       _WP_SaberParseParms        2002ac70 f   bg_saberLoad.obj
 0001:0002a730       _WP_SaberSetDefaults       2002b730 f   bg_saberLoad.obj
 0001:0002a960       _WP_SaberValidForPlayerInMP 2002b960 f   bg_saberLoad.obj
 0001:0002a9c0       _WP_SetSaber               2002b9c0 f   bg_saberLoad.obj
 0001:0002aa70       _BG_PrecacheSabersForSiegeTeam 2002ba70 f   bg_saga.obj
 0001:0002ab50       _BG_SiegeCheckClassLegality 2002bb50 f   bg_saga.obj
 0001:0002abf0       _BG_SiegeFindClassIndexByName 2002bbf0 f   bg_saga.obj
 0001:0002ac40       _BG_SiegeFindTeamForTheme  2002bc40 f   bg_saga.obj
 0001:0002aca0       _BG_SiegeFindThemeForTeam  2002bca0 f   bg_saga.obj
 0001:0002acc0       _BG_SiegeGetPairedValue    2002bcc0 f   bg_saga.obj
 0001:0002af20       _BG_SiegeGetValueGroup     2002bf20 f   bg_saga.obj
 0001:0002b230       _BG_SiegeLoadClasses       2002c230 f   bg_saga.obj
 0001:0002b300       _BG_SiegeLoadTeams         2002c300 f   bg_saga.obj
 0001:0002b5e0       _BG_SiegeParseClassFile    2002c5e0 f   bg_saga.obj
 0001:0002be90       _BG_SiegeSetTeamTheme      2002ce90 f   bg_saga.obj
 0001:0002bec0       _BG_SiegeStripTabs         2002cec0 f   bg_saga.obj
 0001:0002bf00       _BG_SiegeTranslateForcePowers 2002cf00 f   bg_saga.obj
 0001:0002c0d0       _BG_SiegeTranslateGenericTable 2002d0d0 f   bg_saga.obj
 0001:0002c1b0       _PM_ClientImpact           2002d1b0 f   bg_slidemove.obj
 0001:0002c280       _PM_GroundSlideOkay        2002d280 f   bg_slidemove.obj
 0001:0002c300       _PM_SlideMove              2002d300 f   bg_slidemove.obj
 0001:0002cb80       _PM_StepSlideMove          2002db80 f   bg_slidemove.obj
 0001:0002d180       _PM_VehicleImpact          2002e180 f   bg_slidemove.obj
 0001:0002df90       _AttachRidersGeneric       2002ef90 f   bg_vehicleLoad.obj
 0001:0002e040       _BG_GetVehicleModelName    2002f040 f   bg_vehicleLoad.obj
 0001:0002e630       _BG_SetSharedVehicleFunctions 2002f630 f   bg_vehicleLoad.obj
 0001:0002e690       _BG_VehWeaponLoadParms     2002f690 f   bg_vehicleLoad.obj
 0001:0002e810       _BG_VehicleClampData       2002f810 f   bg_vehicleLoad.obj
 0001:0002e8b0       _BG_VehicleGetIndex        2002f8b0 f   bg_vehicleLoad.obj
 0001:0002e8c0       _BG_VehicleLoadParms       2002f8c0 f   bg_vehicleLoad.obj
 0001:0002eb80       _VEH_LoadVehWeapon         2002fb80 f   bg_vehicleLoad.obj
 0001:0002ed30       _VEH_LoadVehicle           2002fd30 f   bg_vehicleLoad.obj
 0001:0002f5f0       _VEH_VehWeaponIndexForName 200305f0 f   bg_vehicleLoad.obj
 0001:0002f690       _VEH_VehicleIndexForName   20030690 f   bg_vehicleLoad.obj
 0001:0002f910       _BG_FighterUpdate          20030910 f   FighterNPC.obj
 0001:0002fdd0       _FighterIsInSpace          20030dd0 f   FighterNPC.obj
 0001:0002fe00       _FighterIsLanded           20030e00 f   FighterNPC.obj
 0001:0002fe50       _FighterIsLanding          20030e50 f   FighterNPC.obj
 0001:0002fec0       _FighterIsLaunching        20030ec0 f   FighterNPC.obj
 0001:00030010       _FighterOverValidLandingSurface 20031010 f   FighterNPC.obj
 0001:00030050       _FighterPitchAdjust        20031050 f   FighterNPC.obj
 0001:000301d0       _FighterPitchClamp         200311d0 f   FighterNPC.obj
 0001:00030240       _FighterSuspended          20031240 f   FighterNPC.obj
 0001:00030440       _FighterYawAdjust          20031440 f   FighterNPC.obj
 0001:000305d0       _G_SetFighterVehicleFunctions 200315d0 f   FighterNPC.obj
 0001:00031bb0       _ClientEndFrame            20032bb0 f   g_active.obj
 0001:00031d10       _ClientEvents              20032d10 f   g_active.obj
 0001:00031f80       _ClientImpacts             20032f80 f   g_active.obj
 0001:00032040       _ClientInactivityTimer     20033040 f   g_active.obj
 0001:00032150       _ClientThink               20033150 f   g_active.obj
 0001:000321e0       _ClientThink_real          200331e0 f   g_active.obj
 0001:00034ef0       _ClientTimerActions        20035ef0 f   g_active.obj
 0001:00034f70       _Client_CheckImpactBBrush  20035f70 f   g_active.obj
 0001:00035010       _DoImpact                  20036010 f   g_active.obj
 0001:00035470       _G_ActionButtonPressed     20036470 f   g_active.obj
 0001:000354b0       _G_AddPushVecToUcmd        200364b0 f   g_active.obj
 0001:00035700       _G_CheapWeaponFire         20036700 f   g_active.obj
 0001:000357e0       _G_CheckClientIdle         200367e0 f   g_active.obj
 0001:00035cb0       _G_CheckClientTimeouts     20036cb0 f   g_active.obj
 0001:00035d00       _G_CheckMovingLoopingSounds 20036d00 f   g_active.obj
 0001:00035ea0       _G_HeldByMonster           20036ea0 f   g_active.obj
 0001:00035fd0       _G_MoverTouchPushTriggers  20036fd0 f   g_active.obj
 0001:000362f0       _G_RunClient               200372f0 f   g_active.obj
 0001:00036330       _G_SetClientSound          20037330 f   g_active.obj
 0001:000363f0       _G_SetTauntAnim            200373f0 f   g_active.obj
 0001:000367f0       _G_StandingAnim            200377f0 f   g_active.obj
 0001:00036830       _G_TouchTriggers           20037830 f   g_active.obj
 0001:00036a70       _G_UpdateClientBroadcasts  20037a70 f   g_active.obj
 0001:00036dc0       _P_DamageFeedback          20037dc0 f   g_active.obj
 0001:00036fa0       _P_WorldEffects            20037fa0 f   g_active.obj
 0001:00037150       _SendPendingPredictableEvents 20038150 f   g_active.obj
 0001:000371f0       _SpectatorClientEndFrame   200381f0 f   g_active.obj
 0001:000372f0       _SpectatorThink            200382f0 f   g_active.obj
 0001:00037a10       _G_AddRandomBot            20038a10 f   g_bot.obj
 0001:00037cc0       _G_BotConnect              20038cc0 f   g_bot.obj
 0001:00037d90       _G_CheckBotSpawn           20038d90 f   g_bot.obj
 0001:00037dd0       _G_CheckMinimumPlayers     20038dd0 f   g_bot.obj
 0001:00037e80       _G_CountBotPlayers         20038e80 f   g_bot.obj
 0001:00037fe0       _G_CountHumanPlayers       20038fe0 f   g_bot.obj
 0001:00038040       _G_DoesMapSupportGametype  20039040 f   g_bot.obj
 0001:000380e0       _G_GetArenaInfoByMap       200390e0 f   g_bot.obj
 0001:00038130       _G_GetBotInfoByName        20039130 f   g_bot.obj
 0001:00038180       _G_GetMapTypeBits          20039180 f   g_bot.obj
 0001:00038260       _G_InitBots                20039260 f   g_bot.obj
 0001:00038660       _G_ParseInfos              20039660 f   g_bot.obj
 0001:00038850       _G_RefreshNextMap          20039850 f   g_bot.obj
 0001:00038990       _G_RemoveQueuedBotBegin    20039990 f   g_bot.obj
 0001:000389c0       _G_RemoveRandomBot         200399c0 f   g_bot.obj
 0001:00038a80       _Svcmd_AddBot_f            20039a80 f   g_bot.obj
 0001:00038be0       _Svcmd_BotList_f           20039be0 f   g_bot.obj
 0001:00038da0       _BodySink                  20039da0 f   g_client.obj
 0001:00038e00       _ClientBegin               20039e00 f   g_client.obj
 0001:000393f0       _ClientConnect             2003a3f0 f   g_client.obj
 0001:00039690       _ClientDisconnect          2003a690 f   g_client.obj
 0001:00039a00       _ClientSpawn               2003aa00 f   g_client.obj
 0001:0003ad20       _ClientUserinfoChanged     2003bd20 f   g_client.obj
 0001:0003ba90       _G_BreakArm                2003ca90 f   g_client.obj
 0001:0003bba0       _G_SaberModelSetup         2003cba0 f   g_client.obj
 0001:0003bd20       _G_UpdateClientAnims       2003cd20 f   g_client.obj
 0001:0003c140       _InitBodyQue               2003d140 f   g_client.obj
 0001:0003c180       _JMSaberThink              2003d180 f   g_client.obj
 0001:0003c330       _JMSaberTouch              2003d330 f   g_client.obj
 0001:0003c600       _MaintainBodyQueue         2003d600 f   g_client.obj
 0001:0003c690       _PickTeam                  2003d690 f   g_client.obj
 0001:0003c6e0       _SP_info_jedimaster_start  2003d6e0 f   g_client.obj
 0001:0003c810       _SP_info_player_duel       2003d810 f   g_client.obj
 0001:0003c810       _SP_info_player_duel1      2003d810 f   g_client.obj
 0001:0003c810       _SP_info_player_duel2      2003d810 f   g_client.obj
 0001:0003c810       _SP_info_player_deathmatch 2003d810 f   g_client.obj
 0001:0003c870       _SP_info_player_siegeteam1 2003d870 f   g_client.obj
 0001:0003c870       _SP_info_player_siegeteam2 2003d870 f   g_client.obj
 0001:0003c8e0       _SP_info_player_start      2003d8e0 f   g_client.obj
 0001:0003c940       _SelectDuelSpawnPoint      2003d940 f   g_client.obj
 0001:0003cc60       _SelectInitialSpawnPoint   2003dc60 f   g_client.obj
 0001:0003cd10       _SelectRandomFurthestSpawnPoint 2003dd10 f   g_client.obj
 0001:0003cff0       _SelectSpawnPoint          2003dff0 f   g_client.obj
 0001:0003d000       _SetClientViewAngle        2003e000 f   g_client.obj
 0001:0003d0c0       _SetupGameGhoul2Model      2003e0c0 f   g_client.obj
 0001:0003d9c0       _SiegePointUse             2003e9c0 f   g_client.obj
 0001:0003d9e0       _SpotWouldTelefrag         2003e9e0 f   g_client.obj
 0001:0003dab0       _SpotWouldTelefrag2        2003eab0 f   g_client.obj
 0001:0003dba0       _TeamCount                 2003eba0 f   g_client.obj
 0001:0003dc00       _TeamLeader                2003ec00 f   g_client.obj
 0001:0003dc50       _ThrowSaberToAttacker      2003ec50 f   g_client.obj
 0001:0003df20       _respawn                   2003ef20 f   g_client.obj
 0001:0003e0f0       _BroadcastTeamChange       2003f0f0 f   g_cmds.obj
 0001:0003e1c0       _CheatsOk                  2003f1c0 f   g_cmds.obj
 0001:0003e280       _ClientCommand             2003f280 f   g_cmds.obj
 0001:0003f9d0       _ClientNumberFromString    200409d0 f   g_cmds.obj
 0001:0003fb60       _Cmd_CallTeamVote_f        20040b60 f   g_cmds.obj
 0001:00040040       _Cmd_CallVote_f            20041040 f   g_cmds.obj
 0001:000407e0       _Cmd_DebugSetBodyAnim_f    200417e0 f   g_cmds.obj
 0001:00040890       _Cmd_DebugSetSaberMove_f   20041890 f   g_cmds.obj
 0001:00040940       _Cmd_DuelTeam_f            20041940 f   g_cmds.obj
 0001:00040b80       _Cmd_EngageDuel_f          20041b80 f   g_cmds.obj
 0001:00041030       _Cmd_FollowCycle_f         20042030 f   g_cmds.obj
 0001:00041120       _Cmd_Follow_f              20042120 f   g_cmds.obj
 0001:00041210       _Cmd_ForceChanged_f        20042210 f   g_cmds.obj
 0001:000412f0       _Cmd_GameCommand_f         200422f0 f   g_cmds.obj
 0001:00041390       _Cmd_Give_f                20042390 f   g_cmds.obj
 0001:00041880       _Cmd_God_f                 20042880 f   g_cmds.obj
 0001:000418e0       _Cmd_Kill_f                200428e0 f   g_cmds.obj
 0001:000419a0       _Cmd_LevelShot_f           200429a0 f   g_cmds.obj
 0001:00041a00       _Cmd_Noclip_f              20042a00 f   g_cmds.obj
 0001:00041a70       _Cmd_Notarget_f            20042a70 f   g_cmds.obj
 0001:00041ad0       _Cmd_SaberAttackCycle_f    20042ad0 f   g_cmds.obj
 0001:00041d40       _Cmd_Score_f               20042d40 f   g_cmds.obj
 0001:00041d50       _Cmd_SetViewpos_f          20042d50 f   g_cmds.obj
 0001:00041e70       _Cmd_SiegeClass_f          20042e70 f   g_cmds.obj
 0001:000420a0       _Cmd_TeamTask_f            200430a0 f   g_cmds.obj
 0001:00042150       _Cmd_TeamVote_f            20043150 f   g_cmds.obj
 0001:000422b0       _Cmd_Team_f                200432b0 f   g_cmds.obj
 0001:000424d0       _Cmd_ToggleSaber_f         200434d0 f   g_cmds.obj
 0001:00042760       _Cmd_Vote_f                20043760 f   g_cmds.obj
 0001:000428e0       _Cmd_Where_f               200438e0 f   g_cmds.obj
 0001:00042920       _ConcatArgs                20043920 f   g_cmds.obj
 0001:000429c0       _DeathmatchScoreboardMessage 200439c0 f   g_cmds.obj
 0001:00042be0       _G_ClientNumberFromName    20043be0 f   g_cmds.obj
 0001:00042cd0       _G_ClientNumberFromStrippedName 20043cd0 f   g_cmds.obj
 0001:00042db0       _G_ItemUsable              20043db0 f   g_cmds.obj
 0001:00043130       _G_OtherPlayersDueling     20044130 f   g_cmds.obj
 0001:00043170       _G_PowerDuelCheckFail      20044170 f   g_cmds.obj
 0001:000431e0       _G_Say                     200441e0 f   g_cmds.obj
 0001:00043530       _G_SetSaber                20044530 f   g_cmds.obj
 0001:000436b0       _G_TeamForSiegeClass       200446b0 f   g_cmds.obj
 0001:00043730       _SanitizeString            20044730 f   g_cmds.obj
 0001:00043780       _SanitizeString2           20044780 f   g_cmds.obj
 0001:000437e0       _SetTeam                   200447e0 f   g_cmds.obj
 0001:00043c50       _StopFollowing             20044c50 f   g_cmds.obj
 0001:00043d40       _TryGrapple                20044d40 f   g_cmds.obj
 0001:00043e10       _AddScore                  20044e10 f   g_combat.obj
 0001:00043e60       _BodyRid                   20044e60 f   g_combat.obj
 0001:00043e90       _CanDamage                 20044e90 f   g_combat.obj
 0001:00044120       _CheckArmor                20045120 f   g_combat.obj
 0001:00044210       _DeathFX                   20045210 f   g_combat.obj
 0001:00044760       _DismembermentByNum        20045760 f   g_combat.obj
 0001:00044800       _G_AddPowerDuelLoserScore  20045800 f   g_combat.obj
 0001:00044870       _G_AddPowerDuelScore       20045870 f   g_combat.obj
 0001:000448e0       _G_AlertTeam               200458e0 f   g_combat.obj
 0001:00044af0       _G_CheckForDismemberment   20045af0 f   g_combat.obj
 0001:00045240       _G_CheckVictoryScript      20046240 f   g_combat.obj
 0001:00045370       _G_Damage                  20046370 f   g_combat.obj
 0001:00046ba0       _G_Dismember               20047ba0 f   g_combat.obj
 0001:00047300       _G_GetDismemberBolt        20048300 f   g_combat.obj
 0001:000475f0       _G_GetDismemberLoc         200485f0 f   g_combat.obj
 0001:00047890       _G_GetHitLocFromSurfName   20048890 f   g_combat.obj
 0001:00048570       _G_GetHitLocation          20049570 f   g_combat.obj
 0001:00048960       _G_GetHitQuad              20049960 f   g_combat.obj
 0001:00048ad0       _G_GetJediMaster           20049ad0 f   g_combat.obj
 0001:00048b10       _G_HeavyMelee              20049b10 f   g_combat.obj
 0001:00048b60       _G_InKnockDown             20049b60 f   g_combat.obj
 0001:00048bb0       _G_Knockdown               20049bb0 f   g_combat.obj
 0001:00048c20       _G_LocationBasedDamageModifier 20049c20 f   g_combat.obj
 0001:00048dd0       _G_RadiusDamage            20049dd0 f   g_combat.obj
 0001:000490a0       _G_ThereIsAMaster          2004a0a0 f   g_combat.obj
 0001:000490e0       _LimbThink                 2004a0e0 f   g_combat.obj
 0001:000491a0       _ObjectDie                 2004a1a0 f   g_combat.obj
 0001:000491d0       _TossClientItems           2004a1d0 f   g_combat.obj
 0001:00049360       _TossClientWeapon          2004a360 f   g_combat.obj
 0001:00049590       _body_die                  2004a590 f   g_combat.obj
 0001:000496f0       _player_die                2004a6f0 f   g_combat.obj
 0001:0004ac80       _G_RunExPhys               2004bc80 f   g_exphysics.obj
 0001:0004b3a0       _Blocked_Mover             2004c3a0 f   g_ICARUScb.obj
 0001:0004b410       _G_DebugPrint              2004c410 f   g_ICARUScb.obj
 0001:0004b500       _MoveOwner                 2004c500 f   g_ICARUScb.obj
 0001:0004b690       _Q3_GetFloat               2004c690 f   g_ICARUScb.obj
 0001:0004bb20       _Q3_GetString              2004cb20 f   g_ICARUScb.obj
 0001:0004bf90       _Q3_GetTag                 2004cf90 f   g_ICARUScb.obj
 0001:0004c000       _Q3_GetVector              2004d000 f   g_ICARUScb.obj
 0001:0004c150       _Q3_Kill                   2004d150 f   g_ICARUScb.obj
 0001:0004c200       _Q3_Lerp2Angles            2004d200 f   g_ICARUScb.obj
 0001:0004c370       _Q3_Lerp2End               2004d370 f   g_ICARUScb.obj
 0001:0004c460       _Q3_Lerp2Origin            2004d460 f   g_ICARUScb.obj
 0001:0004c5f0       _Q3_Lerp2Pos               2004d5f0 f   g_ICARUScb.obj
 0001:0004c860       _Q3_Lerp2Start             2004d860 f   g_ICARUScb.obj
 0001:0004c950       _Q3_Play                   2004d950 f   g_ICARUScb.obj
 0001:0004ca10       _Q3_PlaySound              2004da10 f   g_ICARUScb.obj
 0001:0004cb80       _Q3_Remove                 2004db80 f   g_ICARUScb.obj
 0001:0004cc90       _Q3_RemoveEnt              2004dc90 f   g_ICARUScb.obj
 0001:0004cd00       _Q3_Set                    2004dd00 f   g_ICARUScb.obj
 0001:0004f080       _Q3_SetICARUSFreeze        20050080 f   g_ICARUScb.obj
 0001:0004f1c0       _Q3_SetLoopSound           200501c0 f   g_ICARUScb.obj
 0001:0004f450       _Q3_SetParm                20050450 f   g_ICARUScb.obj
 0001:0004f960       _Q3_Use                    20050960 f   g_ICARUScb.obj
 0001:0004fa80       _SolidifyOwner             20050a80 f   g_ICARUScb.obj
 0001:0004fb10       ___local_stdio_printf_options 20050b10 f i g_ICARUScb.obj
 0001:0004fb20       _anglerCallback            20050b20 f   g_ICARUScb.obj
 0001:0004fc10       _moveAndRotateCallback     20050c10 f   g_ICARUScb.obj
 0001:0004fc30       _moverCallback             20050c30 f   g_ICARUScb.obj
 0001:0004fcb0       _Add_Ammo                  20050cb0 f   g_items.obj
 0001:0004fd00       _CheckItemCanBePickedUpByNPC 20050d00 f   g_items.obj
 0001:0004fd80       _ClearRegisteredItems      20050d80 f   g_items.obj
 0001:0004feb0       _CreateShield              20050eb0 f   g_items.obj
 0001:00050270       _Drop_Item                 20051270 f   g_items.obj
 0001:00050350       _EWebDie                   20051350 f   g_items.obj
 0001:00050450       _EWebDisattach             20051450 f   g_items.obj
 0001:000504e0       _EWebFire                  200514e0 f   g_items.obj
 0001:00050650       _EWebPain                  20051650 f   g_items.obj
 0001:00050690       _EWebPositionUser          20051690 f   g_items.obj
 0001:00050990       _EWebPrecache              20051990 f   g_items.obj
 0001:000509f0       _EWebThink                 200519f0 f   g_items.obj
 0001:00050bc0       _EWebUpdateBoneAngles      20051bc0 f   g_items.obj
 0001:00050cf0       _EWeb_Create               20051cf0 f   g_items.obj
 0001:00051180       _EWeb_SetBoneAngles        20052180 f   g_items.obj
 0001:000512a0       _FinishSpawningItem        200522a0 f   g_items.obj
 0001:000515b0       _G_BounceItem              200525b0 f   g_items.obj
 0001:000517b0       _G_CheckTeamItems          200527b0 f   g_items.obj
 0001:00051850       _G_PrecacheDispensers      20052850 f   g_items.obj
 0001:000518c0       _G_RunItem                 200528c0 f   g_items.obj
 0001:000519f0       _G_SpawnItem               200529f0 f   g_items.obj
 0001:00051b20       _G_SpecialSpawnItem        20052b20 f   g_items.obj
 0001:00051c60       _ItemUse_Binoculars        20052c60 f   g_items.obj
 0001:00051ce0       _ItemUse_Jetpack           20052ce0 f   g_items.obj
 0001:00051d60       _ItemUse_MedPack           20052d60 f   g_items.obj
 0001:00051dc0       _ItemUse_MedPack_Big       20052dc0 f   g_items.obj
 0001:00051e20       _ItemUse_Seeker            20052e20 f   g_items.obj
 0001:00051f00       _ItemUse_Sentry            20052f00 f   g_items.obj
 0001:000521a0       _ItemUse_Shield            200531a0 f   g_items.obj
 0001:000521b0       _ItemUse_UseCloak          200531b0 f   g_items.obj
 0001:00052230       _ItemUse_UseDisp           20053230 f   g_items.obj
 0001:000523b0       _ItemUse_UseEWeb           200533b0 f   g_items.obj
 0001:00052460       _Jetpack_Off               20053460 f   g_items.obj
 0001:00052490       _Jetpack_On                20053490 f   g_items.obj
 0001:000524f0       _LaunchItem                200534f0 f   g_items.obj
 0001:00052730       _Pickup_Ammo               20053730 f   g_items.obj
 0001:00052a60       _Pickup_Armor              20053a60 f   g_items.obj
 0001:00052ad0       _Pickup_Health             20053ad0 f   g_items.obj
 0001:00052b70       _Pickup_Holdable           20053b70 f   g_items.obj
 0001:00052c00       _Pickup_Powerup            20053c00 f   g_items.obj
 0001:00052e40       _Pickup_Weapon             20053e40 f   g_items.obj
 0001:00052f90       _PlaceShield               20053f90 f   g_items.obj
 0001:00053270       _RegisterItem              20054270 f   g_items.obj
 0001:000532b0       _RespawnItem               200542b0 f   g_items.obj
 0001:000533a0       _SP_PAS                    200543a0 f   g_items.obj
 0001:00053480       _SaveRegisteredItems       20054480 f   g_items.obj
 0001:000534e0       _ShieldDie                 200544e0 f   g_items.obj
 0001:00053540       _ShieldGoNotSolid          20054540 f   g_items.obj
 0001:000535b0       _ShieldGoSolid             200545b0 f   g_items.obj
 0001:000536d0       _ShieldPain                200546d0 f   g_items.obj
 0001:00053710       _ShieldThink               20054710 f   g_items.obj
 0001:000537a0       _ShieldTouch               200547a0 f   g_items.obj
 0001:000538a0       _SpecialItemThink          200548a0 f   g_items.obj
 0001:00053930       _Touch_Item                20054930 f   g_items.obj
 0001:00053ed0       _Use_Item                  20054ed0 f   g_items.obj
 0001:00053ee0       _adjustRespawnTime         20054ee0 f   g_items.obj
 0001:00053f80       _pas_adjust_enemy          20054f80 f   g_items.obj
 0001:000543f0       _pas_fire                  200553f0 f   g_items.obj
 0001:000544f0       _pas_think                 200554f0 f   g_items.obj
 0001:00054a20       _sentryExpire              20055a20 f   g_items.obj
 0001:00054a40       _turret_die                20055a40 f   g_items.obj
 0001:00054b40       _G_ClearClientLog          20055b40 f   g_log.obj
 0001:00054cb0       _G_LogWeaponDamage         20055cb0 f   g_log.obj
 0001:00054ce0       _G_LogWeaponDeath          20055ce0 f   g_log.obj
 0001:00054d10       _G_LogWeaponFire           20055d10 f   g_log.obj
 0001:00054d70       _G_LogWeaponFrag           20055d70 f   g_log.obj
 0001:00054da0       _G_LogWeaponInit           20055da0 f   g_log.obj
 0001:00054e60       _G_LogWeaponItem           20055e60 f   g_log.obj
 0001:00054e90       _G_LogWeaponKill           20055e90 f   g_log.obj
 0001:00054ee0       _G_LogWeaponOutput         20055ee0 f   g_log.obj
 0001:00056a80       _G_LogWeaponPickup         20057a80 f   g_log.obj
 0001:00056aa0       _G_LogWeaponPowerup        20057aa0 f   g_log.obj
 0001:00056ad0       _AddPowerDuelPlayers       20057ad0 f   g_main.obj
 0001:00056c70       _AddTournamentPlayer       20057c70 f   g_main.obj
 0001:00056d40       _AdjustTournamentScores    20057d40 f   g_main.obj
 0001:00056eb0       _BG_GetTime                20057eb0 f   g_main.obj
 0001:00056ec0       _BeginIntermission         20057ec0 f   g_main.obj
 0001:00056f90       _CalculateRanks            20057f90 f   g_main.obj
 0001:00057340       _CheckCvars                20058340 f   g_main.obj
 0001:00057400       _CheckExitRules            20058400 f   g_main.obj
 0001:00057840       _CheckIntermissionExit     20058840 f   g_main.obj
 0001:00057db0       _CheckTeamLeader           20058db0 f   g_main.obj
 0001:00057e70       _CheckTeamVote             20058e70 f   g_main.obj
 0001:00057f90       _CheckTournament           20058f90 f   g_main.obj
 0001:00058500       _CheckVote                 20059500 f   g_main.obj
 0001:00058700       _Com_Error                 20059700 f   g_main.obj
 0001:00058750       _Com_Printf                20059750 f   g_main.obj
 0001:000587a0       _DuelLimitHit              200597a0 f   g_main.obj
 0001:000587f0       _DuelResetWinsLosses       200597f0 f   g_main.obj
 0001:00058840       _ExitLevel                 20059840 f   g_main.obj
 0001:00058990       _FindIntermissionPoint     20059990 f   g_main.obj
 0001:00058a80       _G_CanResetDuelists        20059a80 f   g_main.obj
 0001:00058ae0       _G_Error                   20059ae0 f   g_main.obj
 0001:00058b30       _G_FindTeams               20059b30 f   g_main.obj
 0001:00058c90       _G_GetStringEdString       20059c90 f   g_main.obj
 0001:00058cc0       _G_InitGame                20059cc0 f   g_main.obj
 0001:000591c0       _G_KickAllBots             2005a1c0 f   g_main.obj
 0001:00059260       _G_LogPrintf               2005a260 f   g_main.obj
 0001:00059350       _G_PowerDuelCount          2005a350 f   g_main.obj
 0001:000593b0       _G_Printf                  2005a3b0 f   g_main.obj
 0001:00059400       _G_RegisterCvars           2005a400 f   g_main.obj
 0001:000594b0       _G_RemoveDuelist           2005a4b0 f   g_main.obj
 0001:00059510       _G_ResetDuelists           2005a510 f   g_main.obj
 0001:00059590       _G_RunFrame                2005a590 f   g_main.obj
 0001:00059f90       _G_RunThink                2005af90 f   g_main.obj
 0001:00059ff0       _G_ShutdownGame            2005aff0 f   g_main.obj
 0001:0005a140       _G_UpdateCvars             2005b140 f   g_main.obj
 0001:0005a1a0       _LogExit                   2005b1a0 f   g_main.obj
 0001:0005a270       _MoveClientToIntermission  2005b270 f   g_main.obj
 0001:0005a3b0       _NAV_CheckCalcPaths        2005b3b0 f   g_main.obj
 0001:0005a490       _RemoveDuelDrawLoser       2005b490 f   g_main.obj
 0001:0005a520       _RemovePowerDuelLosers     2005b520 f   g_main.obj
 0001:0005a5d0       _RemoveTournamentLoser     2005b5d0 f   g_main.obj
 0001:0005a610       _ScoreIsTied               2005b610 f   g_main.obj
 0001:0005a670       _SendScoreboardMessageToAllClients 2005b670 f   g_main.obj
 0001:0005a6d0       _SortRanks                 2005b6d0 f   g_main.obj
 0001:0005a7d0       _vmMain                    2005b7d0 f   g_main.obj
 0001:0005ac80       _G_Alloc                   2005bc80 f   g_mem.obj
 0001:0005acf0       _G_InitMemory              2005bcf0 f   g_mem.obj
 0001:0005ad00       _Svcmd_GameMem_f           2005bd00 f   g_mem.obj
 0001:0005ad20       _FirstFreeRefTag           2005bd20 f   g_misc.obj
 0001:0005ad70       _FirstFreeTagOwner         2005bd70 f   g_misc.obj
 0001:0005adb0       _G_ClientForShooter        2005bdb0 f   g_misc.obj
 0001:0005ae20       _G_PortalifyEntities       2005be20 f   g_misc.obj
 0001:0005af10       _HolocronPopOut            2005bf10 f   g_misc.obj
 0001:0005afc0       _HolocronThink             2005bfc0 f   g_misc.obj
 0001:0005b340       _HolocronTouch             2005c340 f   g_misc.obj
 0001:0005b4e0       _InitShooter               2005c4e0 f   g_misc.obj
 0001:0005b5e0       _SP_CreateRain             2005c5e0 f   g_misc.obj
 0001:0005b610       _SP_CreateSnow             2005c610 f   g_misc.obj
 0001:0005b640       _SP_CreateSpaceDust        2005c640 f   g_misc.obj
 0001:0005b670       _SP_fx_runner              2005c670 f   g_misc.obj
 0001:0005b820       _SP_target_position        2005c820 f   g_target.obj
 0001:0005b820       _SP_info_notnull           2005c820 f   g_misc.obj
 0001:0005b820       _SP_info_camp              2005c820 f   g_misc.obj
 0001:0005b840       _SP_light                  2005c840 f   g_misc.obj
 0001:0005b8f0       _SP_misc_ammo_floor_unit   2005c8f0 f   g_misc.obj
 0001:0005bb60       _SP_misc_bsp               2005cb60 f   g_misc.obj
 0001:0005bd60       _SP_misc_faller            2005cd60 f   g_misc.obj
 0001:0005be20       _SP_misc_holocron          2005ce20 f   g_misc.obj
 0001:0005c050       _SP_misc_maglock           2005d050 f   g_misc.obj
 0001:0005c0b0       _SP_misc_model_ammo_power_converter 2005d0b0 f   g_misc.obj
 0001:0005c200       _SP_misc_model_health_power_converter 2005d200 f   g_misc.obj
 0001:0005c360       _SP_misc_model_shield_power_converter 2005d360 f   g_misc.obj
 0001:0005c4c0       _SP_misc_portal_camera     2005d4c0 f   g_misc.obj
 0001:0005c550       _SP_misc_portal_surface    2005d550 f   g_misc.obj
 0001:0005c5f0       _SP_misc_shield_floor_unit 2005d5f0 f   g_misc.obj
 0001:0005c8a0       _SP_misc_skyportal         2005d8a0 f   g_misc.obj
 0001:0005c9b0       _SP_misc_weather_zone      2005d9b0 f   g_misc.obj
 0001:0005c9b0       _SP_misc_G2model           2005d9b0 f   g_misc.obj
 0001:0005c9b0       _SP_misc_model             2005d9b0 f   g_misc.obj
 0001:0005c9b0       _SP_misc_model_static      2005d9b0 f   g_misc.obj
 0001:0005c9b0       _SP_info_null              2005d9b0 f   g_misc.obj
 0001:0005c9b0       _SP_misc_skyportal_orient  2005d9b0 f   g_misc.obj
 0001:0005c9c0       _SP_misc_weapon_shooter    2005d9c0 f   g_misc.obj
 0001:0005cb10       _SP_reference_tag          2005db10 f   g_misc.obj
 0001:0005cb50       _SP_shooter_blaster        2005db50 f   g_misc.obj
 0001:0005cb70       _SP_target_escapetrig      2005db70 f   g_misc.obj
 0001:0005cbd0       _SP_target_screenshake     2005dbd0 f   g_misc.obj
 0001:0005cc40       _SP_terrain                2005dc40 f   g_misc.obj
 0001:0005d0b0       _TAG_Add                   2005e0b0 f   g_misc.obj
 0001:0005d1c0       _TAG_Find                  2005e1c0 f   g_misc.obj
 0001:0005d2a0       _TAG_FindOwner             2005e2a0 f   g_misc.obj
 0001:0005d2f0       _TAG_GetAngles             2005e2f0 f   g_misc.obj
 0001:0005d330       _TAG_GetOrigin             2005e330 f   g_misc.obj
 0001:0005d380       _TAG_Init                  2005e380 f   g_misc.obj
 0001:0005d3f0       _TeleportPlayer            2005e3f0 f   g_misc.obj
 0001:0005d590       _Use_Shooter               2005e590 f   g_misc.obj
 0001:0005d7a0       _Use_Target_Escapetrig     2005e7a0 f   g_misc.obj
 0001:0005d880       _Use_Target_Screenshake    2005e880 f   g_misc.obj
 0001:0005d8c0       _ammo_generic_power_converter_use 2005e8c0 f   g_misc.obj
 0001:0005db30       _ammo_power_converter_use  2005eb30 f   g_misc.obj
 0001:0005dc50       _check_recharge            2005ec50 f   g_misc.obj
 0001:0005dd20       _faller_think              2005ed20 f   g_misc.obj
 0001:0005de10       _faller_touch              2005ee10 f   g_misc.obj
 0001:0005deb0       _fx_runner_link            2005eeb0 f   g_misc.obj
 0001:0005e010       _fx_runner_think           2005f010 f   g_misc.obj
 0001:0005e170       _fx_runner_use             2005f170 f   g_misc.obj
 0001:0005e2d0       _health_power_converter_use 2005f2d0 f   g_misc.obj
 0001:0005e390       _locateCamera              2005f390 f   g_misc.obj
 0001:0005e4a0       _maglock_die               2005f4a0 f   g_misc.obj
 0001:0005e4e0       _maglock_link              2005f4e0 f   g_misc.obj
 0001:0005e710       _misc_dlight_use           2005f710 f   g_misc.obj
 0001:0005e740       _misc_faller_create        2005f740 f   g_misc.obj
 0001:0005e8c0       _misc_faller_think         2005f8c0 f   g_misc.obj
 0001:0005eac0       _misc_weapon_shooter_aim   2005fac0 f   g_misc.obj
 0001:0005ebb0       _misc_weapon_shooter_fire  2005fbb0 f   g_misc.obj
 0001:0005ec00       _misc_weapon_shooter_use   2005fc00 f   g_misc.obj
 0001:0005ec70       _ref_link                  2005fc70 f   g_misc.obj
 0001:0005ed30       _shield_power_converter_use 2005fd30 f   g_misc.obj
 0001:0005ef40       _CreateMissile             2005ff40 f   g_missile.obj
 0001:0005f110       _G_BounceMissile           20060110 f   g_missile.obj
 0001:0005f3e0       _G_DeflectMissile          200603e0 f   g_missile.obj
 0001:0005f570       _G_ExplodeMissile          20060570 f   g_missile.obj
 0001:0005f6e0       _G_MissileBounceEffect     200606e0 f   g_missile.obj
 0001:0005f790       _G_MissileImpact           20060790 f   g_missile.obj
 0001:000602a0       _G_ReflectMissile          200612a0 f   g_missile.obj
 0001:00060540       _G_RunMissile              20061540 f   g_missile.obj
 0001:00060a20       _G_RunStuckMissile         20061a20 f   g_missile.obj
 0001:00060ae0       _Blocked_Door              20061ae0 f   g_mover.obj
 0001:00060be0       _CalcTeamDoorCenter        20061be0 f   g_mover.obj
 0001:00060d20       _G_Chunks                  20061d20 f   g_mover.obj
 0001:00060dd0       _G_EntIsBreakable          20061dd0 f   g_mover.obj
 0001:00060e50       _G_EntIsDoor               20061e50 f   g_mover.obj
 0001:00060e90       _G_EntIsRemovableUsable    20061e90 f   g_mover.obj
 0001:00060ef0       _G_EntIsUnlockedDoor       20061ef0 f   g_mover.obj
 0001:00061090       _G_FindDoorTrigger         20062090 f   g_mover.obj
 0001:000611a0       _G_MoverPush               200621a0 f   g_mover.obj
 0001:000616c0       _G_MoverTeam               200626c0 f   g_mover.obj
 0001:000618b0       _G_PlayDoorLoopSound       200628b0 f   g_mover.obj
 0001:000618f0       _G_PlayDoorSound           200628f0 f   g_mover.obj
 0001:00061930       _G_RunMover                20062930 f   g_mover.obj
 0001:00061970       _G_TestEntityPosition      20062970 f   g_mover.obj
 0001:00061a20       _G_TryPushingEntity        20062a20 f   g_mover.obj
 0001:00061e90       _GlassDie                  20062e90 f   g_mover.obj
 0001:00061f90       _GlassUse                  20062f90 f   g_mover.obj
 0001:00062220       _InitMover                 20063220 f   g_mover.obj
 0001:000623a0       _InitMoverTrData           200633a0 f   g_mover.obj
 0001:000624c0       _LockDoors                 200634c0 f   g_mover.obj
 0001:000624f0       _MatchTeam                 200634f0 f   g_mover.obj
 0001:000626a0       _Reached_BinaryMover       200636a0 f   g_mover.obj
 0001:000628c0       _Reached_Train             200638c0 f   g_mover.obj
 0001:00062b60       _ReturnToPos1              20063b60 f   g_mover.obj
 0001:00062ce0       _SP_func_bobbing           20063ce0 f   g_mover.obj
 0001:00062df0       _SP_func_breakable         20063df0 f   g_mover.obj
 0001:00062ff0       _SP_func_button            20063ff0 f   g_mover.obj
 0001:00063190       _SP_func_door              20064190 f   g_mover.obj
 0001:00063450       _SP_func_glass             20064450 f   g_mover.obj
 0001:00063530       _SP_func_pendulum          20064530 f   g_mover.obj
 0001:00063680       _SP_func_plat              20064680 f   g_mover.obj
 0001:000637d0       _SP_func_rotating          200647d0 f   g_mover.obj
 0001:00063a10       _SP_func_static            20064a10 f   g_mover.obj
 0001:00063b40       _SP_func_train             20064b40 f   g_mover.obj
 0001:00063c10       _SP_func_usable            20064c10 f   g_mover.obj
 0001:00063d80       _SP_func_wall              20064d80 f   g_mover.obj
 0001:00063e50       _SP_path_corner            20064e50 f   g_mover.obj
 0001:00063e80       _SpawnPlatTrigger          20064e80 f   g_mover.obj
 0001:00064000       _Think_BeginMoving         20065000 f   g_mover.obj
 0001:00064080       _Think_MatchTeam           20065080 f   g_mover.obj
 0001:000640a0       _Think_SetupTrainTargets   200650a0 f   g_mover.obj
 0001:00064460       _Think_SpawnNewDoorTrigger 20065460 f   g_mover.obj
 0001:00064640       _Touch_Button              20065640 f   g_mover.obj
 0001:00064670       _Touch_DoorTrigger         20065670 f   g_mover.obj
 0001:00064930       _Touch_Plat                20065930 f   g_mover.obj
 0001:00064970       _Touch_PlatCenterTrigger   20065970 f   g_mover.obj
 0001:000649b0       _UnLockDoors               200659b0 f   g_mover.obj
 0001:00064a00       _Use_BinaryMover           20065a00 f   g_mover.obj
 0001:00064aa0       _Use_BinaryMover_Go        20065aa0 f   g_mover.obj
 0001:00065160       _funcBBrushDie             20066160 f   g_mover.obj
 0001:000651f0       _funcBBrushDieGo           200661f0 f   g_mover.obj
 0001:000655f0       _funcBBrushPain            200665f0 f   g_mover.obj
 0001:00065880       _funcBBrushUse             20066880 f   g_mover.obj
 0001:000658e0       _func_static_use           200668e0 f   g_mover.obj
 0001:00065920       _func_usable_die           20066920 f   g_mover.obj
 0001:00065950       _func_usable_pain          20066950 f   g_mover.obj
 0001:00065970       _func_usable_think         20066970 f   g_mover.obj
 0001:000659a0       _func_usable_use           200669a0 f   g_mover.obj
 0001:00065b10       _func_wait_return_solid    20066b10 f   g_mover.obj
 0001:00065bf0       _use_wall                  20066bf0 f   g_mover.obj
 0001:00065c70       _FlyingCreature            20066c70 f   g_nav.obj
 0001:00065ca0       _funcBBrushTouch           20066ca0 f   g_mover.obj
 0001:00065ca0       _NPC_CheckAllClear         20066ca0 f   NPC_reactions.obj
 0001:00065ca0       @_guard_check_icall_nop@4  20066ca0 f   LIBCMT:guard_support.obj
 0001:00065ca0       _SP_team_CTF_blueplayer    20066ca0 f   g_team.obj
 0001:00065ca0       _SaberGotHit               20066ca0 f   w_saber.obj
 0001:00065ca0       _SP_item_botroam           20066ca0 f   g_spawn.obj
 0001:00065ca0       _NPC_PrecacheAnimationCFG  20066ca0 f   NPC_stats.obj
 0001:00065ca0       _SP_info_player_intermission 20066ca0 f   g_client.obj
 0001:00065ca0       _LimbTouch                 20066ca0 f   g_combat.obj
 0001:00065ca0       _SentryTouch               20066ca0 f   g_items.obj
 0001:00065ca0       _SP_team_CTF_redplayer     20066ca0 f   g_team.obj
 0001:00065ca0       ___except_validate_jump_buffer 20066ca0 f   libvcruntime:jbcxrval.obj
 0001:00065ca0       _SP_team_CTF_redspawn      20066ca0 f   g_team.obj
 0001:00065ca0       _SP_team_CTF_bluespawn     20066ca0 f   g_team.obj
 0001:00065ca0       _NPC_Howler_Precache       20066ca0 f   NPC_AI_Howler.obj
 0001:00065ca0       _AnimateVehicle            20066ca0 f   SpeederNPC.obj
 0001:00065ca0       _touch_NULL                20066ca0 f   g_weapon.obj
 0001:00065ca0       _G_DrawEdge                20066ca0 f   g_nav.obj
 0001:00065ca0       _G_CleanAllFakeClients     20066ca0 f   g_utils.obj
 0001:00065ca0       ___except_validate_context_record 20066ca0 f   libvcruntime:jbcxrval.obj
 0001:00065ca0       _BG_ClearAnimsets          20066ca0 f   bg_panimate.obj
 0001:00065ca0       _GlassPain                 20066ca0 f   g_mover.obj
 0001:00065ca0       _G_Cube                    20066ca0 f   g_nav.obj
 0001:00065ca0       _NPC_CheckPlayerAim        20066ca0 f   NPC_reactions.obj
 0001:00065ca0       _NPC_ChangeWeapon          20066ca0 f   NPC_combat.obj
 0001:00065ca0       _RegisterAssets            20066ca0 f   g_vehicles.obj
 0001:00065ca0       _G_DrawNode                20066ca0 f   g_nav.obj
 0001:00065ca0       _SP_misc_teleporter_dest   20066ca0 f   g_misc.obj
 0001:00065ca0       _B_CleanupAlloc            20066ca0 f   ai_util.obj
 0001:00065cb0       _NAV_AvoidCollision        20066cb0 f   g_nav.obj
 0001:00065e10       _NAV_Bypass                20066e10 f   g_nav.obj
 0001:00066180       _NAV_CalculatePaths        20067180 f   g_nav.obj
 0001:000662b0       _NAV_CheckAhead            200672b0 f   g_nav.obj
 0001:000664b0       _NAV_ClearPathToPoint      200674b0 f   g_nav.obj
 0001:00066730       _NAV_FindClosestWaypointForEnt 20067730 f   g_nav.obj
 0001:00066750       _NAV_FindClosestWaypointForPoint2 20067750 f   g_nav.obj
 0001:000667e0       _NAV_FindPlayerWaypoint    200677e0 f   g_nav.obj
 0001:00066810       _NAV_GetNearestNode        20067810 f   g_nav.obj
 0001:00066830       _NAV_GetStoredWaypoint     20067830 f   g_nav.obj
 0001:00066890       _NAV_HitNavGoal            20067890 f   g_nav.obj
 0001:00066a20       _NAV_MoveToGoal            20067a20 f   g_nav.obj
 0001:00066c80       _NAV_ResolveEntityCollision 20067c80 f   g_nav.obj
 0001:00066db0       _NAV_StackedCanyon         20067db0 f   g_nav.obj
 0001:00067040       _NAV_StoreWaypoint         20068040 f   g_nav.obj
 0001:00067140       _NAV_TestBestNode          20068140 f   g_nav.obj
 0001:00067500       _NAV_TestForBlocked        20068500 f   g_nav.obj
 0001:00067650       _NPC_Blocked               20068650 f   g_nav.obj
 0001:00067720       _NPC_SetMoveGoal           20068720 f   g_nav.obj
 0001:00067920       _SP_waypoint               20068920 f   g_nav.obj
 0001:00067a40       _SP_waypoint_navgoal       20068a40 f   g_nav.obj
 0001:00067b30       _SP_waypoint_navgoal_1     20068b30 f   g_nav.obj
 0001:00067c00       _SP_waypoint_navgoal_2     20068c00 f   g_nav.obj
 0001:00067cd0       _SP_waypoint_navgoal_4     20068cd0 f   g_nav.obj
 0001:00067da0       _SP_waypoint_navgoal_8     20068da0 f   g_nav.obj
 0001:00067e70       _SP_waypoint_small         20068e70 f   g_nav.obj
 0001:00067f80       _waypoint_getRadius        20068f80 f   g_nav.obj
 0001:000680a0       _NAVNEW_AvoidCollision     200690a0 f   g_navnew.obj
 0001:00068250       _NAVNEW_Bypass             20069250 f   g_navnew.obj
 0001:00068300       _NAVNEW_ClearPathBetweenPoints 20069300 f   g_navnew.obj
 0001:00068350       _NAVNEW_DanceWithBlocker   20069350 f   g_navnew.obj
 0001:00068450       _NAVNEW_MoveToGoal         20069450 f   g_navnew.obj
 0001:00068a30       _NAVNEW_PushBlocker        20069a30 f   g_navnew.obj
 0001:00068d20       _NAVNEW_ResolveEntityCollision 20069d20 f   g_navnew.obj
 0001:00068e50       _NAVNEW_SidestepBlocker    20069e50 f   g_navnew.obj
 0001:000692e0       _NAV_CheckNodeFailedForEnt 2006a2e0 f   g_navnew.obj
 0001:00069310       _NPC_SetBlocked            2006a310 f   g_navnew.obj
 0001:00069380       _G_BounceObject            2006a380 f   g_object.obj
 0001:000695a0       _G_RunObject               2006a5a0 f   g_object.obj
 0001:000699e0       _G_StopObjectMoving        2006a9e0 f   g_object.obj
 0001:00069a40       _AddSiegeWinningTeamPoints 2006aa40 f   g_saga.obj
 0001:00069aa0       _BroadcastObjectiveCompletion 2006aaa0 f   g_saga.obj
 0001:00069b30       _G_SiegeClientExData       2006ab30 f   g_saga.obj
 0001:00069ca0       _G_SiegeGetCompletionStatus 2006aca0 f   g_saga.obj
 0001:00069d00       _G_SiegeRegisterWeaponsAndHoldables 2006ad00 f   g_saga.obj
 0001:00069dc0       _G_SiegeSetObjectiveComplete 2006adc0 f   g_saga.obj
 0001:00069e30       _G_ValidateSiegeClassForTeam 2006ae30 f   g_saga.obj
 0001:00069f30       _InitSiegeMode             2006af30 f   g_saga.obj
 0001:0006a630       _SP_info_siege_decomplete  2006b630 f   g_saga.obj
 0001:0006a6c0       _SP_info_siege_objective   2006b6c0 f   g_saga.obj
 0001:0006a7c0       _SP_info_siege_radaricon   2006b7c0 f   g_saga.obj
 0001:0006a880       _SP_misc_siege_item        2006b880 f   g_saga.obj
 0001:0006ace0       _SP_target_siege_end       2006bce0 f   g_saga.obj
 0001:0006ad10       _SetTeamQuick              2006bd10 f   g_saga.obj
 0001:0006ae00       _SiegeBeginRound           2006be00 f   g_saga.obj
 0001:0006af50       _SiegeCheckTimers          2006bf50 f   g_saga.obj
 0001:0006b140       _SiegeClearSwitchData      2006c140 f   g_saga.obj
 0001:0006b170       _SiegeDoTeamAssign         2006c170 f   g_saga.obj
 0001:0006b2d0       _SiegeIconUse              2006c2d0 f   g_saga.obj
 0001:0006b300       _SiegeItemDie              2006c300 f   g_saga.obj
 0001:0006b390       _SiegeItemPain             2006c390 f   g_saga.obj
 0001:0006b3a0       _SiegeItemRemoveOwner      2006c3a0 f   g_saga.obj
 0001:0006b4b0       _SiegeItemThink            2006c4b0 f   g_saga.obj
 0001:0006b770       _SiegeItemTouch            2006c770 f   g_saga.obj
 0001:0006b8e0       _SiegeItemUse              2006c8e0 f   g_saga.obj
 0001:0006b9c0       _SiegeObjectiveCompleted   2006c9c0 f   g_saga.obj
 0001:0006ba60       _SiegeRespawn              2006ca60 f   g_saga.obj
 0001:0006bac0       _SiegeRoundComplete        2006cac0 f   g_saga.obj
 0001:0006bc90       _SiegeTeamSwitch           2006cc90 f   g_saga.obj
 0001:0006bd10       _UseSiegeTarget            2006cd10 f   g_saga.obj
 0001:0006bdb0       _decompTriggerUse          2006cdb0 f   g_saga.obj
 0001:0006bed0       _siegeEndUse               2006ced0 f   g_saga.obj
 0001:0006bee0       _siegeTriggerUse           2006cee0 f   g_saga.obj
 0001:0006c060       _G_InitSessionData         2006d060 f   g_session.obj
 0001:0006c220       _G_InitWorldSession        2006d220 f   g_session.obj
 0001:0006c280       _G_ReadSessionData         2006d280 f   g_session.obj
 0001:0006c3c0       _G_WriteClientSessionData  2006d3c0 f   g_session.obj
 0001:0006c530       _G_WriteSessionData        2006d530 f   g_session.obj
 0001:0006c710       _SP_gametype_item          2006d710 f   g_spawn.obj
 0001:0006c820       _AddSpawnField             2006d820 f   g_spawn.obj
 0001:0006c990       _G_CallSpawn               2006d990 f   g_spawn.obj
 0001:0006caa0       _G_NewString               2006daa0 f   g_spawn.obj
 0001:0006cb10       _G_ParseSpawnVars          2006db10 f   g_spawn.obj
 0001:0006cd00       _G_PrecacheSoundsets       2006dd00 f   g_spawn.obj
 0001:0006cd60       _G_SpawnEntitiesFromString 2006dd60 f   g_spawn.obj
 0001:0006ce40       _G_SpawnFloat              2006de40 f   g_spawn.obj
 0001:0006ce70       _G_SpawnGEntityFromSpawnVars 2006de70 f   g_spawn.obj
 0001:0006d020       _G_SpawnInt                2006e020 f   g_spawn.obj
 0001:0006d050       _G_SpawnString             2006e050 f   g_spawn.obj
 0001:0006d0c0       _G_SpawnVector             2006e0c0 f   g_spawn.obj
 0001:0006d6b0       _SP_worldspawn             2006e6b0 f   g_spawn.obj
 0001:0006db40       _strap_G2API_AnimateG2Models 2006eb40 f   g_strap.obj
 0001:0006db50       _strap_G2API_GetBoltMatrix 2006eb50 f   g_strap.obj
 0001:0006db60       _strap_G2API_GetBoltMatrix_NoRecNoRot 2006eb60 f   g_strap.obj
 0001:0006db70       _strap_G2API_GetBoneAnim   2006eb70 f   g_strap.obj
 0001:0006db80       _strap_G2API_IKMove        2006eb80 f   g_strap.obj
 0001:0006db90       _strap_G2API_SetBoneAngles 2006eb90 f   g_strap.obj
 0001:0006dba0       _strap_G2API_SetBoneAnim   2006eba0 f   g_strap.obj
 0001:0006dbe0       _strap_G2API_SetBoneIKState 2006ebe0 f   g_strap.obj
 0001:0006dc60       _ClientForString           2006ec60 f   g_svcmds.obj
 0001:0006dd40       _ConsoleCommand            2006ed40 f   g_svcmds.obj
 0001:0006def0       _G_FilterPacket            2006eef0 f   g_svcmds.obj
 0001:0006df90       _G_ProcessIPBans           2006ef90 f   g_svcmds.obj
 0001:0006e120       _Svcmd_AddIP_f             2006f120 f   g_svcmds.obj
 0001:0006e170       _Svcmd_EntityList_f        2006f170 f   g_svcmds.obj
 0001:0006e300       _Svcmd_ForceTeam_f         2006f300 f   g_svcmds.obj
 0001:0006e380       _Svcmd_RemoveIP_f          2006f380 f   g_svcmds.obj
 0001:0006e4e0       _dllEntry                  2006f4e0 f   g_syscalls.obj
 0001:0006e4f0       _trap_AdjustAreaPortalState 2006f4f0 f   g_syscalls.obj
 0001:0006e510       _trap_Argc                 2006f510 f   g_syscalls.obj
 0001:0006e520       _trap_Argv                 2006f520 f   g_syscalls.obj
 0001:0006e540       _trap_BotAllocGoalState    2006f540 f   g_syscalls.obj
 0001:0006e560       _trap_BotAllocMoveState    2006f560 f   g_syscalls.obj
 0001:0006e570       _trap_BotAllocWeaponState  2006f570 f   g_syscalls.obj
 0001:0006e580       _trap_BotAllocateClient    2006f580 f   g_syscalls.obj
 0001:0006e590       _trap_BotFreeGoalState     2006f590 f   g_syscalls.obj
 0001:0006e5b0       _trap_BotFreeMoveState     2006f5b0 f   g_syscalls.obj
 0001:0006e5d0       _trap_BotFreeWeaponState   2006f5d0 f   g_syscalls.obj
 0001:0006e5f0       _trap_BotGetServerCommand  2006f5f0 f   g_syscalls.obj
 0001:0006e610       _trap_BotLibSetup          2006f610 f   g_syscalls.obj
 0001:0006e620       _trap_BotLibShutdown       2006f620 f   g_syscalls.obj
 0001:0006e630       _trap_BotResetAvoidGoals   2006f630 f   g_syscalls.obj
 0001:0006e650       _trap_BotResetAvoidReach   2006f650 f   g_syscalls.obj
 0001:0006e670       _trap_BotResetGoalState    2006f670 f   g_syscalls.obj
 0001:0006e690       _trap_BotResetMoveState    2006f690 f   g_syscalls.obj
 0001:0006e6b0       _trap_BotResetWeaponState  2006f6b0 f   g_syscalls.obj
 0001:0006e6d0       _trap_BotUserCommand       2006f6d0 f   g_syscalls.obj
 0001:0006e6f0       _trap_Bot_CalculatePaths   2006f6f0 f   g_syscalls.obj
 0001:0006e710       _trap_Bot_UpdateWaypoints  2006f710 f   g_syscalls.obj
 0001:0006e730       _trap_CM_RegisterTerrain   2006f730 f   g_syscalls.obj
 0001:0006e750       _trap_Cvar_Register        2006f750 f   g_syscalls.obj
 0001:0006e770       _trap_Cvar_Set             2006f770 f   g_syscalls.obj
 0001:0006e790       _trap_Cvar_Update          2006f790 f   g_syscalls.obj
 0001:0006e7b0       _trap_Cvar_VariableIntegerValue 2006f7b0 f   g_syscalls.obj
 0001:0006e7d0       _trap_Cvar_VariableStringBuffer 2006f7d0 f   g_syscalls.obj
 0001:0006e7f0       _trap_DropClient           2006f7f0 f   g_syscalls.obj
 0001:0006e810       _trap_EA_Alt_Attack        2006f810 f   g_syscalls.obj
 0001:0006e830       _trap_EA_Attack            2006f830 f   g_syscalls.obj
 0001:0006e850       _trap_EA_Crouch            2006f850 f   g_syscalls.obj
 0001:0006e870       _trap_EA_ForcePower        2006f870 f   g_syscalls.obj
 0001:0006e890       _trap_EA_GetInput          2006f890 f   g_syscalls.obj
 0001:0006e8c0       _trap_EA_Jump              2006f8c0 f   g_syscalls.obj
 0001:0006e8e0       _trap_EA_Move              2006f8e0 f   g_syscalls.obj
 0001:0006e910       _trap_EA_MoveBack          2006f910 f   g_syscalls.obj
 0001:0006e930       _trap_EA_MoveForward       2006f930 f   g_syscalls.obj
 0001:0006e950       _trap_EA_MoveLeft          2006f950 f   g_syscalls.obj
 0001:0006e970       _trap_EA_MoveRight         2006f970 f   g_syscalls.obj
 0001:0006e990       _trap_EA_ResetInput        2006f990 f   g_syscalls.obj
 0001:0006e9b0       _trap_EA_Say               2006f9b0 f   g_syscalls.obj
 0001:0006e9d0       _trap_EA_SayTeam           2006f9d0 f   g_syscalls.obj
 0001:0006e9f0       _trap_EA_SelectWeapon      2006f9f0 f   g_syscalls.obj
 0001:0006ea10       _trap_EA_Use               2006fa10 f   g_syscalls.obj
 0001:0006ea30       _trap_EA_View              2006fa30 f   g_syscalls.obj
 0001:0006ea50       _trap_EntitiesInBox        2006fa50 f   g_syscalls.obj
 0001:0006ea70       _trap_EntityContact        2006fa70 f   g_syscalls.obj
 0001:0006ea90       _trap_Error                2006fa90 f   g_syscalls.obj
 0001:0006eab0       _trap_FS_FCloseFile        2006fab0 f   g_syscalls.obj
 0001:0006ead0       _trap_FS_FOpenFile         2006fad0 f   g_syscalls.obj
 0001:0006eaf0       _trap_FS_GetFileList       2006faf0 f   g_syscalls.obj
 0001:0006eb10       _trap_FS_Read              2006fb10 f   g_syscalls.obj
 0001:0006eb30       _trap_FS_Write             2006fb30 f   g_syscalls.obj
 0001:0006eb50       _trap_G2API_AddBolt        2006fb50 f   g_syscalls.obj
 0001:0006eb70       _trap_G2API_AnimateG2Models 2006fb70 f   g_syscalls.obj
 0001:0006eb90       _trap_G2API_AttachInstanceToEntNum 2006fb90 f   g_syscalls.obj
 0001:0006ebb0       _trap_G2API_CleanEntAttachments 2006fbb0 f   g_syscalls.obj
 0001:0006ebc0       _trap_G2API_CleanGhoul2Models 2006fbc0 f   g_syscalls.obj
 0001:0006ebe0       _trap_G2API_CollisionDetect 2006fbe0 f   g_syscalls.obj
[...]
 0003:0000ab88       ?i@?1??SnapVector@@9@9     2011eb88     bg_misc.obj
 0003:0000ab8c       ?f@?1??SnapVector@@9@9     2011eb8c     bg_misc.obj
 0003:0000ab90       _bg_pool                   2011eb90     bg_misc.obj
 0003:002e7250       _bg_poolSize               203fb250     bg_misc.obj
 0003:002e7258       ?thoracicAngles@?1??BG_G2PlayerAngles@@9@9 203fb258     bg_pmove.obj
 0003:002e7278       _pm_flying                 203fb278     bg_pmove.obj
 0003:002e727c       ?oldLookAngles@?1??BG_UpdateLookAngles@@9@9 203fb27c     bg_pmove.obj
 0003:002e7288       ?lookAnglesDiff@?1??BG_UpdateLookAngles@@9@9 203fb288     bg_pmove.obj
 0003:002e7294       ?ang@?1??BG_UpdateLookAngles@@9@9 203fb294     bg_pmove.obj
 0003:002e7298       ?dir@?1??BG_G2PlayerAngles@@9@9 203fb298     bg_pmove.obj
 0003:002e729c       ?i@?1??BG_G2PlayerAngles@@9@9 203fb29c     bg_pmove.obj
 0003:002e72a0       ?dif@?1??BG_G2PlayerAngles@@9@9 203fb2a0     bg_pmove.obj
 0003:002e72a4       ?dest@?1??BG_G2PlayerAngles@@9@9 203fb2a4     bg_pmove.obj
 0003:002e72a8       ?speed@?1??BG_G2PlayerAngles@@9@9 203fb2a8     bg_pmove.obj
 0003:002e72ac       ?eyeAngles@?1??BG_G2PlayerAngles@@9@9 203fb2ac     bg_pmove.obj
 0003:002e72b8       ?neckAngles@?1??BG_G2PlayerAngles@@9@9 203fb2b8     bg_pmove.obj
 0003:002e72c4       ?velocity@?1??BG_G2PlayerAngles@@9@9 203fb2c4     bg_pmove.obj
 0003:002e72d0       ?torsoAngles@?1??BG_G2PlayerAngles@@9@9 203fb2d0     bg_pmove.obj
 0003:002e72dc       ?headAngles@?1??BG_G2PlayerAngles@@9@9 203fb2dc     bg_pmove.obj
 0003:002e72e8       ?velPos@?1??BG_G2PlayerAngles@@9@9 203fb2e8     bg_pmove.obj
 0003:002e72f4       ?velAng@?1??BG_G2PlayerAngles@@9@9 203fb2f4     bg_pmove.obj
 0003:002e7300       ?ulAngles@?1??BG_G2PlayerAngles@@9@9 203fb300     bg_pmove.obj
 0003:002e730c       ?llAngles@?1??BG_G2PlayerAngles@@9@9 203fb30c     bg_pmove.obj
 0003:002e7318       ?viewAngles@?1??BG_G2PlayerAngles@@9@9 203fb318     bg_pmove.obj
 0003:002e7324       ?angles@?1??BG_G2PlayerAngles@@9@9 203fb324     bg_pmove.obj
 0003:002e7330       _SaberParms                203fb330     bg_saberLoad.obj
 0003:002f7330       _bgSaberParseTBuffer       2040b330     bg_saberLoad.obj
 0003:00307348       _g_numBots                 2041b348     g_bot.obj
 0003:0030734c       ?checkminimumplayers_time@?1??G_CheckMinimumPlayers@@9@9 2041b34c     g_bot.obj
 0003:00307350       _g_botInfos                2041b350     g_bot.obj
 0003:00308350       _g_arenaInfos              2041c350     g_bot.obj
 0003:00309350       _botSpawnQueue             2041d350     g_bot.obj
 0003:003093d8       ?sTemp@?4??ClientConnect@@9@9 2041d3d8     g_client.obj
 0003:003097d8       ?f@?1??G_UpdateClientAnims@@9@9 2041d7d8     g_client.obj
 0003:003097dc       ?torsoAnim@?1??G_UpdateClientAnims@@9@9 2041d7dc     g_client.obj
 0003:003097e0       ?legsAnim@?1??G_UpdateClientAnims@@9@9 2041d7e0     g_client.obj
 0003:003097e4       ?firstFrame@?1??G_UpdateClientAnims@@9@9 2041d7e4     g_client.obj
 0003:003097e8       ?lastFrame@?1??G_UpdateClientAnims@@9@9 2041d7e8     g_client.obj
 0003:003097ec       ?aFlags@?1??G_UpdateClientAnims@@9@9 2041d7ec     g_client.obj
 0003:003097f0       ?animSpeed@?1??G_UpdateClientAnims@@9@9 2041d7f0     g_client.obj
 0003:003097f4       ?lAnimSpeedScale@?1??G_UpdateClientAnims@@9@9 2041d7f4     g_client.obj
 0003:00309800       ?line@?1??ConcatArgs@@9@9  2041d800     g_cmds.obj
 0003:00309c08       ?i@?HB@??player_die@@9@9   2041dc08     g_combat.obj
 0003:00309c10       ?i@?1??SnapVector@@9@9     2041dc10     g_items.obj
 0003:00309c14       ?f@?1??SnapVector@@9@9     2041dc14     g_items.obj
 0003:00309c18       _shieldLoopSound           2041dc18     g_items.obj
 0003:00309c1c       _shieldAttachSound         2041dc1c     g_items.obj
 0003:00309c20       _shieldActivateSound       2041dc20     g_items.obj
 0003:00309c24       _shieldDeactivateSound     2041dc24     g_items.obj
 0003:00309c28       _shieldDamageSound         2041dc28     g_items.obj
 0003:00309c2c       ?shieldItem@?1??PlaceShield@@9@9 2041dc2c     g_items.obj
 0003:00309c70       ?text@?1??G_GetStringEdString@@9@9 2041dc70     g_main.obj
 0003:0030a070       _navCalcPathTime           2041e070     g_main.obj
 0003:0030a078       _memoryPool                2041e078     g_mem.obj
 0003:0034a078       _allocPoint                2045e078     g_mem.obj
 0003:0034a088       _g_shooterClients          2045e088     g_misc.obj
 0003:003645c8       _g_shooterClientInit       204785c8     g_misc.obj
 0003:003645cc       ?i@?1??SnapVector@@9@9     204785cc     g_missile.obj
 0003:003645d0       ?f@?1??SnapVector@@9@9     204785d0     g_missile.obj
 0003:00364608       _numStoredWaypoints        20478608     g_nav.obj
 0003:00364610       _tempWaypointList          20478610     g_nav.obj
 0003:0038ce50       _team1                     204a0e50     g_saga.obj
 0003:0038d050       _team2                     204a1050     g_saga.obj
 0003:0038d250       _gParseObjectives          204a1250     g_saga.obj
 0003:00391250       _gObjectiveCfgStr          204a5250     g_saga.obj
 0003:00391658       _ipFilters                 204a5658     g_svcmds.obj
 0003:00393658       _numIPFilters              204a7658     g_svcmds.obj
 0003:00393660       ?i@?1??SnapVector@@9@9     204a7660     g_turret.obj
 0003:00393664       ?f@?1??SnapVector@@9@9     204a7664     g_turret.obj
 0003:00393668       ?i@?1??SnapVector@@9@9     204a7668     g_turret_G2.obj
 0003:0039366c       ?f@?1??SnapVector@@9@9     204a766c     g_turret_G2.obj
 0003:00393678       ?i@?1??SnapVector@@9@9     204a7678     g_utils.obj
 0003:0039367c       ?f@?1??SnapVector@@9@9     204a767c     g_utils.obj
 0003:00393680       ?buff@?1??BuildShaderStateConfig@@9@9 204a7680     g_utils.obj
 0003:00394680       _g_vehiclePool             204a8680     g_utils.obj
 0003:003b0280       _g_vehiclePoolOccupied     204c4280     g_utils.obj
 0003:003b0480       _g_vehiclePoolInit         204c4480     g_utils.obj
 0003:003b0484       ?index@?1??tv@@9@9         204c4484     g_utils.obj
 0003:003b0488       ?vecs@?1??tv@@9@9          204c4488     g_utils.obj
 0003:003b04e8       ?index@?1??vtos@@9@9       204c44e8     g_utils.obj
 0003:003b04f0       ?str@?1??vtos@@9@9         204c44f0     g_utils.obj
 0003:003b05f0       ?tr@?1??G_ClearTrace@@9@9  204c45f0     g_utils.obj
 0003:003b0620       ?i@?1??SnapVector@@9@9     204c4620     g_weapon.obj
 0003:003b0624       ?f@?1??SnapVector@@9@9     204c4624     g_weapon.obj
 0003:003b0628       _s_quadFactor              204c4628     g_weapon.obj
 0003:003b062c       _forward                   204c462c     g_weapon.obj
 0003:003b0638       _vright                    204c4638     g_weapon.obj
 0003:003b0644       _up                        204c4644     g_weapon.obj
 0003:003b0650       _muzzle                    204c4650     g_weapon.obj
 0003:003b0660       _ent_list                  204c4660     g_weapon.obj
 0003:003b1660       _enemyLOS4                 204c5660     NPC_AI_GalakMech.obj
 0003:003b1664       _enemyCS4                  204c5664     NPC_AI_GalakMech.obj
 0003:003b1668       _hitAlly4                  204c5668     NPC_AI_GalakMech.obj
 0003:003b166c       _faceEnemy4                204c566c     NPC_AI_GalakMech.obj
 0003:003b1670       _move4                     204c5670     NPC_AI_GalakMech.obj
 0003:003b1674       _shoot4                    204c5674     NPC_AI_GalakMech.obj
 0003:003b1678       _enemyDist4                204c5678     NPC_AI_GalakMech.obj
 0003:003b167c       _impactPos4                204c567c     NPC_AI_GalakMech.obj
 0003:003b1688       _enemyLOS3                 204c5688     NPC_AI_Grenadier.obj
 0003:003b168c       _enemyCS3                  204c568c     NPC_AI_Grenadier.obj
 0003:003b1690       _faceEnemy3                204c5690     NPC_AI_Grenadier.obj
 0003:003b1694       _move3                     204c5694     NPC_AI_Grenadier.obj
 0003:003b1698       _shoot3                    204c5698     NPC_AI_Grenadier.obj
 0003:003b169c       _enemyDist3                204c569c     NPC_AI_Grenadier.obj
 0003:003b16a0       ?forward@?1??ImperialProbe_FireBlaster@@9@9 204c56a0     NPC_AI_ImperialProbe.obj
 0003:003b16ac       ?vright@?1??ImperialProbe_FireBlaster@@9@9 204c56ac     NPC_AI_ImperialProbe.obj
 0003:003b16b8       ?up@?1??ImperialProbe_FireBlaster@@9@9 204c56b8     NPC_AI_ImperialProbe.obj
 0003:003b16c4       _jediSpeechDebounceTime    204c56c4     NPC_AI_Jedi.obj
 0003:003b16d4       ?forward@?1??Mark1_FireBlaster@@9@9 204c56d4     NPC_AI_Mark1.obj
 0003:003b16e0       ?vright@?1??Mark1_FireBlaster@@9@9 204c56e0     NPC_AI_Mark1.obj
 0003:003b16ec       ?up@?1??Mark1_FireBlaster@@9@9 204c56ec     NPC_AI_Mark1.obj
 0003:003b16f8       ?forward@?1??Mark1_FireRocket@@9@9 204c56f8     NPC_AI_Mark1.obj
 0003:003b1704       ?vright@?1??Mark1_FireRocket@@9@9 204c5704     NPC_AI_Mark1.obj
 0003:003b1710       ?up@?1??Mark1_FireRocket@@9@9 204c5710     NPC_AI_Mark1.obj
 0003:003b171c       ?forward@?1??Mark2_FireBlaster@@9@9 204c571c     NPC_AI_Mark2.obj
 0003:003b1728       ?vright@?1??Mark2_FireBlaster@@9@9 204c5728     NPC_AI_Mark2.obj
 0003:003b1734       ?up@?1??Mark2_FireBlaster@@9@9 204c5734     NPC_AI_Mark2.obj
 0003:003b1740       ?forward@?1??Remote_Fire@@9@9 204c5740     NPC_AI_Remote.obj
 0003:003b174c       ?vright@?1??Remote_Fire@@9@9 204c574c     NPC_AI_Remote.obj
 0003:003b1758       ?up@?1??Remote_Fire@@9@9   204c5758     NPC_AI_Remote.obj
 0003:003b1764       ?forward@?1??Sentry_Fire@@9@9 204c5764     NPC_AI_Sentry.obj
 0003:003b1770       ?vright@?1??Sentry_Fire@@9@9 204c5770     NPC_AI_Sentry.obj
 0003:003b177c       ?up@?1??Sentry_Fire@@9@9   204c577c     NPC_AI_Sentry.obj
 0003:003b1788       _enemyLOS2                 204c5788     NPC_AI_Sniper.obj
 0003:003b178c       _enemyCS2                  204c578c     NPC_AI_Sniper.obj
 0003:003b1790       _faceEnemy2                204c5790     NPC_AI_Sniper.obj
 0003:003b1794       _move2                     204c5794     NPC_AI_Sniper.obj
 0003:003b1798       _shoot2                    204c5798     NPC_AI_Sniper.obj
 0003:003b179c       _enemyDist2                204c579c     NPC_AI_Sniper.obj
 0003:003b17a0       _enemyLOS                  204c57a0     NPC_AI_Stormtrooper.obj
 0003:003b17a4       _enemyCS                   204c57a4     NPC_AI_Stormtrooper.obj
 0003:003b17a8       _enemyInFOV                204c57a8     NPC_AI_Stormtrooper.obj
 0003:003b17ac       _hitAlly                   204c57ac     NPC_AI_Stormtrooper.obj
 0003:003b17b0       _faceEnemy                 204c57b0     NPC_AI_Stormtrooper.obj
 0003:003b17b4       _move                      204c57b4     NPC_AI_Stormtrooper.obj
 0003:003b17b8       _shoot                     204c57b8     NPC_AI_Stormtrooper.obj
 0003:003b17bc       _enemyDist                 204c57bc     NPC_AI_Stormtrooper.obj
 0003:003b17c0       _impactPos                 204c57c0     NPC_AI_Stormtrooper.obj
 0003:003b17e0       ?bops_initialized@?1??BoxOnPlaneSide@@9@9 204c57e0     q_math.obj
 0003:003b17e4       ?Ljmptab@?1??BoxOnPlaneSide@@9@9 204c57e4     q_math.obj
 0003:003b1804       ?sr@?1??AngleVectors@@9@9  204c5804     q_math.obj
 0003:003b1808       ?sp@?1??AngleVectors@@9@9  204c5808     q_math.obj
 0003:003b180c       ?sy@?1??AngleVectors@@9@9  204c580c     q_math.obj
 0003:003b1810       ?cr@?1??AngleVectors@@9@9  204c5810     q_math.obj
 0003:003b1814       ?cp@?1??AngleVectors@@9@9  204c5814     q_math.obj
 0003:003b1818       ?cy@?1??AngleVectors@@9@9  204c5818     q_math.obj
 0003:003b1820       _com_token                 204c5820     q_shared.obj
 0003:003b1c20       _com_parsename             204c5c20     q_shared.obj
 0003:003b2020       _com_lines                 204c6020     q_shared.obj
 0003:003b2024       ?index@?1??va@@9@9         204c6024     q_shared.obj
 0003:003b2028       ?string@?1??COM_ParseError@@9@9 204c6028     q_shared.obj
 0003:003b3028       ?string@?1??COM_ParseWarning@@9@9 204c7028     q_shared.obj
 0003:003b4028       ?string@?1??va@@9@9        204c8028     q_shared.obj
 0003:003c3a28       ?value@?1??Info_ValueForKey@@9@9 204d7a28     q_shared.obj
 0003:003c7a28       ?valueindex@?1??Info_ValueForKey@@9@9 204dba28     q_shared.obj
 0003:003c7a4c       _saberClashPos             204dba4c     w_saber.obj
 0003:003c7a58       ?faces@?1??G_BuildSaberFaces@@9@9 204dba58     w_saber.obj
 0003:003c7c08       ?planeEq@?1??G_SaberFaceCollisionCheck@@9@9 204dbc08     w_saber.obj
 0003:003c7c18       ?side@?1??G_SaberFaceCollisionCheck@@9@9 204dbc18     w_saber.obj
 0003:003c7c1c       ?side2@?1??G_SaberFaceCollisionCheck@@9@9 204dbc1c     w_saber.obj
 0003:003c7c20       ?dist@?1??G_SaberFaceCollisionCheck@@9@9 204dbc20     w_saber.obj
 0003:003c7c24       ?dir@?1??G_SaberFaceCollisionCheck@@9@9 204dbc24     w_saber.obj
 0003:003c7c30       ?point@?1??G_SaberFaceCollisionCheck@@9@9 204dbc30     w_saber.obj
 0003:003c7c3c       ?extruded@?4??G_SaberFaceCollisionCheck@@9@9 204dbc3c     w_saber.obj
 0003:003c7c48       ?minPoint@?4??G_SaberFaceCollisionCheck@@9@9 204dbc48     w_saber.obj
 0003:003c7c54       ?maxPoint@?4??G_SaberFaceCollisionCheck@@9@9 204dbc54     w_saber.obj
 0003:003c7c60       ?planeNormal@?4??G_SaberFaceCollisionCheck@@9@9 204dbc60     w_saber.obj
 0003:003c7c6c       ?facing@?4??G_SaberFaceCollisionCheck@@9@9 204dbc6c     w_saber.obj
 0003:003c7c70       ?i@?1??G_SaberCollide@@9@9 204dbc70     w_saber.obj
 0003:003c7c74       ?j@?1??G_SaberCollide@@9@9 204dbc74     w_saber.obj
 0003:003c7c78       _victimEntityNum           204dbc78     w_saber.obj
 0003:003c7cb8       _totalDmg                  204dbcb8     w_saber.obj
 0003:003c7cf8       _dmgDir                    204dbcf8     w_saber.obj
 0003:003c7db8       _dmgSpot                   204dbdb8     w_saber.obj
 0003:003c7e78       _numVictims                204dbe78     w_saber.obj
 0003:003c7e7c       _saberDoClashEffect        204dbe7c     w_saber.obj
 0003:003c7e80       _saberClashNorm            204dbe80     w_saber.obj
 0003:003c7e8c       _saberHitWall              204dbe8c     w_saber.obj
 0003:003c7e90       _saberHitSaber             204dbe90     w_saber.obj
 0003:003c7e94       ?tr@?1??CheckSaberDamage@@9@9 204dbe94     w_saber.obj
 0003:003c7ec4       ?dir@?1??CheckSaberDamage@@9@9 204dbec4     w_saber.obj
 0003:003c7ed0       ?saberTrMins@?1??CheckSaberDamage@@9@9 204dbed0     w_saber.obj
 0003:003c7edc       ?saberTrMaxs@?1??CheckSaberDamage@@9@9 204dbedc     w_saber.obj
 0003:003c7ee8       ?lastValidStart@?1??CheckSaberDamage@@9@9 204dbee8     w_saber.obj
 0003:003c7ef4       ?lastValidEnd@?1??CheckSaberDamage@@9@9 204dbef4     w_saber.obj
 0003:003c7f00       ?selfSaberLevel@?1??CheckSaberDamage@@9@9 204dbf00     w_saber.obj
 0003:003c7f04       ?otherSaberLevel@?1??CheckSaberDamage@@9@9 204dbf04     w_saber.obj
 0003:003c7f10       ?__proc_attached@@3HA      204dbf10     LIBCMT:dll_dllmain.obj
 0003:003c7f1c       ?module_local_atexit_table@@3U_onexit_table_t@@A 204dbf1c     LIBCMT:utility.obj
 0003:003c7f28       ?module_local_at_quick_exit_table@@3U_onexit_table_t@@A 204dbf28     LIBCMT:utility.obj
 0003:003c7f34       ?is_initialized_as_dll@@3_NA 204dbf34     LIBCMT:utility.obj
 0003:003c7f48       _GS_ExceptionRecord        204dbf48     LIBCMT:gs_report.obj
 0003:003c7f98       _GS_ContextRecord          204dbf98     LIBCMT:gs_report.obj
 0003:003c8264       ?module_handles@@3PAPAUHINSTANCE__@@A 204dc264     libvcruntime:winapi_downlevel.obj
 0003:003c8274       ?encoded_function_pointers@@3PAPAXA 204dc274     libvcruntime:winapi_downlevel.obj
 0003:003c8298       ?__vcrt_startup_thread_ptd@@3U__vcrt_ptd@@A 204dc298     libvcruntime:per_thread_data.obj
 0003:003c82c0       ___vcrt_lock_table         204dc2c0     libvcruntime:locks.obj
 0003:003c82d8       ___vcrt_locks_initialized  204dc2d8     libvcruntime:locks.obj
 0003:003c8308       ?heap@@3V_HeapManager@@A   204dc308     libvcruntime:undname.obj
 0003:003c831c       _c_termination_complete    204dc31c     libucrt:exit.obj
 0003:003c8320       _thread_local_exit_callback_func 204dc320     libucrt:exit.obj
 0003:003c8324       ?c_exit_complete@?5??common_exit@@YAXHW4_crt_exit_cleanup_mode@@W4_crt_exit_return_mode@@@Z@4_NA 204dc324     libucrt:exit.obj
 0003:003c8350       __pmatherr_set             204dc350     libucrt:libm_error.obj
 0003:003c8354       ___acrt_invalid_parameter_handler 204dc354     libucrt:invalid_parameter.obj
 0003:003c856c       _enable_percent_n          204dc56c     libucrt:printf_count_output.obj
 0003:003c8578       _user_matherr              204dc578     libucrt:matherr.obj
 0003:003c8580       ___acrt_lock_table         204dc580     libucrt:locks.obj
 0003:003c86b8       ___acrt_locks_initialized  204dc6b8     libucrt:locks.obj
 0003:003c86c0       _module_handles            204dc6c0     libucrt:winapi_thunks.obj
 0003:003c8710       _encoded_function_pointers 204dc710     libucrt:winapi_thunks.obj
 0003:003c8790       ?state_cache@?1??__acrt_is_packaged_app@@9@4JA 204dc790     libucrt:winapi_thunks.obj
 0003:003c87ac       _fSystemSet                204dc7ac     libucrt:mbctype.obj
 0003:003c87b0       ?initialized@?1??__acrt_initialize_multibyte@@9@4_NA 204dc7b0     libucrt:mbctype.obj
 0003:003c87c8       ___acrt_new_handler        204dc7c8     libucrt:new_handler.obj
 0003:003c87cc       _ctrlc_action              204dc7cc     libucrt:signal.obj
 0003:003c87d0       _ctrlbreak_action          204dc7d0     libucrt:signal.obj
 0003:003c87d4       _abort_action              204dc7d4     libucrt:signal.obj
 0003:003c87d8       _term_action               204dc7d8     libucrt:signal.obj
 0003:003c87dc       ___acrt_global_new_mode    204dc7dc     libucrt:new_mode.obj
 0003:003c87ec       ___acrt_app_type           204dc7ec     libucrt:report_runtime_error.obj
 0004:00000000       __guard_fids____dcrt_uninitialize_environments_nolock 20875000     libucrt:environment_initialization.obj
 0004:00000008       __guard_fids__             20875008     libucrt:initialization.obj
 0004:00000068       __guard_fids____acrt_initialize_ptd 20875068     libucrt:per_thread_data.obj
 0004:0000006c       __guard_fids____libm_error_support 2087506c     libucrt:libm_error.obj
 0004:00000070       __guard_fids__             20875070     libucrt:locale_initializer.obj
 0004:00000074       __guard_fids__             20875074     libucrt:stdio_initializer.obj
 0004:00000078       __guard_fids__             20875078     libucrt:stdio_initializer.obj
 0004:0000007c       __guard_fids__             2087507c     libucrt:sse2_initializer.obj
 0004:00000080       __guard_fids__             20875080     libucrt:multibyte_initializer.obj
 0004:00000084       __guard_fids__             20875084     libucrt:console_output_initializer.obj
 0004:00000088       __guard_fids_?dllmain_crt_process_attach@@YAHQAUHINSTANCE__@@QAX@Z 20875088     LIBCMT:dll_dllmain.obj
 0004:00000090       __guard_fids_?dllmain_dispatch@@YAHQAUHINSTANCE__@@KQAX@Z 20875090     LIBCMT:dll_dllmain.obj
 0004:00000094       __guard_fids__             20875094     LIBCMT:guard_support.obj
 0004:00000098       __guard_fids__             20875098     libvcruntime:telemetry.obj
 0004:0000009c       __guard_fids_?TraceLoggingRegister@__vcrt_trace_logging_provider@@YAJPBU_TlgProvider_t@1@PBU_GUID@@P6GX1KE_K2PAU_EVENT_FILTER_DESCRIPTOR@@PAX@Z4@Z 2087509c     libvcruntime:telemetry.obj
 0004:000000a0       __guard_fids____vcrt_initialize_ptd 208750a0     libvcruntime:per_thread_data.obj
 0005:00000000       _2il0floatpacket_4         20876000     LIBCMT:_svml_dfloor2_sse2_.obj
 0005:00000010       _2il0floatpacket_5         20876010     LIBCMT:_svml_dfloor2_sse2_.obj
 0005:00000020       _2il0floatpacket_6         20876020     LIBCMT:_svml_dfloor2_sse2_.obj
 0006:000000a0       $R000000                   208770a0     JK2game.res
 0006:000003c8       $R000328                   208773c8     JK2game.res
