 uix86

 Timestamp is 57a86f5c (Mon Aug  8 21:39:08 2016)

 Preferred load address is 40000000

 Start         Length     Name                   Class
 0001:00000000 0000025fH .text                   CODE
 0001:00000260 0003b674H .text$mn                CODE
 0002:00000000 00000100H .idata$5                DATA
 0002:00000100 00000004H .00cfg                  DATA
 0002:00000104 00000004H .CRT$XCA                DATA
 0002:00000108 00000004H .CRT$XCZ                DATA
 0002:0000010c 00000004H .CRT$XIA                DATA
 0002:00000110 0000000cH .CRT$XIC                DATA
 0002:0000011c 00000004H .CRT$XIZ                DATA
 0002:00000120 00000004H .CRT$XPA                DATA
 0002:00000124 00000008H .CRT$XPX                DATA
 0002:0000012c 00000004H .CRT$XPXA               DATA
 0002:00000130 00000004H .CRT$XPZ                DATA
 0002:00000134 00000004H .CRT$XTA                DATA
 0002:00000138 00000004H .CRT$XTZ                DATA
 0002:00000140 00018f14H .rdata                  DATA
 0002:00019054 00000000H .rdata$r                DATA
 0002:00019060 0000000cH .rdata$sxdata           DATA
 0002:00019070 00000010H .rdata$zETW0            DATA
 0002:00019080 00000077H .rdata$zETW1            DATA
 0002:000190f7 0000002cH .rdata$zETW2            DATA
 0002:00019123 00000001H .rdata$zETW9            DATA
 0002:00019124 00000368H .rdata$zzzdbg           DATA
 0002:0001948c 00000004H .rtc$IAA                DATA
 0002:00019490 00000004H .rtc$IZZ                DATA
 0002:00019494 00000004H .rtc$TAA                DATA
 0002:00019498 00000004H .rtc$TZZ                DATA
 0002:000194a0 0000038cH .xdata$x                DATA
 0002:00019830 00000056H .edata                  DATA
 0002:00019888 00000028H .idata$2                DATA
 0002:000198b0 00000014H .idata$3                DATA
 0002:000198c4 00000100H .idata$4                DATA
 0002:000199c4 000004a0H .idata$6                DATA
 0003:00000000 000083e0H .data                   DATA
 0003:000083e0 00000000H .data$r                 DATA
 0003:000083e0 004473d4H .bss                    DATA
 0004:00000000 00000088H .gfids$x                DATA
 0004:00000088 0000001cH .gfids$y                DATA
 0005:00000000 000000a0H .rsrc$01                DATA
 0005:000000a0 000004a8H .rsrc$02                DATA

  Address         Publics by Value              Rva+Base       Lib:Object

 0000:00000000       ___guard_longjmp_count     00000000     <absolute>
 0000:00000000       ___guard_fids_count        00000000     <absolute>
 0000:00000000       __except_list              00000000     <absolute>
 0000:00000000       ___guard_longjmp_table     00000000     <absolute>
 0000:00000000       ___guard_iat_table         00000000     <absolute>
 0000:00000000       ___guard_iat_count         00000000     <absolute>
 0000:00000000       ___guard_fids_table        00000000     <absolute>
 0000:00000003       ___safe_se_handler_count   00000003     <absolute>
 0000:00000100       ___guard_flags             00000100     <absolute>
 0000:00000000       ___ImageBase               40000000     <linker-defined>
 0001:00000000       ?TraceLoggingRegister@__vcrt_trace_logging_provider@@YAJPBU_TlgProvider_t@1@PBU_GUID@@P6GX1KE_K2PAU_EVENT_FILTER_DESCRIPTOR@@PAX@Z4@Z 40001000 f i libvcruntime:telemetry.obj
 0001:0000005d       ?TraceLoggingSetInformation@__vcrt_trace_logging_provider@@YAJPBU_TlgProvider_t@1@W4_EVENT_INFO_CLASS@@PAXK@Z 4000105d f i libvcruntime:telemetry.obj
 0001:00000088       ?TraceLoggingUnregister@__vcrt_trace_logging_provider@@YAXPBU_TlgProvider_t@1@@Z 40001088 f i libvcruntime:telemetry.obj
 0001:000000a7       ?_TlgCreateSz@__vcrt_trace_logging_provider@@YAXPAU_EVENT_DATA_DESCRIPTOR@@PBD@Z 400010a7 f i libvcruntime:telemetry.obj
 0001:000000df       ?_TlgCreateWsz@__vcrt_trace_logging_provider@@YAXPAU_EVENT_DATA_DESCRIPTOR@@PB_W@Z 400010df f i libvcruntime:telemetry.obj
 0001:00000123       ?_TlgEnableCallback@__vcrt_trace_logging_provider@@YGXPBU_GUID@@KE_K1PAU_EVENT_FILTER_DESCRIPTOR@@PAX@Z 40001123 f i libvcruntime:telemetry.obj
 0001:0000019b       ?_TlgKeywordOn@__vcrt_trace_logging_provider@@YAEPBU_TlgProvider_t@1@_K@Z 4000119b f i libvcruntime:telemetry.obj
 0001:000001d7       ?_TlgWrite@__vcrt_trace_logging_provider@@YAJPBU_TlgProvider_t@1@PBXPBU_GUID@@2IPAU_EVENT_DATA_DESCRIPTOR@@@Z 400011d7 f i libvcruntime:telemetry.obj
 0001:00000260       _BG_Alloc                  40001260 f   bg_misc.obj
 0001:000002b0       _BG_FindItemForHoldable    400012b0 f   bg_misc.obj
 0001:00000310       _BG_FindItemForWeapon      40001310 f   bg_misc.obj
 0001:00000350       _BG_LegalizedForcePowers   40001350 f   bg_misc.obj
 0001:000007f0       _BG_GetClassOnBaseClass    400017f0 f   bg_saga.obj
 0001:00000870       _BG_GetUIPortrait          40001870 f   bg_saga.obj
 0001:00000900       _BG_GetUIPortraitFile      40001900 f   bg_saga.obj
 0001:00000990       _BG_SiegeCountBaseClass    40001990 f   bg_saga.obj
 0001:000009f0       _BG_SiegeFindTeamForTheme  400019f0 f   bg_saga.obj
 0001:00000a50       _BG_SiegeFindThemeForTeam  40001a50 f   bg_saga.obj
 0001:00000a70       _BG_SiegeGetPairedValue    40001a70 f   bg_saga.obj
 0001:00000cd0       _BG_SiegeGetValueGroup     40001cd0 f   bg_saga.obj
 0001:00000fe0       _BG_SiegeLoadClasses       40001fe0 f   bg_saga.obj
 0001:000010b0       _BG_SiegeLoadTeams         400020b0 f   bg_saga.obj
 0001:00001390       _BG_SiegeParseClassFile    40002390 f   bg_saga.obj
 0001:00001c70       _BG_SiegeSetTeamTheme      40002c70 f   bg_saga.obj
 0001:00001ca0       _BG_SiegeStripTabs         40002ca0 f   bg_saga.obj
 0001:00001ce0       _BG_SiegeTranslateForcePowers 40002ce0 f   bg_saga.obj
 0001:00001eb0       _BG_SiegeTranslateGenericTable 40002eb0 f   bg_saga.obj
 0001:00001f90       ___local_stdio_scanf_options 40002f90 f i bg_vehicleLoad.obj
 0001:00001fa0       _AngleVectors              40002fa0 f   q_math.obj
 0001:00002160       _AnglesToAxis              40003160 f   q_math.obj
 0001:000021c0       _AxisClear                 400031c0 f   q_math.obj
 0001:00002210       _VectorNormalize           40003210 f   q_math.obj
 0001:000022c0       _COM_BeginParseSession     400032c0 f   q_shared.obj
 0001:000022f0       _COM_Compress              400032f0 f   q_shared.obj
 0001:00002400       _COM_Parse                 40003400 f   q_shared.obj
 0001:00002420       _COM_ParseExt              40003420 f   q_shared.obj
 0001:00002590       _COM_ParseFloat            40003590 f   q_shared.obj
 0001:000025d0       _COM_ParseString           400035d0 f   q_shared.obj
 0001:00002610       _COM_StripExtension        40003610 f   q_shared.obj
 0001:00002640       _Com_Clamp                 40003640 f   q_shared.obj
 0001:00002670       _Com_sprintf               40003670 f   q_shared.obj
 0001:00002730       _GetIDForString            40003730 f   q_shared.obj
 0001:00002780       _Info_RemoveKey            40003780 f   q_shared.obj
 0001:00002870       _Info_SetValueForKey       40003870 f   q_shared.obj
 0001:00002a20       _Info_ValueForKey          40003a20 f   q_shared.obj
 0001:00002b10       _Q_CleanStr                40003b10 f   q_shared.obj
 0001:00002b60       _Q_irand                   40003b60 f   q_shared.obj
 0001:00002b80       _Q_strcat                  40003b80 f   q_shared.obj
 0001:00002c10       _Q_stricmp                 40003c10 f   q_shared.obj
 0001:00002c40       _Q_stricmpn                40003c40 f   q_shared.obj
 0001:00002cc0       _Q_strncpyz                40003cc0 f   q_shared.obj
 0001:00002d20       _Q_strrchr                 40003d20 f   q_shared.obj
 0001:00002d50       _Q_strupr                  40003d50 f   q_shared.obj
 0001:00002d80       _SkipBracedSection         40003d80 f   q_shared.obj
 0001:00002ee0       _SkipRestOfLine            40003ee0 f   q_shared.obj
 0001:00002f10       ___local_stdio_printf_options 40003f10 f i q_shared.obj
 0001:00002f20       _va                        40003f20 f   q_shared.obj
 0001:00002f70       _Com_Error                 40003f70 f   ui_atoms.obj
 0001:00002fc0       _Com_Printf                40003fc0 f   ui_atoms.obj
 0001:00003510       _UI_ClearScores            40004510 f   ui_atoms.obj
 0001:00003760       _UI_ConsoleCommand         40004760 f   ui_atoms.obj
 0001:000038f0       _UI_Cvar_VariableString    400048f0 f   ui_atoms.obj
 0001:00003910       _UI_DrawHandlePic          40004910 f   ui_atoms.obj
 0001:000039b0       _UI_FillRect               400049b0 f   ui_atoms.obj
 0001:00003a30       _UI_LoadBestScores         40004a30 f   ui_atoms.obj
 0001:00003b20       _UI_SetBestScores          40004b20 f   ui_atoms.obj
 0001:00003e40       _UI_SetColor               40004e40 f   ui_atoms.obj
 0001:00003e50       _UI_DrawForceStars         40004e50 f   ui_force.obj
 0001:00003f60       _UI_ForceConfigHandle      40004f60 f   ui_force.obj
 0001:000043e0       _UI_ForceMaxRank_HandleKey 400053e0 f   ui_force.obj
 0001:00004460       _UI_ForcePowerRank_HandleKey 40005460 f   ui_force.obj
 0001:00004590       _UI_ForceSide_HandleKey    40005590 f   ui_force.obj
 0001:00004690       _UI_InitForceShaders       40005690 f   ui_force.obj
 0001:00004800       _UI_JediNonJedi_HandleKey  40005800 f   ui_force.obj
 0001:00004940       _UI_ReadLegalForce         40005940 f   ui_force.obj
 0001:00004ca0       _UI_SaveForceTemplate      40005ca0 f   ui_force.obj
 0001:00004e70       _UI_SkinColor_HandleKey    40005e70 f   ui_force.obj
 0001:00004ee0       _UI_UpdateClientForcePowers 40005ee0 f   ui_force.obj
 0001:00004fd0       _UI_UpdateForcePowers      40005fd0 f   ui_force.obj
 0001:00005220       _UpdateForceUsed           40006220 f   ui_force.obj
 0001:000054e0       _UI_GetBotNameByNumber     400064e0 f   ui_gameinfo.obj
 0001:00005530       _UI_GetNumBots             40006530 f   ui_gameinfo.obj
 0001:00005540       _UI_LoadArenas             40006540 f   ui_gameinfo.obj
 0001:00005920       _UI_LoadBots               40006920 f   ui_gameinfo.obj
 0001:00005b30       _UI_ParseInfos             40006b30 f   ui_gameinfo.obj
 0001:00005d80       _AssetCache                40006d80 f   ui_main.obj
 0001:00005f10       _Asset_Parse               40006f10 f   ui_main.obj
 0001:000068c0       _GetMenuBuffer             400078c0 f   ui_main.obj
 0001:00006b80       _Text_Height               40007b80 f   ui_main.obj
 0001:00006be0       _Text_Paint                40007be0 f   ui_main.obj
 0001:00006ca0       _Text_PaintCenter          40007ca0 f   ui_main.obj
 0001:00006d80       _Text_PaintWithCursor      40007d80 f   ui_main.obj
 0001:00007110       _Text_Width                40008110 f   ui_main.obj
 0001:000071f0       _UI_AnimsetAlloc           400081f0 f   ui_main.obj
 0001:00008a60       _UI_ClampMaxPlayers        40009a60 f   ui_main.obj
 0001:00009780       _UI_DrawConnectScreen      4000a780 f   ui_main.obj
 0001:0000ceb0       _UI_FeederSelection        4000deb0 f   ui_main.obj
 0001:0000d7d0       _UI_FindCurrentSiegeTeamClass 4000e7d0 f   ui_main.obj
 0001:0000e0e0       _UI_GetStringEdString      4000f0e0 f   ui_main.obj
 0001:0000e120       _UI_GetVideoSetup          4000f120 f   ui_main.obj
 0001:0000e4a0       _UI_HasSetSaberOnly        4000f4a0 f   ui_main.obj
 0001:0000e710       _UI_Load                   4000f710 f   ui_main.obj
 0001:0000e8d0       _UI_LoadForceConfig_List   4000f8d0 f   ui_main.obj
 0001:0000e9f0       _UI_LoadMenus              4000f9f0 f   ui_main.obj
 0001:00010570       _UI_ParseAnimationFile     40011570 f   ui_main.obj
 0001:00010a60       _UI_ParseMenu              40011a60 f   ui_main.obj
 0001:00010e80       _UI_Report                 40011e80 f   ui_main.obj
 0001:00013940       _UI_SetSiegeObjectiveGraphicPos 40014940 f   ui_main.obj
 0001:00013a30       _UI_SetSiegeTeams          40014a30 f   ui_main.obj
 0001:00013d10       _UI_ShowPostGame           40014d10 f   ui_main.obj
 0001:00013e50       _UI_SiegeClassNum          40014e50 f   ui_main.obj
 0001:00013e80       _UI_SiegeSetCvarsForClass  40014e80 f   ui_main.obj
 0001:000150d0       _UI_TeamName               400160d0 f   ui_main.obj
 0001:00015190       _UI_TrueJediEnabled        40016190 f   ui_main.obj
 0001:00015a80       _UI_UpdateCharacterSkin    40016a80 f   ui_main.obj
 0001:00015b50       _UI_UpdateCvarsForClass    40016b50 f   ui_main.obj
 0001:00015e20       _UI_UpdateSiegeObjectiveGraphics 40016e20 f   ui_main.obj
 0001:00015f60       _UI_UpdateSiegeStatusIcons 40016f60 f   ui_main.obj
 0001:00016050       _UI_UpdateVideoSetup       40017050 f   ui_main.obj
 0001:00016230       _UpdateBotButtons          40017230 f   ui_main.obj
 0001:00016290       _UpdateForceStatus         40017290 f   ui_main.obj
 0001:00016580       __UI_DrawRect              40017580 f   ui_main.obj
 0001:00016610       __UI_DrawSides             40017610 f   ui_main.obj
 0001:000166f0       __UI_DrawTopBottom         400176f0 f   ui_main.obj
 0001:000167d0       __UI_Init                  400177d0 f   ui_main.obj
 0001:00016d30       __UI_KeyEvent              40017d30 f   ui_main.obj
 0001:00016db0       __UI_MouseEvent            40017db0 f   ui_main.obj
 0001:00016e20       __UI_Refresh               40017e20 f   ui_main.obj
 0001:000170f0       __UI_SetActiveMenu         400180f0 f   ui_main.obj
 0001:000173e0       _sprintf                   400183e0 f i ui_main.obj
 0001:000174b0       _vmMain                    400184b0 f   ui_main.obj
 0001:000175a0       _SaberColorToString        400185a0 f   ui_saber.obj
 0001:000175f0       _TranslateSaberColor       400185f0 f   ui_saber.obj
 0001:000176b0       _TranslateSaberType        400186b0 f   ui_saber.obj
 0001:000177f0       _UI_CacheSaberGlowGraphics 400187f0 f   ui_saber.obj
 0001:000178b0       _UI_DoSaber                400188b0 f   ui_saber.obj
 0001:00017ba0       _UI_GetSaberForMenu        40018ba0 f   ui_saber.obj
 0001:00017d30       _UI_ParseLiteral           40018d30 f   ui_saber.obj
 0001:00017d90       _UI_SaberAttachToChar      40018d90 f   ui_saber.obj
 0001:00017ed0       _UI_SaberBladeLengthForSaber 40018ed0 f   ui_saber.obj
 0001:00017f80       _UI_SaberBladeRadiusForSaber 40018f80 f   ui_saber.obj
 0001:00018030       _UI_SaberDrawBlade         40019030 f   ui_saber.obj
 0001:00018a20       _UI_SaberDrawBlades        40019a20 f   ui_saber.obj
 0001:00018c50       _UI_SaberGetHiltInfo       40019c50 f   ui_saber.obj
 0001:00018dd0       _UI_SaberLoadParms         40019dd0 f   ui_saber.obj
 0001:00018f80       _UI_SaberModelForSaber     40019f80 f   ui_saber.obj
 0001:00018fa0       _UI_SaberParseParm         40019fa0 f   ui_saber.obj
 0001:000190e0       _UI_SaberProperNameForSaber 4001a0e0 f   ui_saber.obj
 0001:00019160       _UI_SaberSkinForSaber      4001a160 f   ui_saber.obj
 0001:00019180       _UI_SaberTypeForSaber      4001a180 f   ui_saber.obj
 0001:000191a0       _Script_Play               4001a1a0 f   ui_shared.obj
 0001:00019200       _Script_playLooped         4001a200 f   ui_shared.obj
 0001:00019270       _ItemParse_name            4001a270 f   ui_shared.obj
 0001:00019290       _ItemParse_focusSound      4001a290 f   ui_shared.obj
 0001:000192e0       _ItemParse_text            4001a2e0 f   ui_shared.obj
 0001:00019300       _ItemParse_descText        4001a300 f   ui_shared.obj
 0001:00019320       _ItemParse_text2alignx     4001a320 f   ui_shared.obj
 0001:00019340       _ItemParse_text2aligny     4001a340 f   ui_shared.obj
 0001:00019360       _ItemParse_group           4001a360 f   ui_shared.obj
 0001:00019380       _MenuParse_font            4001a380 f   ui_shared.obj
 0001:000193e0       _MenuParse_name            4001a3e0 f   ui_shared.obj
 0001:00019420       _MenuParse_fullscreen      4001a420 f   ui_shared.obj
 0001:00019440       _MenuParse_rect            4001a440 f   ui_shared.obj
 0001:000194a0       _ItemParse_asset_model     4001a4a0 f   ui_shared.obj
 0001:00019530       _MenuParse_style           4001a530 f   ui_shared.obj
 0001:00019570       _ItemParse_visible         4001a570 f   ui_shared.obj
 0001:00019570       _MenuParse_visible         4001a570 f   ui_shared.obj
 0001:000195b0       _ItemParse_asset_shader    4001a5b0 f   ui_shared.obj
 0001:00019600       _ItemParse_model_origin    4001a600 f   ui_shared.obj
 0001:00019660       _MenuParse_onOpen          4001a660 f   ui_shared.obj
 0001:00019680       _ItemParse_model_fovx      4001a680 f   ui_shared.obj
 0001:00019680       _ItemParse_elementwidth    4001a680 f   ui_shared.obj
 0001:000196b0       _MenuParse_onClose         4001a6b0 f   ui_shared.obj
 0001:000196d0       _ItemParse_elementheight   4001a6d0 f   ui_shared.obj
 0001:000196d0       _ItemParse_model_fovy      4001a6d0 f   ui_shared.obj
 0001:00019700       _MenuParse_onAccept        4001a700 f   ui_shared.obj
 0001:00019720       _ItemParse_model_rotation  4001a720 f   ui_shared.obj
 0001:00019750       _MenuParse_onESC           4001a750 f   ui_shared.obj
 0001:00019770       _ItemParse_model_angle     4001a770 f   ui_shared.obj
 0001:000197a0       _ItemParse_border          4001a7a0 f   ui_shared.obj
 0001:000197a0       _MenuParse_border          4001a7a0 f   ui_shared.obj
 0001:000197c0       _ItemParse_model_g2mins    4001a7c0 f   ui_shared.obj
 0001:00019820       _MenuParse_backcolor       4001a820 f   ui_shared.obj
 0001:000198d0       _ItemParse_model_g2maxs    4001a8d0 f   ui_shared.obj
 0001:00019930       _ItemParse_model_g2scale   4001a930 f   ui_shared.obj
 0001:00019990       _MenuParse_descAlignment   4001a990 f   ui_shared.obj
 0001:000199d0       _MenuParse_descX           4001a9d0 f   ui_shared.obj
 0001:000199f0       _ItemParse_model_g2skin    4001a9f0 f   ui_shared.obj
 0001:00019a50       _MenuParse_descY           4001aa50 f   ui_shared.obj
 0001:00019a70       _ItemParse_model_g2anim    4001aa70 f   ui_shared.obj
 0001:00019b10       _MenuParse_descScale       4001ab10 f   ui_shared.obj
 0001:00019b30       _MenuParse_descColor       4001ab30 f   ui_shared.obj
 0001:00019bf0       _MenuParse_forecolor       4001abf0 f   ui_shared.obj
 0001:00019ce0       _ItemParse_rectcvar        4001ace0 f   ui_shared.obj
 0001:00019e10       _MenuParse_bordercolor     4001ae10 f   ui_shared.obj
 0001:00019ed0       _ItemParse_rect            4001aed0 f   ui_shared.obj
 0001:00019f30       _MenuParse_focuscolor      4001af30 f   ui_shared.obj
 0001:00019ff0       _ItemParse_flag            4001aff0 f   ui_shared.obj
 0001:0001a090       _Script_SetColor           4001b090 f   ui_shared.obj
 0001:0001a170       _MenuParse_disablecolor    4001b170 f   ui_shared.obj
 0001:0001a230       _ItemParse_style           4001b230 f   ui_shared.obj
 0001:0001a270       _ItemParse_decoration      4001b270 f   ui_shared.obj
 0001:0001a290       _ItemParse_notselectable   4001b290 f   ui_shared.obj
 0001:0001a2d0       _MenuParse_background      4001b2d0 f   ui_shared.obj
 0001:0001a2d0       _ItemParse_background      4001b2d0 f   ui_shared.obj
 0001:0001a320       _Script_SetAsset           4001b320 f   ui_shared.obj
 0001:0001a350       _ItemParse_scrollhidden    4001b350 f   ui_shared.obj
 0001:0001a390       _Script_SetBackground      4001b390 f   ui_shared.obj
 0001:0001a3e0       _ItemParse_wrapped         4001b3e0 f   ui_shared.obj
 0001:0001a400       _Script_SetItemRectCvar    4001b400 f   ui_shared.obj
 0001:0001a5e0       _MenuParse_ownerdrawFlag   4001b5e0 f   ui_shared.obj
 0001:0001a5e0       _ItemParse_ownerdrawFlag   4001b5e0 f   ui_shared.obj
 0001:0001a610       _ItemParse_autowrapped     4001b610 f   ui_shared.obj
 0001:0001a630       _ItemParse_horizontalscroll 4001b630 f   ui_shared.obj
 0001:0001a650       _MenuParse_ownerdraw       4001b650 f   ui_shared.obj
 0001:0001a670       _ItemParse_type            4001b670 f   ui_shared.obj
 0001:0001a6b0       _MenuParse_popup           4001b6b0 f   ui_shared.obj
 0001:0001a6d0       _Script_SetItemBackground  4001b6d0 f   ui_shared.obj
 0001:0001a750       _MenuParse_outOfBounds     4001b750 f   ui_shared.obj
 0001:0001a770       _Script_SetItemText        4001b770 f   ui_shared.obj
 0001:0001a7f0       _ItemParse_text2           4001b7f0 f   ui_shared.obj
 0001:0001a7f0       _MenuParse_soundLoop       4001b7f0 f   ui_shared.obj
 0001:0001a810       _ItemParse_feeder          4001b810 f   ui_shared.obj
 0001:0001a810       _ItemParse_special         4001b810 f   ui_shared.obj
 0001:0001a830       _MenuParse_fadeClamp       4001b830 f   ui_shared.obj
 0001:0001a850       _ItemParse_elementtype     4001b850 f   ui_shared.obj
 0001:0001a890       _MenuParse_fadeAmount      4001b890 f   ui_shared.obj
 0001:0001a890       _ItemParse_textalignx      4001b890 f   ui_shared.obj
 0001:0001a8b0       _ItemParse_columns         4001b8b0 f   ui_shared.obj
 0001:0001a970       _Script_SetTeamColor       4001b970 f   ui_shared.obj
 0001:0001a9b0       _Script_SetItemColor       4001b9b0 f   ui_shared.obj
 0001:0001ab20       _MenuParse_itemDef         4001bb20 f   ui_shared.obj
 0001:0001abf0       _MenuParse_appearanceIncrement 4001bbf0 f   ui_shared.obj
 0001:0001ac10       _ItemParse_bordersize      4001bc10 f   ui_shared.obj
 0001:0001ac10       _MenuParse_borderSize      4001bc10 f   ui_shared.obj
 0001:0001ac30       _ItemParse_ownerdraw       4001bc30 f   ui_shared.obj
 0001:0001ac60       _Script_SetItemColorCvar   4001bc60 f   ui_shared.obj
 0001:0001aeb0       _ItemParse_align           4001beb0 f   ui_shared.obj
 0001:0001aeb0       _MenuParse_fadeCycle       4001beb0 f   ui_shared.obj
 0001:0001aed0       _ItemParse_isCharacter     4001bed0 f   ui_shared.obj
 0001:0001af20       _ItemParse_textalign       4001bf20 f   ui_shared.obj
 0001:0001af60       _ItemParse_textaligny      4001bf60 f   ui_shared.obj
 0001:0001af80       _ItemParse_textscale       4001bf80 f   ui_shared.obj
 0001:0001afa0       _Script_SetItemRect        4001bfa0 f   ui_shared.obj
 0001:0001b070       _ItemParse_textstyle       4001c070 f   ui_shared.obj
 0001:0001b090       _ItemParse_invertyesno     4001c090 f   ui_shared.obj
 0001:0001b0b0       _ItemParse_xoffset         4001c0b0 f   ui_shared.obj
 0001:0001b0d0       _ItemParse_backcolor       4001c0d0 f   ui_shared.obj
 0001:0001b180       _ItemParse_forecolor       4001c180 f   ui_shared.obj
 0001:0001b270       _ItemParse_bordercolor     4001c270 f   ui_shared.obj
 0001:0001b330       _MenuParse_outlinecolor    4001c330 f   ui_shared.obj
 0001:0001b330       _ItemParse_outlinecolor    4001c330 f   ui_shared.obj
 0001:0001b350       _MenuParse_cinematic       4001c350 f   ui_shared.obj
 0001:0001b350       _ItemParse_cinematic       4001c350 f   ui_shared.obj
 0001:0001b370       _ItemParse_doubleClick     4001c370 f   ui_shared.obj
 0001:0001b3b0       _ItemParse_onFocus         4001c3b0 f   ui_shared.obj
 0001:0001b3d0       _ItemParse_leaveFocus      4001c3d0 f   ui_shared.obj
 0001:0001b3f0       _ItemParse_mouseEnter      4001c3f0 f   ui_shared.obj
 0001:0001b410       _ItemParse_mouseExit       4001c410 f   ui_shared.obj
 0001:0001b430       _Script_Show               4001c430 f   ui_shared.obj
 0001:0001b480       _ItemParse_mouseEnterText  4001c480 f   ui_shared.obj
 0001:0001b4a0       _Script_Hide               4001c4a0 f   ui_shared.obj
 0001:0001b4f0       _ItemParse_mouseExitText   4001c4f0 f   ui_shared.obj
 0001:0001b510       _ItemParse_action          4001c510 f   ui_shared.obj
 0001:0001b530       _Script_FadeIn             4001c530 f   ui_shared.obj
 0001:0001b580       _Script_FadeOut            4001c580 f   ui_shared.obj
 0001:0001b5d0       _ItemParse_cvarTest        4001c5d0 f   ui_shared.obj
 0001:0001b5f0       _Script_Open               4001c5f0 f   ui_shared.obj
 0001:0001b630       _ItemParse_cvar            4001c630 f   ui_shared.obj
 0001:0001b6b0       _Script_Close              4001c6b0 f   ui_shared.obj
 0001:0001b710       _ItemParse_font            4001c710 f   ui_shared.obj
 0001:0001b740       _ItemParse_maxChars        4001c740 f   ui_shared.obj
 0001:0001b790       _ItemParse_maxPaintChars   4001c790 f   ui_shared.obj
 0001:0001b7e0       _ItemParse_maxLineChars    4001c7e0 f   ui_shared.obj
 0001:0001b830       _ItemParse_lineHeight      4001c830 f   ui_shared.obj
 0001:0001b880       _ItemParse_cvarFloat       4001c880 f   ui_shared.obj
 0001:0001b900       _ItemParse_cvarStrList     4001c900 f   ui_shared.obj
 0001:0001bb50       _Script_Defer              4001cb50 f   ui_shared.obj
 0001:0001bba0       _Script_RunDeferred        4001cba0 f   ui_shared.obj
 0001:0001bbd0       _Script_Transition         4001cbd0 f   ui_shared.obj
 0001:0001bc90       _ItemParse_cvarFloatList   4001cc90 f   ui_shared.obj
 0001:0001bdb0       _ItemParse_addColorRange   4001cdb0 f   ui_shared.obj
 0001:0001be30       _Script_Disable            4001ce30 f   ui_shared.obj
 0001:0001bed0       _ItemParse_enableCvar      4001ced0 f   ui_shared.obj
 0001:0001bf10       _ItemParse_disableCvar     4001cf10 f   ui_shared.obj
 0001:0001bf50       _Script_Scale              4001cf50 f   ui_shared.obj
 0001:0001c0b0       _ItemParse_showCvar        4001d0b0 f   ui_shared.obj
 0001:0001c0f0       _ItemParse_hideCvar        4001d0f0 f   ui_shared.obj
 0001:0001c130       _ItemParse_Appearance_slot 4001d130 f   ui_shared.obj
 0001:0001c150       _Script_Orbit              4001d150 f   ui_shared.obj
 0001:0001c270       _ItemParse_isSaber         4001d270 f   ui_shared.obj
 0001:0001c2d0       _ItemParse_isSaber2        4001d2d0 f   ui_shared.obj
 0001:0001c330       _Script_SetFocus           4001d330 f   ui_shared.obj
 0001:0001c3e0       _Script_SetPlayerModel     4001d3e0 f   ui_shared.obj
 0001:0001c430       _Script_Transition2        4001d430 f   ui_shared.obj
 0001:0001c500       _Script_SetCvar            4001d500 f   ui_shared.obj
 0001:0001c580       _Script_SetCvarToCvar      4001d580 f   ui_shared.obj
 0001:0001c630       _Script_Exec               4001d630 f   ui_shared.obj
 0001:0001c690       _BindingFromName           4001d690 f   ui_shared.obj
 0001:0001c7a0       _BindingIDFromName         4001d7a0 f   ui_shared.obj
 0001:0001c7e0       _Color_Parse               4001d7e0 f   ui_shared.obj
 0001:0001c830       _Controls_GetConfig        4001d830 f   ui_shared.obj
 0001:0001c8e0       _Controls_SetConfig        4001d8e0 f   ui_shared.obj
 0001:0001c930       _Display_CacheAll          4001d930 f   ui_shared.obj
 0001:0001cb40       _Display_KeyBindPending    4001db40 f   ui_shared.obj
 0001:0001cb50       _Display_MouseMove         4001db50 f   ui_shared.obj
 0001:0001cc50       _Display_VisibleMenuCount  4001dc50 f   ui_shared.obj
 0001:0001cda0       _Float_Parse               4001dda0 f   ui_shared.obj
 0001:0001cde0       _GradientBar_Paint         4001dde0 f   ui_shared.obj
 0001:0001ce30       _Init_Display              4001de30 f   ui_shared.obj
 0001:0001ce40       _Int_Parse                 4001de40 f   ui_shared.obj
 0001:0001ce80       _ItemParse_asset_model_go  4001de80 f   ui_shared.obj
 0001:0001d0a0       _ItemParse_model_g2anim_go 4001e0a0 f   ui_shared.obj
 0001:0001d120       _ItemParse_model_g2skin_go 4001e120 f   ui_shared.obj
 0001:0001d190       _Item_Action               4001e190 f   ui_shared.obj
 0001:0001d1b0       _Item_Bind_HandleKey       4001e1b0 f   ui_shared.obj
 0001:0001d480       _Item_Bind_Paint           4001e480 f   ui_shared.obj
 0001:0001d740       _Item_EnableShowViaCvar    4001e740 f   ui_shared.obj
 0001:0001d860       _Item_HandleAccept         4001e860 f   ui_shared.obj
 0001:0001d890       _Item_HandleKey            4001e890 f   ui_shared.obj
 0001:0001d9f0       _Item_Init                 4001e9f0 f   ui_shared.obj
 0001:0001da50       _Item_ListBox_HandleKey    4001ea50 f   ui_shared.obj
 0001:0001dec0       _Item_ListBox_MouseEnter   4001eec0 f   ui_shared.obj
 0001:0001e0a0       _Item_ListBox_OverLB       4001f0a0 f   ui_shared.obj
 0001:0001e500       _Item_ListBox_Paint        4001f500 f   ui_shared.obj
 0001:0001f420       _Item_ListBox_ThumbDrawPosition 40020420 f   ui_shared.obj
 0001:0001f510       _Item_ListBox_ThumbPosition 40020510 f   ui_shared.obj
 0001:0001f640       _Item_Model_Paint          40020640 f   ui_shared.obj
 0001:0001fcb0       _Item_MouseEnter           40020cb0 f   ui_shared.obj
 0001:0001fe50       _Item_MouseLeave           40020e50 f   ui_shared.obj
 0001:0001fe90       _Item_Multi_FindCvarByValue 40020e90 f   ui_shared.obj
 0001:0001ff70       _Item_Multi_HandleKey      40020f70 f   ui_shared.obj
 0001:00020120       _Item_Multi_Paint          40021120 f   ui_shared.obj
 0001:00020330       _Item_Multi_Setting        40021330 f   ui_shared.obj
 0001:00020410       _Item_OwnerDraw_HandleKey  40021410 f   ui_shared.obj
 0001:000204c0       _Item_OwnerDraw_Paint      400214c0 f   ui_shared.obj
 0001:00020900       _Item_Paint                40021900 f   ui_shared.obj
 0001:00021170       _Item_Parse                40022170 f   ui_shared.obj
 0001:000212c0       _Item_RunScript            400222c0 f   ui_shared.obj
 0001:000213b0       _Item_SetFocus             400223b0 f   ui_shared.obj
 0001:00021550       _Item_SetScreenCoords      40022550 f   ui_shared.obj
 0001:000215f0       _Item_SetTextExtents       400225f0 f   ui_shared.obj
 0001:00021870       _Item_SetupKeywordHash     40022870 f   ui_shared.obj
 0001:00021920       _Item_Slider_HandleKey     40022920 f   ui_shared.obj
 0001:00021a90       _Item_Slider_OverSlider    40022a90 f   ui_shared.obj
 0001:00021b00       _Item_Slider_Paint         40022b00 f   ui_shared.obj
 0001:00021d00       _Item_Slider_ThumbPosition 40022d00 f   ui_shared.obj
 0001:00021dc0       _Item_StartCapture         40022dc0 f   ui_shared.obj
 0001:00022040       _Item_TextColor            40023040 f   ui_shared.obj
 0001:00022280       _Item_TextField_HandleKey  40023280 f   ui_shared.obj
 0001:000226f0       _Item_TextField_Paint      400236f0 f   ui_shared.obj
 0001:00022be0       _Item_TextScroll_HandleKey 40023be0 f   ui_shared.obj
 0001:00022d50       _Item_TextScroll_OverLB    40023d50 f   ui_shared.obj
 0001:00022f40       _Item_TextScroll_Paint     40023f40 f   ui_shared.obj
 0001:00023250       _Item_TextScroll_ThumbDrawPosition 40024250 f   ui_shared.obj
 0001:00023410       _Item_Text_AutoWrapped_Paint 40024410 f   ui_shared.obj
 0001:000236c0       _Item_Text_Paint           400246c0 f   ui_shared.obj
 0001:00023880       _Item_Text_Wrapped_Paint   40024880 f   ui_shared.obj
 0001:00023a40       _Item_ValidateTypeData     40024a40 f   ui_shared.obj
 0001:00023b40       _Item_YesNo_HandleKey      40024b40 f   ui_shared.obj
 0001:00023c30       _Item_YesNo_Paint          40024c30 f   ui_shared.obj
 0001:00023e60       _Leaving_EditField         40024e60 f   ui_shared.obj
 0001:00023e90       _LerpColor                 40024e90 f   ui_shared.obj
 0001:00023f70       _Menu_ClearFocus           40024f70 f   ui_shared.obj
 0001:000240c0       _Menu_Count                400250c0 f   ui_shared.obj
 0001:000240d0       _Menu_FadeItemByName       400250d0 f   ui_shared.obj
 0001:00024130       _Menu_FindItemByName       40025130 f   ui_shared.obj
 0001:00024190       _Menu_GetFocused           40025190 f   ui_shared.obj
 0001:000241d0       _Menu_GetMatchingItemByNumber 400251d0 f   ui_shared.obj
 0001:00024250       _Menu_HandleKey            40025250 f   ui_shared.obj
 0001:00024770       _Menu_HandleMouseMove      40025770 f   ui_shared.obj
 0001:00024970       _Menu_Init                 40025970 f   ui_shared.obj
 0001:00024a00       _Menu_ItemDisable          40025a00 f   ui_shared.obj
 0001:00024a50       _Menu_ItemsMatchingGroup   40025a50 f   ui_shared.obj
 0001:00024ad0       _Menu_New                  40025ad0 f   ui_shared.obj
 0001:00024b40       _Menu_OrbitItemByName      40025b40 f   ui_shared.obj
 0001:00024d10       _Menu_Paint                40025d10 f   ui_shared.obj
 0001:00024eb0       _Menu_PaintAll             40025eb0 f   ui_shared.obj
 0001:00025150       _Menu_Parse                40026150 f   ui_shared.obj
 0001:000252a0       _Menu_Reset                400262a0 f   ui_shared.obj
 0001:000252b0       _Menu_SetFeederSelection   400262b0 f   ui_shared.obj
 0001:00025380       _Menu_SetItemBackground    40026380 f   ui_shared.obj
 0001:000253e0       _Menu_SetItemText          400263e0 f   ui_shared.obj
 0001:000254a0       _Menu_SetNextCursorItem    400264a0 f   ui_shared.obj
 0001:000255a0       _Menu_SetPrevCursorItem    400265a0 f   ui_shared.obj
 0001:000256a0       _Menu_SetupKeywordHash     400266a0 f   ui_shared.obj
 0001:00025750       _Menu_ShowGroup            40026750 f   ui_shared.obj
 0001:000257a0       _Menu_ShowItemByName       400267a0 f   ui_shared.obj
 0001:00025810       _Menu_TransitionItemByName 40026810 f   ui_shared.obj
 0001:00025920       _Menu_UpdatePosition       40026920 f   ui_shared.obj
 0001:00025a30       _Menus_ActivateByName      40026a30 f   ui_shared.obj
 0001:00025b80       _Menus_AnyFullScreenVisible 40026b80 f   ui_shared.obj
 0001:00025bb0       _Menus_CloseAll            40026bb0 f   ui_shared.obj
 0001:00025c50       _Menus_CloseByName         40026c50 f   ui_shared.obj
 0001:00025cd0       _Menus_FindByName          40026cd0 f   ui_shared.obj
 0001:00025d20       _Menus_HandleOOBClick      40026d20 f   ui_shared.obj
 0001:00025ed0       _Menus_OpenByName          40026ed0 f   ui_shared.obj
 0001:00025ee0       _PC_Color_Parse            40026ee0 f   ui_shared.obj
 0001:00025f90       _PC_Float_Parse            40026f90 f   ui_shared.obj
 0001:00026030       _PC_Int_Parse              40027030 f   ui_shared.obj
 0001:000260c0       _PC_Script_Parse           400270c0 f   ui_shared.obj
 0001:000261d0       _PC_SourceError            400271d0 f   ui_shared.obj
 0001:00026240       _PC_String_Parse           40027240 f   ui_shared.obj
 0001:000262b0       _ParseRect                 400272b0 f   ui_shared.obj
 0001:00026310       _Rect_ContainsPoint        40027310 f   ui_shared.obj
 0001:00026360       _Rect_Parse                40027360 f   ui_shared.obj
 0001:00026a10       _String_Alloc              40027a10 f   ui_shared.obj
 0001:00026b20       _String_Init               40027b20 f   ui_shared.obj
 0001:00026b70       _String_Parse              40027b70 f   ui_shared.obj
 0001:00026bb0       _String_Report             40027bb0 f   ui_shared.obj
 0001:00026c40       _UI_Alloc                  40027c40 f   ui_shared.obj
 0001:00026ca0       _UI_CleanupGhoul2          40027ca0 f   ui_shared.obj
 0001:00026ce0       _UI_InitMemory             40027ce0 f   ui_shared.obj
 0001:00026d00       _UI_InsertG2Pointer        40027d00 f   ui_shared.obj
 0001:00026d50       _UI_OutOfMemory            40027d50 f   ui_shared.obj
 0001:00026d60       _UI_ScaleModelAxis         40027d60 f   ui_shared.obj
 0001:00026e70       _Window_Paint              40027e70 f   ui_shared.obj
 0001:000273d0       _dllEntry                  400283d0 f   ui_syscalls.obj
 0001:000273e0       _trap_AnyLanguage_ReadCharFromString 400283e0 f   ui_syscalls.obj
 0001:00027400       _trap_Argc                 40028400 f   ui_syscalls.obj
 0001:00027410       _trap_Argv                 40028410 f   ui_syscalls.obj
 0001:00027430       _trap_CIN_DrawCinematic    40028430 f   ui_syscalls.obj
 0001:00027450       _trap_CIN_PlayCinematic    40028450 f   ui_syscalls.obj
 0001:00027480       _trap_CIN_RunCinematic     40028480 f   ui_syscalls.obj
 0001:000274a0       _trap_CIN_SetExtents       400284a0 f   ui_syscalls.obj
 0001:000274c0       _trap_CIN_StopCinematic    400284c0 f   ui_syscalls.obj
 0001:000274e0       _trap_Cmd_ExecuteText      400284e0 f   ui_syscalls.obj
 0001:00027500       _trap_Cvar_Register        40028500 f   ui_syscalls.obj
 0001:00027520       _trap_Cvar_Set             40028520 f   ui_syscalls.obj
 0001:00027540       _trap_Cvar_SetValue        40028540 f   ui_syscalls.obj
 0001:00027560       _trap_Cvar_Update          40028560 f   ui_syscalls.obj
 0001:00027580       _trap_Cvar_VariableStringBuffer 40028580 f   ui_syscalls.obj
 0001:000275a0       _trap_Cvar_VariableValue   400285a0 f   ui_syscalls.obj
 0001:000275c0       _trap_Error                400285c0 f   ui_syscalls.obj
 0001:000275e0       _trap_FS_FCloseFile        400285e0 f   ui_syscalls.obj
 0001:00027600       _trap_FS_FOpenFile         40028600 f   ui_syscalls.obj
 0001:00027620       _trap_FS_GetFileList       40028620 f   ui_syscalls.obj
 0001:00027640       _trap_FS_Read              40028640 f   ui_syscalls.obj
 0001:00027660       _trap_FS_Write             40028660 f   ui_syscalls.obj
 0001:00027680       _trap_G2API_AddBolt        40028680 f   ui_syscalls.obj
 0001:000276a0       _trap_G2API_AttachG2Model  400286a0 f   ui_syscalls.obj
 0001:000276d0       _trap_G2API_CleanGhoul2Models 400286d0 f   ui_syscalls.obj
 0001:000276f0       _trap_G2API_GetBoltMatrix  400286f0 f   ui_syscalls.obj
 0001:00027720       _trap_G2API_GetGLAName     40028720 f   ui_syscalls.obj
 0001:00027740       _trap_G2API_HasGhoul2ModelOnIndex 40028740 f   ui_syscalls.obj
 0001:00027760       _trap_G2API_InitGhoul2Model 40028760 f   ui_syscalls.obj
 0001:00027790       _trap_G2API_RemoveGhoul2Model 40028790 f   ui_syscalls.obj
 0001:000277b0       _trap_G2API_SetBoneAnim    400287b0 f   ui_syscalls.obj
 0001:00027800       _trap_G2API_SetSkin        40028800 f   ui_syscalls.obj
 0001:00027820       _trap_G2API_SetTime        40028820 f   ui_syscalls.obj
 0001:00027840       _trap_G2_HaveWeGhoul2Models 40028840 f   ui_syscalls.obj
 0001:00027860       _trap_GetClientState       40028860 f   ui_syscalls.obj
 0001:00027880       _trap_GetConfigString      40028880 f   ui_syscalls.obj
 0001:000278a0       _trap_GetGlconfig          400288a0 f   ui_syscalls.obj
 0001:000278c0       _trap_GetLanguageName      400288c0 f   ui_syscalls.obj
 0001:000278e0       _trap_Key_ClearStates      400288e0 f   ui_syscalls.obj
 0001:000278f0       _trap_Key_GetBindingBuf    400288f0 f   ui_syscalls.obj
 0001:00027910       _trap_Key_GetCatcher       40028910 f   ui_syscalls.obj
 0001:00027920       _trap_Key_GetOverstrikeMode 40028920 f   ui_syscalls.obj
 0001:00027930       _trap_Key_KeynumToStringBuf 40028930 f   ui_syscalls.obj
 0001:00027950       _trap_Key_SetBinding       40028950 f   ui_syscalls.obj
 0001:00027970       _trap_Key_SetCatcher       40028970 f   ui_syscalls.obj
 0001:00027990       _trap_Key_SetOverstrikeMode 40028990 f   ui_syscalls.obj
 0001:000279b0       _trap_LAN_AddServer        400289b0 f   ui_syscalls.obj
 0001:000279d0       _trap_LAN_CompareServers   400289d0 f   ui_syscalls.obj
 0001:000279f0       _trap_LAN_GetServerAddressString 400289f0 f   ui_syscalls.obj
 0001:00027a10       _trap_LAN_GetServerCount   40028a10 f   ui_syscalls.obj
 0001:00027a30       _trap_LAN_GetServerInfo    40028a30 f   ui_syscalls.obj
 0001:00027a50       _trap_LAN_GetServerPing    40028a50 f   ui_syscalls.obj
 0001:00027a70       _trap_LAN_LoadCachedServers 40028a70 f   ui_syscalls.obj
 0001:00027a80       _trap_LAN_MarkServerVisible 40028a80 f   ui_syscalls.obj
 0001:00027aa0       _trap_LAN_RemoveServer     40028aa0 f   ui_syscalls.obj
 0001:00027ac0       _trap_LAN_ResetPings       40028ac0 f   ui_syscalls.obj
 0001:00027ae0       _trap_LAN_SaveCachedServers 40028ae0 f   ui_syscalls.obj
 0001:00027af0       _trap_LAN_ServerIsVisible  40028af0 f   ui_syscalls.obj
 0001:00027b10       _trap_LAN_ServerStatus     40028b10 f   ui_syscalls.obj
 0001:00027b30       _trap_LAN_UpdateVisiblePings 40028b30 f   ui_syscalls.obj
 0001:00027b50       _trap_Language_IsAsian     40028b50 f   ui_syscalls.obj
 0001:00027b60       _trap_Language_UsesSpaces  40028b60 f   ui_syscalls.obj
 0001:00027b70       _trap_Milliseconds         40028b70 f   ui_syscalls.obj
 0001:00027b80       _trap_PC_FreeSource        40028b80 f   ui_syscalls.obj
 0001:00027ba0       _trap_PC_LoadGlobalDefines 40028ba0 f   ui_syscalls.obj
 0001:00027bc0       _trap_PC_LoadSource        40028bc0 f   ui_syscalls.obj
 0001:00027be0       _trap_PC_ReadToken         40028be0 f   ui_syscalls.obj
 0001:00027c00       _trap_PC_RemoveAllGlobalDefines 40028c00 f   ui_syscalls.obj
 0001:00027c10       _trap_PC_SourceFileAndLine 40028c10 f   ui_syscalls.obj
 0001:00027c30       _trap_Print                40028c30 f   ui_syscalls.obj
 0001:00027c50       _trap_R_AddRefEntityToScene 40028c50 f   ui_syscalls.obj
 0001:00027c70       _trap_R_ClearScene         40028c70 f   ui_syscalls.obj
 0001:00027c80       _trap_R_DrawStretchPic     40028c80 f   ui_syscalls.obj
 0001:00027d00       _trap_R_Font_DrawString    40028d00 f   ui_syscalls.obj
 0001:00027d30       _trap_R_Font_HeightPixels  40028d30 f   ui_syscalls.obj
 0001:00027d50       _trap_R_Font_StrLenChars   40028d50 f   ui_syscalls.obj
 0001:00027d70       _trap_R_Font_StrLenPixels  40028d70 f   ui_syscalls.obj
 0001:00027da0       _trap_R_ModelBounds        40028da0 f   ui_syscalls.obj
 0001:00027dc0       _trap_R_RegisterFont       40028dc0 f   ui_syscalls.obj
 0001:00027de0       _trap_R_RegisterModel      40028de0 f   ui_syscalls.obj
 0001:00027e00       _trap_R_RegisterShaderNoMip 40028e00 f   ui_syscalls.obj
 0001:00027e60       _trap_R_RegisterSkin       40028e60 f   ui_syscalls.obj
 0001:00027e80       _trap_R_RenderScene        40028e80 f   ui_syscalls.obj
 0001:00027ea0       _trap_R_SetColor           40028ea0 f   ui_syscalls.obj
 0001:00027ec0       _trap_R_ShaderNameFromIndex 40028ec0 f   ui_syscalls.obj
 0001:00027ee0       _trap_RealTime             40028ee0 f   ui_syscalls.obj
 0001:00027f00       _trap_SP_GetNumLanguages   40028f00 f   ui_syscalls.obj
 0001:00027f10       _trap_SP_GetStringTextString 40028f10 f   ui_syscalls.obj
 0001:00027f30       _trap_S_RegisterSound      40028f30 f   ui_syscalls.obj
 0001:00027f50       _trap_S_StartBackgroundTrack 40028f50 f   ui_syscalls.obj
 0001:00027f70       _trap_S_StartLocalSound    40028f70 f   ui_syscalls.obj
 0001:00027f90       _trap_S_StopBackgroundTrack 40028f90 f   ui_syscalls.obj
 0001:00027fa0       __alloca_probe             40028fa0 f   LIBCMT:chkstk.obj
 0001:00027fa0       __chkstk                   40028fa0 f   LIBCMT:chkstk.obj
 0001:00027fd0       __ftol2_sse                40028fd0 f   LIBCMT:_ftol2_.obj
 0001:00027fd9       __ftol2_pentium4           40028fd9 f   LIBCMT:_ftol2_.obj
 0001:00027fec       __ftol2_sse_excpt          40028fec f   LIBCMT:_ftol2_.obj
 0001:00028010       __ftol2                    40029010 f   LIBCMT:_ftol2_.obj
 0001:0002839a       __DllMainCRTStartup@12     4002939a f   LIBCMT:dll_dllmain.obj
 0001:000283bd       ___isa_available_init      400293bd f   LIBCMT:_cpu_disp_.obj
 0001:0002855e       ??$__crt_fast_encode_pointer@PAX@@YAPAXQAX@Z 4002955e f i libvcruntime:winapi_downlevel.obj
 0001:0002855e       ??$__crt_fast_encode_pointer@PAP6AXXZ@@YAPAP6AXXZQAP6AXXZ@Z 4002955e f i LIBCMT:utility.obj
 0001:000285bf       ___scrt_acquire_startup_lock 400295bf f   LIBCMT:utility.obj
 0001:000285f4       ___scrt_dllmain_after_initialize_c 400295f4 f   LIBCMT:utility.obj
 0001:0002860c       ___scrt_dllmain_before_initialize_c 4002960c f   LIBCMT:utility.obj
 0001:0002861a       ___scrt_dllmain_crt_thread_attach 4002961a f   LIBCMT:utility.obj
 0001:00028639       ___scrt_dllmain_crt_thread_detach 40029639 f   LIBCMT:utility.obj
 0001:00028646       ___scrt_dllmain_exception_filter 40029646 f   LIBCMT:utility.obj
 0001:00028679       ___scrt_dllmain_uninitialize_c 40029679 f   LIBCMT:utility.obj
 0001:0002869c       ___scrt_dllmain_uninitialize_critical 4002969c f   LIBCMT:utility.obj
 0001:000286a9       ___scrt_initialize_crt     400296a9 f   LIBCMT:utility.obj
 0001:000286e2       ___scrt_initialize_onexit_tables 400296e2 f   LIBCMT:utility.obj
 0001:00028779       ___scrt_is_nonwritable_in_current_image 40029779 f   LIBCMT:utility.obj
 0001:00028806       ___scrt_release_startup_lock 40029806 f   LIBCMT:utility.obj
 0001:00028823       ___scrt_uninitialize_crt   40029823 f   LIBCMT:utility.obj
 0001:0002884b       __onexit                   4002984b f   LIBCMT:utility.obj
 0001:00028886       _atexit                    40029886 f   LIBCMT:utility.obj
 0001:0002889b       ___security_init_cookie    4002989b f   LIBCMT:gs_support.obj
 0001:00028937       _DllMain@12                40029937 f   LIBCMT:dll_dllmain_stub.obj
 0001:0002893d       ?__scrt_initialize_type_info@@YAXXZ 4002993d f   LIBCMT:tncleanup.obj
 0001:00028949       ?__scrt_uninitialize_type_info@@YAXXZ 40029949 f   LIBCMT:tncleanup.obj
 0001:00028955       ___scrt_initialize_default_local_stdio_options 40029955 f   LIBCMT:default_local_stdio_options.obj
 0001:00028972       ___scrt_get_dyn_tls_init_callback 40029972 f   LIBCMT:dyn_tls_init.obj
 0001:00028978       ___scrt_fastfail           40029978 f   LIBCMT:utility_desktop.obj
 0001:00028a93       __crt_debugger_hook        40029a93 f   LIBCMT:utility_desktop.obj
 0001:00028a9b       __RTC_Initialize           40029a9b f   LIBCMT:_initsect_.obj
 0001:00028ac6       __RTC_Terminate            40029ac6 f   LIBCMT:_initsect_.obj
 0001:00028af1       @_guard_check_icall@4      40029af1 f i LIBCMT:checkcfg.obj
 0001:00028b00       __SEH_prolog4              40029b00 f   LIBCMT:_sehprolg4_.obj
 0001:00028b46       __SEH_epilog4              40029b46 f   LIBCMT:_sehprolg4_.obj
 0001:00028b5b       ___scrt_is_ucrt_dll_in_use 40029b5b f   LIBCMT:ucrt_detection.obj
 0001:00028b70       @_guard_check_icall_nop@4  40029b70 f i LIBCMT:guard_support.obj
 0001:00028b70       ___except_validate_jump_buffer 40029b70 f i libvcruntime:jbcxrval.obj
 0001:00028b70       ___except_validate_context_record 40029b70 f i libvcruntime:jbcxrval.obj
 0001:00028b71       @__security_check_cookie@4 40029b71 f   LIBCMT:_secchk_.obj
 0001:00028b82       ___raise_securityfailure   40029b82 f   LIBCMT:gs_report.obj
 0001:00028baa       ___report_gsfailure        40029baa f   LIBCMT:gs_report.obj
 0001:00028cb0       _strchr                    40029cb0 f   libvcruntime:strchr.obj
 0001:00028d1e       ___from_strstr_to_strchr   40029d1e     libvcruntime:strchr.obj
 0001:00028de0       _memset                    40029de0 f   libvcruntime:memset.obj
 0001:00028f40       _strstr                    40029f40 f   libvcruntime:strstr.obj
 0001:000291b0       _strrchr                   4002a1b0 f   libvcruntime:strrchr.obj
 0001:000292f0       _memmove                   4002a2f0 f   libvcruntime:memmove.obj
 0001:0002989e       ___telemetry_main_invoke_trigger 4002a89e f   libvcruntime:telemetry.obj
 0001:0002993a       ___telemetry_main_return_trigger 4002a93a f   libvcruntime:telemetry.obj
 0001:000299d6       ___vcrt_initialize_telemetry_provider 4002a9d6 f   libvcruntime:telemetry.obj
 0001:000299e9       ___vcrt_uninitialize_telemetry_provider 4002a9e9 f   libvcruntime:telemetry.obj
 0001:00029a40       __except_handler4          4002aa40 f   libvcruntime:_chandler4_.obj
 0001:00029b9a       ___vcrt_initialize         4002ab9a f   libvcruntime:initialization.obj
 0001:00029bc8       ___vcrt_thread_attach      4002abc8 f   libvcruntime:initialization.obj
 0001:00029bd3       ___vcrt_thread_detach      4002abd3 f   libvcruntime:initialization.obj
 0001:00029bde       ___vcrt_uninitialize       4002abde f   libvcruntime:initialization.obj
 0001:00029c02       ___vcrt_uninitialize_critical 4002ac02 f   libvcruntime:initialization.obj
 0001:00029c0a       ___std_type_info_destroy_list 4002ac0a f   libvcruntime:std_type_info.obj
 0001:00029d4e       ___vcrt_EventRegister      4002ad4e f   libvcruntime:winapi_downlevel.obj
 0001:00029d8e       ___vcrt_EventSetInformation 4002ad8e f   libvcruntime:winapi_downlevel.obj
 0001:00029dd1       ___vcrt_EventUnregister    4002add1 f   libvcruntime:winapi_downlevel.obj
 0001:00029e0b       ___vcrt_EventWriteTransfer 4002ae0b f   libvcruntime:winapi_downlevel.obj
 0001:00029e54       ___vcrt_FlsAlloc           4002ae54 f   libvcruntime:winapi_downlevel.obj
 0001:00029e8e       ___vcrt_FlsFree            4002ae8e f   libvcruntime:winapi_downlevel.obj
 0001:00029ec8       ___vcrt_FlsGetValue        4002aec8 f   libvcruntime:winapi_downlevel.obj
 0001:00029f02       ___vcrt_FlsSetValue        4002af02 f   libvcruntime:winapi_downlevel.obj
 0001:00029f3f       ___vcrt_InitializeCriticalSectionEx 4002af3f f   libvcruntime:winapi_downlevel.obj
 0001:00029f85       ___vcrt_initialize_winapi_thunks 4002af85 f   libvcruntime:winapi_downlevel.obj
 0001:00029fa9       ___vcrt_uninitialize_winapi_thunks 4002afa9 f   libvcruntime:winapi_downlevel.obj
 0001:00029fe0       __local_unwind4            4002afe0 f   libvcruntime:_exsup4_.obj
 0001:0002a0b6       __seh_longjmp_unwind4@4    4002b0b6 f   libvcruntime:_exsup4_.obj
 0001:0002a0de       @_EH4_CallFilterFunc@8     4002b0de f   libvcruntime:_exsup4_.obj
 0001:0002a0f5       @_EH4_TransferToHandler@8  4002b0f5 f   libvcruntime:_exsup4_.obj
 0001:0002a10e       @_EH4_GlobalUnwind2@8      4002b10e f   libvcruntime:_exsup4_.obj
 0001:0002a127       @_EH4_LocalUnwind@16       4002b127 f   libvcruntime:_exsup4_.obj
 0001:0002a13e       ___vcrt_freefls@4          4002b13e f   libvcruntime:per_thread_data.obj
 0001:0002a15a       ___vcrt_freeptd            4002b15a f   libvcruntime:per_thread_data.obj
 0001:0002a190       ___vcrt_getptd_noexit      4002b190 f   libvcruntime:per_thread_data.obj
 0001:0002a208       ___vcrt_initialize_ptd     4002b208 f   libvcruntime:per_thread_data.obj
 0001:0002a23b       ___vcrt_uninitialize_ptd   4002b23b f   libvcruntime:per_thread_data.obj
 0001:0002a256       ___vcrt_initialize_locks   4002b256 f   libvcruntime:locks.obj
 0001:0002a292       ___vcrt_uninitialize_locks 4002b292 f   libvcruntime:locks.obj
 0001:0002a2c1       ___vcrt_initialize_pure_virtual_call_handler 4002b2c1 f   libvcruntime:purevirt_data.obj
 0001:0002a2e0       __global_unwind2           4002b2e0 f   libvcruntime:_exsup_.obj
 0001:0002a345       __local_unwind2            4002b345 f   libvcruntime:_exsup_.obj
 0001:0002a3c9       __abnormal_termination     4002b3c9 f   libvcruntime:_exsup_.obj
 0001:0002a3ec       __NLG_Notify1              4002b3ec f   libvcruntime:_exsup_.obj
 0001:0002a3f5       __NLG_Notify               4002b3f5 f   libvcruntime:_exsup_.obj
 0001:0002a40c       __NLG_Dispatch             4002b40c     libvcruntime:_exsup_.obj
 0001:0002a40c       __NLG_Dispatch2            4002b40c     libvcruntime:_exsup_.obj
 0001:0002a414       __NLG_Call                 4002b414 f   libvcruntime:_exsup_.obj
 0001:0002a416       __NLG_Return2              4002b416     libvcruntime:_exsup_.obj
 0001:0002a417       ??$is_overflow_condition@K@__crt_strtox@@YA_NIK@Z 4002b417 f i libucrt:atox.obj
 0001:0002a44a       ??$parse_integer@KV?$c_string_character_source@D@__crt_strtox@@@__crt_strtox@@YAKQAU__crt_locale_pointers@@V?$c_string_character_source@D@0@H_N@Z 4002b44a f i libucrt:atox.obj
 0001:0002a672       ??0_LocaleUpdate@@QAE@QAU__crt_locale_pointers@@@Z 4002b672 f i libucrt:atox.obj
 0001:0002a6f5       ?unget@?$c_string_character_source@D@__crt_strtox@@QAEXD@Z 4002b6f5 f i libucrt:atox.obj
 0001:0002a71d       __chvalidchk_l             4002b71d f i libucrt:atox.obj
 0001:0002a747       __ischartype_l             4002b747 f i libucrt:atox.obj
 0001:0002a77a       _atoi                      4002b77a f   libucrt:atox.obj
 0001:0002a7b0       _atan2                     4002b7b0 f   libucrt:87ctriga.obj
 0001:0002a7ba       __CIatan2                  4002b7ba f   libucrt:87ctriga.obj
 0001:0002a7d0       __libm_sse2_cos_precise    4002b7d0 f   libucrt:cos_sse2_precise.obj
 0001:0002a990       __libm_sse2_sin_precise    4002b990 f   libucrt:sin_sse2_precise.obj
 0001:0002ab58       ??$assemble_floating_point_ind@N@__crt_strtox@@YAXAAN@Z 4002bb58 f i libucrt:atof.obj
 0001:0002ab87       ??$assemble_floating_point_infinity@N@__crt_strtox@@YAX_NAAN@Z 4002bb87 f i libucrt:atof.obj
 0001:0002abc6       ??$assemble_floating_point_qnan@N@__crt_strtox@@YAX_NAAN@Z 4002bbc6 f i libucrt:atof.obj
 0001:0002ac05       ??$assemble_floating_point_snan@N@__crt_strtox@@YAX_NAAN@Z 4002bc05 f i libucrt:atof.obj
 0001:0002ac49       ??$assemble_floating_point_value_t@M@__crt_strtox@@YA?AW4SLD_STATUS@@_NH_KAAM@Z 4002bc49 f i libucrt:atof.obj
 0001:0002ac79       ??$assemble_floating_point_value_t@N@__crt_strtox@@YA?AW4SLD_STATUS@@_NH_KAAN@Z 4002bc79 f i libucrt:atof.obj
 0001:0002acd8       ??$assemble_floating_point_zero@N@__crt_strtox@@YAX_NAAN@Z 4002bcd8 f i libucrt:atof.obj
 0001:0002ad82       ??$convert_decimal_string_to_floating_type@N@__crt_strtox@@YA?AW4SLD_STATUS@@ABUfloating_point_string@0@AAN@Z 4002bd82 f i libucrt:atof.obj
 0001:0002ada5       ??$convert_hexadecimal_string_to_floating_type@N@__crt_strtox@@YA?AW4SLD_STATUS@@ABUfloating_point_string@0@AAN@Z 4002bda5 f i libucrt:atof.obj
 0001:0002adc8       ??$parse_floating_point@V?$c_string_character_source@D@__crt_strtox@@N@__crt_strtox@@YA?AW4SLD_STATUS@@QAU__crt_locale_pointers@@V?$c_string_character_source@D@0@QAN@Z 4002bdc8 f i libucrt:atof.obj
 0001:0002ae3e       ??$parse_floating_point_from_source@V?$c_string_character_source@D@__crt_strtox@@@__crt_strtox@@YA?AW4floating_point_parse_result@0@QAU__crt_locale_pointers@@AAV?$c_string_character_source@D@0@AAUfloating_point_string@0@@Z 4002be3e f i libucrt:atof.obj
 0001:0002b230       ??$parse_floating_point_possible_infinity@DV?$c_string_character_source@D@__crt_strtox@@PBD@__crt_strtox@@YA?AW4floating_point_parse_result@0@AADAAV?$c_string_character_source@D@0@PBD@Z 4002c230 f i libucrt:atof.obj
 0001:0002b2dd       ??$parse_floating_point_possible_nan@DV?$c_string_character_source@D@__crt_strtox@@PBD@__crt_strtox@@YA?AW4floating_point_parse_result@0@AADAAV?$c_string_character_source@D@0@PBD@Z 4002c2dd f i libucrt:atof.obj
 0001:0002b3f8       ??$parse_floating_point_possible_nan_is_ind@DV?$c_string_character_source@D@__crt_strtox@@@__crt_strtox@@YA_NAADAAV?$c_string_character_source@D@0@@Z 4002c3f8 f i libucrt:atof.obj
 0001:0002b434       ??$parse_floating_point_possible_nan_is_snan@DV?$c_string_character_source@D@__crt_strtox@@@__crt_strtox@@YA_NAADAAV?$c_string_character_source@D@0@@Z 4002c434 f i libucrt:atof.obj
 0001:0002b470       ??$parse_floating_point_write_result@N@__crt_strtox@@YA?AW4SLD_STATUS@@W4floating_point_parse_result@0@ABUfloating_point_string@0@QAN@Z 4002c470 f i libucrt:atof.obj
 0001:0002b59a       ?as_double@floating_point_value@__crt_strtox@@QBEAANXZ 4002c59a f i libucrt:atof.obj
 0001:0002b5bf       ?as_float@floating_point_value@__crt_strtox@@QBEAAMXZ 4002c5bf f i libucrt:atof.obj
 0001:0002b5e4       ?assemble_floating_point_infinity@__crt_strtox@@YAX_NABVfloating_point_value@1@@Z 4002c5e4 f i libucrt:atof.obj
 0001:0002b61e       ?assemble_floating_point_value@__crt_strtox@@YA?AW4SLD_STATUS@@_KH_N1ABVfloating_point_value@1@@Z 4002c61e f i libucrt:atof.obj
 0001:0002b96a       ?assemble_floating_point_value_from_big_integer@__crt_strtox@@YA?AW4SLD_STATUS@@ABUbig_integer@1@I_N1ABVfloating_point_value@1@@Z 4002c96a f i libucrt:atof.obj
 0001:0002baf8       ?assemble_floating_point_zero@__crt_strtox@@YAX_NABVfloating_point_value@1@@Z 4002caf8 f i libucrt:atof.obj
 0001:0002bb2c       ?convert_decimal_string_to_floating_type_common@__crt_strtox@@YA?AW4SLD_STATUS@@ABUfloating_point_string@1@ABVfloating_point_value@1@@Z 4002cb2c f i libucrt:atof.obj
 0001:0002d8ef       ?convert_hexadecimal_string_to_floating_type_common@__crt_strtox@@YA?AW4SLD_STATUS@@ABUfloating_point_string@1@ABVfloating_point_value@1@@Z 4002e8ef f i libucrt:atof.obj
 0001:0002d99b       ?denormal_mantissa_mask@floating_point_value@__crt_strtox@@QBE_KXZ 4002e99b f i libucrt:atof.obj
 0001:0002d9c0       ?divide@__crt_strtox@@YA_KAAUbig_integer@1@ABU21@@Z 4002e9c0 f i libucrt:atof.obj
 0001:0002de6e       ?normal_mantissa_mask@floating_point_value@__crt_strtox@@QBE_KXZ 4002ee6e f i libucrt:atof.obj
 0001:0002de85       _atof                      4002ee85 f   libucrt:atof.obj
 0001:0002dea0       _fmod                      4002eea0 f   libucrt:87fmod.obj
 0001:0002deaa       __CIfmod                   4002eeaa f   libucrt:87fmod.obj
 0001:0002ded0       __libm_sse2_acos_precise   4002eed0 f   libucrt:acos_sse2_precise.obj
 0001:0002e3f0       __libm_sse2_sqrt_precise   4002f3f0 f   libucrt:sqrt_sse2_precise.obj
 0001:0002e66c       ??$count@D@formatting_buffer@__crt_stdio_output@@QBEIXZ 4002f66c f i libucrt:output.obj
 0001:0002e684       ??$ensure_buffer_is_big_enough@D@formatting_buffer@__crt_stdio_output@@QAE_NI@Z 4002f684 f i libucrt:output.obj
 0001:0002e70a       ??$is_wide_character_specifier@D@__crt_stdio_output@@YA_N_KDW4length_modifier@0@@Z 4002f70a f i libucrt:output.obj
 0001:0002e74a       ??$scratch_data@D@formatting_buffer@__crt_stdio_output@@QAEPADXZ 4002f74a f i libucrt:output.obj
 0001:0002e768       ??$type_case_integer_parse_into_buffer@I@?$output_processor@DV?$string_output_adapter@D@__crt_stdio_output@@V?$standard_base@DV?$string_output_adapter@D@__crt_stdio_output@@@2@@__crt_stdio_output@@AAEXII_N@Z 4002f768 f i libucrt:output.obj
 0001:0002e7dd       ??$type_case_integer_parse_into_buffer@_K@?$output_processor@DV?$string_output_adapter@D@__crt_stdio_output@@V?$standard_base@DV?$string_output_adapter@D@__crt_stdio_output@@@2@@__crt_stdio_output@@AAEX_KI_N@Z 4002f7dd f i libucrt:output.obj
 0001:0002e865       ??$write_multiple_characters@V?$string_output_adapter@D@__crt_stdio_output@@D@__crt_stdio_output@@YAXABV?$string_output_adapter@D@0@DHQAH@Z 4002f865 f i libucrt:output.obj
 0001:0002e891       ??0?$common_data@D@__crt_stdio_output@@IAE@XZ 4002f891 f i libucrt:output.obj
 0001:0002e8d8       ??0?$output_adapter_data@DV?$string_output_adapter@D@__crt_stdio_output@@@__crt_stdio_output@@IAE@ABV?$string_output_adapter@D@1@_KQBDQAU__crt_locale_pointers@@QAD@Z 4002f8d8 f i libucrt:output.obj
 0001:0002e914       ??0?$output_processor@DV?$string_output_adapter@D@__crt_stdio_output@@V?$standard_base@DV?$string_output_adapter@D@__crt_stdio_output@@@2@@__crt_stdio_output@@QAE@ABV?$string_output_adapter@D@1@_KQBDQAU__crt_locale_pointers@@QAD@Z 4002f914 f i libucrt:output.obj
 0001:0002e949       ??1formatting_buffer@__crt_stdio_output@@QAE@XZ 4002f949 f i libucrt:output.obj
 0001:0002e963       ??4?$__crt_unique_heap_ptr@DU__crt_internal_free_policy@@@@QAEAAV0@$$QAV0@@Z 4002f963 f i libucrt:output.obj
 0001:0002e987       ?crop_zeroes@__crt_stdio_output@@YAXPADQAU__crt_locale_pointers@@@Z 4002f987 f i libucrt:output.obj
 0001:0002e9de       ?find_next_state@?$output_processor@DV?$string_output_adapter@D@__crt_stdio_output@@V?$standard_base@DV?$string_output_adapter@D@__crt_stdio_output@@@2@@__crt_stdio_output@@ABE?AW4state@2@DW432@@Z 4002f9de f i libucrt:output.obj
 0001:0002ea10       ?force_decimal_point@__crt_stdio_output@@YAXPADQAU__crt_locale_pointers@@@Z 4002fa10 f i libucrt:output.obj
 0001:0002ea6c       ?parse_int_from_format_string@?$output_processor@DV?$string_output_adapter@D@__crt_stdio_output@@V?$standard_base@DV?$string_output_adapter@D@__crt_stdio_output@@@2@@__crt_stdio_output@@AAE_NQAH@Z 4002fa6c f i libucrt:output.obj
 0001:0002eac8       ?process@?$output_processor@DV?$string_output_adapter@D@__crt_stdio_output@@V?$standard_base@DV?$string_output_adapter@D@__crt_stdio_output@@@2@@__crt_stdio_output@@QAEHXZ 4002fac8 f i libucrt:output.obj
 0001:0002ebe4       ?state_case_flag@?$output_processor@DV?$string_output_adapter@D@__crt_stdio_output@@V?$standard_base@DV?$string_output_adapter@D@__crt_stdio_output@@@2@@__crt_stdio_output@@AAE_NXZ 4002fbe4 f i libucrt:output.obj
 0001:0002ec21       ?state_case_normal@?$output_processor@DV?$string_output_adapter@D@__crt_stdio_output@@V?$standard_base@DV?$string_output_adapter@D@__crt_stdio_output@@@2@@__crt_stdio_output@@AAE_NXZ 4002fc21 f i libucrt:output.obj
 0001:0002ec40       ?state_case_normal_common@?$output_processor@DV?$string_output_adapter@D@__crt_stdio_output@@V?$standard_base@DV?$string_output_adapter@D@__crt_stdio_output@@@2@@__crt_stdio_output@@AAE_NXZ 4002fc40 f i libucrt:output.obj
 0001:0002ec6a       ?state_case_normal_tchar@?$output_processor@DV?$string_output_adapter@D@__crt_stdio_output@@V?$standard_base@DV?$string_output_adapter@D@__crt_stdio_output@@@2@@__crt_stdio_output@@AAE_ND@Z 4002fc6a f i libucrt:output.obj
 0001:0002eccb       ?state_case_precision@?$output_processor@DV?$string_output_adapter@D@__crt_stdio_output@@V?$standard_base@DV?$string_output_adapter@D@__crt_stdio_output@@@2@@__crt_stdio_output@@AAE_NXZ 4002fccb f i libucrt:output.obj
 0001:0002ecf3       ?state_case_size@?$output_processor@DV?$string_output_adapter@D@__crt_stdio_output@@V?$standard_base@DV?$string_output_adapter@D@__crt_stdio_output@@@2@@__crt_stdio_output@@AAE_NXZ 4002fcf3 f i libucrt:output.obj
 0001:0002ee5c       ?state_case_type@?$output_processor@DV?$string_output_adapter@D@__crt_stdio_output@@V?$standard_base@DV?$string_output_adapter@D@__crt_stdio_output@@@2@@__crt_stdio_output@@AAE_NXZ 4002fe5c f i libucrt:output.obj
 0001:0002f08b       ?state_case_width@?$output_processor@DV?$string_output_adapter@D@__crt_stdio_output@@V?$standard_base@DV?$string_output_adapter@D@__crt_stdio_output@@@2@@__crt_stdio_output@@AAE_NXZ 4003008b f i libucrt:output.obj
 0001:0002f0b6       ?to_integer_size@__crt_stdio_output@@YAIW4length_modifier@1@@Z 400300b6 f i libucrt:output.obj
 0001:0002f112       ?type_case_Z@?$output_processor@DV?$string_output_adapter@D@__crt_stdio_output@@V?$standard_base@DV?$string_output_adapter@D@__crt_stdio_output@@@2@@__crt_stdio_output@@AAE_NXZ 40030112 f i libucrt:output.obj
 0001:0002f175       ?type_case_a@?$output_processor@DV?$string_output_adapter@D@__crt_stdio_output@@V?$standard_base@DV?$string_output_adapter@D@__crt_stdio_output@@@2@@__crt_stdio_output@@AAE_NXZ 40030175 f i libucrt:output.obj
 0001:0002f2cf       ?type_case_c_tchar@?$output_processor@DV?$string_output_adapter@D@__crt_stdio_output@@V?$standard_base@DV?$string_output_adapter@D@__crt_stdio_output@@@2@@__crt_stdio_output@@AAE_ND@Z 400302cf f i libucrt:output.obj
 0001:0002f35f       ?type_case_integer@?$output_processor@DV?$string_output_adapter@D@__crt_stdio_output@@V?$standard_base@DV?$string_output_adapter@D@__crt_stdio_output@@@2@@__crt_stdio_output@@AAE_NI_N@Z 4003035f f i libucrt:output.obj
 0001:0002f4a9       ?type_case_n@?$output_processor@DV?$string_output_adapter@D@__crt_stdio_output@@V?$standard_base@DV?$string_output_adapter@D@__crt_stdio_output@@@2@@__crt_stdio_output@@AAE_NXZ 400304a9 f i libucrt:output.obj
 0001:0002f51d       ?type_case_o@?$output_processor@DV?$string_output_adapter@D@__crt_stdio_output@@V?$standard_base@DV?$string_output_adapter@D@__crt_stdio_output@@@2@@__crt_stdio_output@@AAE_NXZ 4003051d f i libucrt:output.obj
 0001:0002f53c       ?type_case_p@?$output_processor@DV?$string_output_adapter@D@__crt_stdio_output@@V?$standard_base@DV?$string_output_adapter@D@__crt_stdio_output@@@2@@__crt_stdio_output@@AAE_NXZ 4003053c f i libucrt:output.obj
 0001:0002f554       ?type_case_s@?$output_processor@DV?$string_output_adapter@D@__crt_stdio_output@@V?$standard_base@DV?$string_output_adapter@D@__crt_stdio_output@@@2@@__crt_stdio_output@@AAE_NXZ 40030554 f i libucrt:output.obj
 0001:0002f5c7       ?validate@?$string_output_adapter@D@__crt_stdio_output@@QBE_NXZ 400305c7 f i libucrt:output.obj
 0001:0002f5c7       ?validate@?$c_string_character_source@D@__crt_strtox@@QBE_NXZ 400305c7 f i libucrt:atox.obj
 0001:0002f5e2       ?write_character@?$string_output_adapter@D@__crt_stdio_output@@QBE_NDQAH@Z 400305e2 f i libucrt:output.obj
 0001:0002f624       ?write_stored_string_tchar@?$output_processor@DV?$string_output_adapter@D@__crt_stdio_output@@V?$standard_base@DV?$string_output_adapter@D@__crt_stdio_output@@@2@@__crt_stdio_output@@AAE_ND@Z 40030624 f i libucrt:output.obj
 0001:0002f6cb       ?write_string@?$string_output_adapter@D@__crt_stdio_output@@QBEXQBDHQAH1@Z 400306cb f i libucrt:output.obj
 0001:0002f75e       ___stdio_common_vsprintf   4003075e f   libucrt:output.obj
 0001:0002f790       _strncpy                   40030790 f   libucrt:strncpy.obj
 0001:0002f8b4       _rand                      400308b4 f   libucrt:rand.obj
 0001:0002fba3       __tolower_l                40030ba3 f   libucrt:tolower_toupper.obj
 0001:0002fbbd       __toupper_l                40030bbd f   libucrt:tolower_toupper.obj
 0001:0002fbd7       _tolower                   40030bd7 f   libucrt:tolower_toupper.obj
 0001:0002fc07       _toupper                   40030c07 f   libucrt:tolower_toupper.obj
 0001:0002fd20       _qsort                     40030d20 f   libucrt:qsort.obj
 0001:000300c0       _ceil                      400310c0 f   libucrt:ceil_pentium4.obj
 0001:00030100       __ceil_pentium4            40031100 f   libucrt:ceil_pentium4.obj
 0001:000301e0       _floor                     400311e0 f   libucrt:floor_pentium4.obj
 0001:00030220       __floor_pentium4           40031220 f   libucrt:floor_pentium4.obj
 0001:000302e0       __libm_sse2_tan_precise    400312e0 f   libucrt:tan_sse2_precise.obj
 0001:00030550       __initterm                 40031550 f   libucrt:initterm.obj
 0001:000305ac       __initterm_e               400315ac f   libucrt:initterm.obj
 0001:000305f1       __seh_filter_dll           400315f1 f   libucrt:exception_filter.obj
 0001:00030611       __seh_filter_exe           40031611 f   libucrt:exception_filter.obj
 0001:0003099f       ___acrt_initialize_thread_local_exit_callback 4003199f f   libucrt:exit.obj
 0001:000309ae       __cexit                    400319ae f   libucrt:exit.obj
 0001:000309bd       __exit                     400319bd f   libucrt:exit.obj
 0001:000309d3       __is_c_termination_complete 400319d3 f   libucrt:exit.obj
 0001:00030b32       ??$uninitialize@A6AXAAPAPA_W@Z@?$dual_state_global@PAPA_W@__crt_state_management@@QAEXA6AXAAPAPA_W@Z@Z 40031b32 f i libucrt:environment_initialization.obj
 0001:00030b32       ??$uninitialize@A6AXAAPAPAD@Z@?$dual_state_global@PAPAD@__crt_state_management@@QAEXA6AXAAPAPAD@Z@Z 40031b32 f i libucrt:environment_initialization.obj
 0001:00030ba8       ___dcrt_uninitialize_environments_nolock 40031ba8 f   libucrt:environment_initialization.obj
 0001:00030bdf       __initialize_narrow_environment 40031bdf f   libucrt:environment_initialization.obj
 0001:00030be4       ??$?RV<lambda_800076c951b434888f4765a74a194fcc>@@AAV<lambda_4e60a939b0d047cfe11ddc22648dfba9>@@V<lambda_6dbb1268764f43b569ce7b67e331d33a>@@@?$__crt_seh_guarded_call@H@@QAEH$$QAV<lambda_800076c951b434888f4765a74a194fcc>@@AAV<lambda_4e60a939b0d047cfe11ddc22648dfba9>@@$$QAV<lambda_6dbb1268764f43b569ce7b67e331d33a>@@@Z 40031be4 f i libucrt:onexit.obj
 0001:00030c35       ??$?RV<lambda_995298e7d72eb4c2aab26c0585b3abe5>@@AAV<lambda_275893d493268fdec8709772e3fcec0e>@@V<lambda_293819299cbf9a7022e18b56a874bb5c>@@@?$__crt_seh_guarded_call@H@@QAEH$$QAV<lambda_995298e7d72eb4c2aab26c0585b3abe5>@@AAV<lambda_275893d493268fdec8709772e3fcec0e>@@$$QAV<lambda_293819299cbf9a7022e18b56a874bb5c>@@@Z 40031c35 f i libucrt:onexit.obj
 0001:00030c86       ??$__acrt_lock_and_call@V<lambda_275893d493268fdec8709772e3fcec0e>@@@@YAHW4__acrt_lock_id@@$$QAV<lambda_275893d493268fdec8709772e3fcec0e>@@@Z 40031c86 f i libucrt:onexit.obj
 0001:00030cae       ??$__acrt_lock_and_call@V<lambda_4e60a939b0d047cfe11ddc22648dfba9>@@@@YAHW4__acrt_lock_id@@$$QAV<lambda_4e60a939b0d047cfe11ddc22648dfba9>@@@Z 40031cae f i libucrt:onexit.obj
 0001:00030cd6       ??$__crt_fast_encode_pointer@P6AHXZ@@YAP6AHXZQ6AHXZ@Z 40031cd6 f i libucrt:onexit.obj
 0001:00030f56       __crt_atexit               40031f56 f   libucrt:onexit.obj
 0001:00030f6c       __execute_onexit_table     40031f6c f   libucrt:onexit.obj
 0001:00030f89       __initialize_onexit_table  40031f89 f   libucrt:onexit.obj
 0001:00030fc6       __register_onexit_function 40031fc6 f   libucrt:onexit.obj
 0001:000310de       ___acrt_initialize         400320de f   libucrt:initialization.obj
 0001:000310f0       ___acrt_thread_attach      400320f0 f   libucrt:initialization.obj
 0001:000310fb       ___acrt_thread_detach      400320fb f   libucrt:initialization.obj
 0001:00031103       ___acrt_uninitialize       40032103 f   libucrt:initialization.obj
 0001:00031115       ___acrt_uninitialize_critical 40032115 f   libucrt:initialization.obj
 0001:00031127       _terminate                 40032127 f   libucrt:terminate.obj
 0001:00031163       ___ascii_stricmp           40032163 f   libucrt:stricmp.obj
 0001:0003119e       __stricmp                  4003219e f   libucrt:stricmp.obj
 0001:0003119e       _stricmp                   4003219e f   libucrt:stricmp.obj
 0001:000311e6       __stricmp_l                400321e6 f   libucrt:stricmp.obj
 0001:00031280       _strnicmp                  40032280 f   libucrt:strnicmp.obj
 0001:00031280       __strnicmp                 40032280 f   libucrt:strnicmp.obj
 0001:000312ec       __strnicmp_l               400322ec f   libucrt:strnicmp.obj
 0001:0003151f       __freea_crt                4003251f f i libucrt:strupr.obj
 0001:0003153f       __strupr                   4003253f f   libucrt:strupr.obj
 0001:0003153f       _strupr                    4003253f f   libucrt:strupr.obj
 0001:0003159c       __strupr_s_l               4003259c f   libucrt:strupr.obj
 0001:000315d5       __free_base                400325d5 f   libucrt:free_base.obj
 0001:0003160f       __malloc_base              4003260f f   libucrt:malloc_base.obj
 0001:0003165d       _strcpy_s                  4003265d f   libucrt:strcpy_s.obj
 0001:000316b7       _abort                     400326b7 f   libucrt:abort.obj
 0001:000316fa       __calloc_base              400326fa f   libucrt:calloc_base.obj
 0001:00031757       ___acrt_call_reportfault   40032757 f   libucrt:invalid_parameter.obj
 0001:00031892       ___acrt_initialize_invalid_parameter_handler 40032892 f   libucrt:invalid_parameter.obj
 0001:000318a6       __invalid_parameter        400328a6 f   libucrt:invalid_parameter.obj
 0001:00031921       __invalid_parameter_noinfo 40032921 f   libucrt:invalid_parameter.obj
 0001:00031931       __invoke_watson            40032931 f   libucrt:invalid_parameter.obj
 0001:00031964       ___acrt_errno_from_os_error 40032964 f   libucrt:errno.obj
 0001:000319a7       ___acrt_errno_map_os_error 400329a7 f   libucrt:errno.obj
 0001:000319ca       ___doserrno                400329ca f   libucrt:errno.obj
 0001:000319dd       __errno                    400329dd f   libucrt:errno.obj
 0001:000319f0       ___pctype_func             400329f0 f   libucrt:ctype.obj
 0001:00031a16       __isctype_l                40032a16 f   libucrt:isctype.obj
 0001:00031ae8       ??$?RV<lambda_3518db117f0e7cdb002338c5d3c47b6c>@@AAV<lambda_b2ea41f6bbb362cd97d94c6828d90b61>@@V<lambda_abdedf541bb04549bc734292b4a045d4>@@@?$__crt_seh_guarded_call@X@@QAEX$$QAV<lambda_3518db117f0e7cdb002338c5d3c47b6c>@@AAV<lambda_b2ea41f6bbb362cd97d94c6828d90b61>@@$$QAV<lambda_abdedf541bb04549bc734292b4a045d4>@@@Z 40032ae8 f i libucrt:per_thread_data.obj
 0001:00031b38       ??$?RV<lambda_51b6e8b1eb166f2a3faf91f424b38130>@@AAV<lambda_6250bd4b2a391816dd638c3bf72b0bcb>@@V<lambda_0b5a4a3e68152e1d9b943535f5f47bed>@@@?$__crt_seh_guarded_call@X@@QAEX$$QAV<lambda_51b6e8b1eb166f2a3faf91f424b38130>@@AAV<lambda_6250bd4b2a391816dd638c3bf72b0bcb>@@$$QAV<lambda_0b5a4a3e68152e1d9b943535f5f47bed>@@@Z 40032b38 f i libucrt:per_thread_data.obj
 0001:00031b99       ??$?RV<lambda_5b71d36f03204c0beab531769a5b5694>@@AAV<lambda_be2b3da3f62db62e9dad5dc70221a656>@@V<lambda_8f9ce462984622f9bf76b59e2aaaf805>@@@?$__crt_seh_guarded_call@X@@QAEX$$QAV<lambda_5b71d36f03204c0beab531769a5b5694>@@AAV<lambda_be2b3da3f62db62e9dad5dc70221a656>@@$$QAV<lambda_8f9ce462984622f9bf76b59e2aaaf805>@@@Z 40032b99 f i libucrt:per_thread_data.obj
 0001:00031be4       ??$?RV<lambda_9df27f884b057bc3edfc946cb5b7cf47>@@AAV<lambda_e69574bed617af4e071282c136b37893>@@V<lambda_cc0d902bcbbeb830f749456577db4721>@@@?$__crt_seh_guarded_call@X@@QAEX$$QAV<lambda_9df27f884b057bc3edfc946cb5b7cf47>@@AAV<lambda_e69574bed617af4e071282c136b37893>@@$$QAV<lambda_cc0d902bcbbeb830f749456577db4721>@@@Z 40032be4 f i libucrt:per_thread_data.obj
 0001:00031c2c       ??$__acrt_lock_and_call@V<lambda_6250bd4b2a391816dd638c3bf72b0bcb>@@@@YAXW4__acrt_lock_id@@$$QAV<lambda_6250bd4b2a391816dd638c3bf72b0bcb>@@@Z 40032c2c f i libucrt:per_thread_data.obj
 0001:00031c54       ??$__acrt_lock_and_call@V<lambda_b2ea41f6bbb362cd97d94c6828d90b61>@@@@YAXW4__acrt_lock_id@@$$QAV<lambda_b2ea41f6bbb362cd97d94c6828d90b61>@@@Z 40032c54 f i libucrt:per_thread_data.obj
 0001:00031c7c       ??$__acrt_lock_and_call@V<lambda_be2b3da3f62db62e9dad5dc70221a656>@@@@YAXW4__acrt_lock_id@@$$QAV<lambda_be2b3da3f62db62e9dad5dc70221a656>@@@Z 40032c7c f i libucrt:per_thread_data.obj
 0001:00031ca4       ??$__acrt_lock_and_call@V<lambda_e69574bed617af4e071282c136b37893>@@@@YAXW4__acrt_lock_id@@$$QAV<lambda_e69574bed617af4e071282c136b37893>@@@Z 40032ca4 f i libucrt:per_thread_data.obj
 0001:00031e5a       ___acrt_freeptd            40032e5a f   libucrt:per_thread_data.obj
 0001:00031e86       ___acrt_getptd             40032e86 f   libucrt:per_thread_data.obj
 0001:00031f0a       ___acrt_getptd_noexit      40032f0a f   libucrt:per_thread_data.obj
 0001:00031f8f       ___acrt_initialize_ptd     40032f8f f   libucrt:per_thread_data.obj
 0001:00031fbb       ___acrt_uninitialize_ptd   40032fbb f   libucrt:per_thread_data.obj
 0001:00031fd5       ___acrt_update_locale_info 40032fd5 f   libucrt:locale_update.obj
 0001:00032002       ___acrt_update_multibyte_info 40033002 f   libucrt:locale_update.obj
 0001:0003202f       ___acrt_set_locale_changed 4003302f f   libucrt:wsetlocale.obj
 0001:0003203a       ___acrt_uninitialize_locale 4003303a f   libucrt:wsetlocale.obj
 0001:000320ac       __fFATN2                   400330ac     libucrt:87triga.obj
 0001:000320fc       __rtpiby2                  400330fc     libucrt:87triga.obj
 0001:00032140       __cintrindisp2             40033140 f   libucrt:87cdisp.obj
 0001:00032184       __cintrindisp1             40033184 f   libucrt:87cdisp.obj
 0001:000321c7       __ctrandisp2               400331c7 f   libucrt:87cdisp.obj
 0001:00032356       __ctrandisp1               40033356 f   libucrt:87cdisp.obj
 0001:00032389       __fload                    40033389 f   libucrt:87cdisp.obj
 0001:000323d0       _cos                       400333d0 f   libucrt:cos.obj
 0001:00032410       __CIcos                    40033410 f   libucrt:cos.obj
 0001:0003244b       __CIcos_default            4003344b f   libucrt:cos.obj
 0001:0003245f       __cos_default              4003345f     libucrt:cos.obj
 0001:00032500       _sin                       40033500 f   libucrt:sin.obj
 0001:00032540       __CIsin                    40033540 f   libucrt:sin.obj
 0001:0003257b       __CIsin_default            4003357b f   libucrt:sin.obj
 0001:0003258f       __sin_default              4003358f     libucrt:sin.obj
 0001:00032622       _fegetround                40033622 f   libucrt:fegetround.obj
 0001:0003262d       __isdigit_l                4003362d f i libucrt:_ctype.obj
 0001:00032665       _isdigit                   40033665 f i libucrt:_ctype.obj
 0001:00032692       ??$make_c_string_character_source@DPAPAD@__crt_strtox@@YA?AV?$c_string_character_source@D@0@QBDQAPAD@Z 40033692 f i libucrt:strtox.obj
 0001:00032692       ??$make_c_string_character_source@D$$T@__crt_strtox@@YA?AV?$c_string_character_source@D@0@QBD$$T@Z 40033692 f i libucrt:atox.obj
 0001:000326ad       _strtol                    400336ad f   libucrt:strtox.obj
 0001:000326d9       __mbtowc_l                 400336d9 f   libucrt:mbtowc.obj
 0001:000327d3       _mbtowc                    400337d3 f   libucrt:mbtowc.obj
 0001:000327ed       __wctomb_s_l               400337ed f   libucrt:wctomb.obj
 0001:0003290e       _wctomb_s                  4003390e f   libucrt:wctomb.obj
 0001:0003292b       __fileno                   4003392b f   libucrt:fileno.obj
 0001:00032951       ___acrt_initialize_stdio   40033951 f   libucrt:_file.obj
 0001:00032a19       ___acrt_uninitialize_stdio 40033a19 f   libucrt:_file.obj
 0001:00032a65       __lock_file                40033a65 f   libucrt:_file.obj
 0001:00032a79       __unlock_file              40033a79 f   libucrt:_file.obj
 0001:00032bf9       ___acrt_initialize_lowio   40033bf9 f   libucrt:ioinit.obj
 0001:00032c4f       ___acrt_uninitialize_lowio 40033c4f f   libucrt:ioinit.obj
 0001:00032c80       __trandisp1                40033c80 f   libucrt:87disp.obj
 0001:00032ce7       __trandisp2                40033ce7 f   libucrt:87disp.obj
 0001:00032d73       __rttospopde               40033d73     libucrt:87disp.obj
 0001:00032d78       __rttospop                 40033d78     libucrt:87disp.obj
 0001:00032d7a       __rtnospop                 40033d7a     libucrt:87disp.obj
 0001:00032d7c       __rttosnpop                40033d7c     libucrt:87disp.obj
 0001:00032d7d       __rtnospopde               40033d7d     libucrt:87disp.obj
 0001:00032d84       __rtzeropop                40033d84     libucrt:87disp.obj
 0001:00032d86       __rtzeronpop               40033d86     libucrt:87disp.obj
 0001:00032d8b       __rtzerospop               40033d8b     libucrt:87disp.obj
 0001:00032d98       __rtonepop                 40033d98     libucrt:87disp.obj
 0001:00032d9a       __rtonenpop                40033d9a     libucrt:87disp.obj
 0001:00032d9f       __tosnan1                  40033d9f     libucrt:87disp.obj
 0001:00032dca       __nosnan2                  40033dca     libucrt:87disp.obj
 0001:00032dcc       __tosnan2                  40033dcc     libucrt:87disp.obj
 0001:00032df4       __nan2                     40033df4     libucrt:87disp.obj
 0001:00032e33       __rtindfpop                40033e33     libucrt:87disp.obj
 0001:00032e35       __rtindfnpop               40033e35     libucrt:87disp.obj
 0001:00032e46       __rttosnpopde              40033e46     libucrt:87disp.obj
 0001:00032e50       __rtatan2inf               40033e50     libucrt:87disp.obj
 0001:00032e6d       __rtchsifneg               40033e6d     libucrt:87disp.obj
 0001:00032e74       ___libm_error_support      40033e74 f   libucrt:libm_error.obj
 0001:00033090       _acos                      40034090 f   libucrt:acos.obj
 0001:000330d0       __CIacos                   400340d0 f   libucrt:acos.obj
 0001:0003310b       __CIacos_default           4003410b f   libucrt:acos.obj
 0001:0003311f       __acos_default             4003411f     libucrt:acos.obj
 0001:000331e0       __CIsqrt                   400341e0 f   libucrt:sqrt.obj
 0001:000331f4       _sqrt                      400341f4     libucrt:sqrt.obj
 0001:0003329a       _strnlen                   4003429a f   libucrt:strnlen.obj
 0001:000333c1       _wcsnlen                   400343c1 f   libucrt:strnlen.obj
 0001:00033578       ?__acrt_fp_classify@@YA?AW4__acrt_fp_class@@ABN@Z 40034578 f i libucrt:cvt.obj
 0001:000335e4       ?__acrt_fp_is_negative@@YA_NABN@Z 400345e4 f i libucrt:cvt.obj
 0001:00033e43       ___acrt_fp_format          40034e43 f   libucrt:cvt.obj
 0001:00033f8d       __get_printf_count_output  40034f8d f   libucrt:printf_count_output.obj
 0001:00033fa2       __isleadbyte_l             40034fa2 f i libucrt:_wctype.obj
 0001:000341f8       ___acrt_LCMapStringA       400351f8 f   libucrt:lcmapstringa.obj
 0001:00034243       ___acrt_initialize_sse2    40035243 f   libucrt:mathfcns.obj
 0001:00034252       __ceil_default             40035252 f   libucrt:ceil.obj
 0001:0003430b       __floor_default            4003530b f   libucrt:floor.obj
 0001:000343d0       _tan                       400353d0 f   libucrt:tan.obj
 0001:00034410       __CItan                    40035410 f   libucrt:tan.obj
 0001:0003444b       __CItan_default            4003544b f   libucrt:tan.obj
 0001:0003445f       __tan_default              4003545f     libucrt:tan.obj
[...]
 0002:000186b0       Infs                       400556b0     libucrt:log10_pentium4.obj
 0002:000186c0       NaN                        400556c0     libucrt:log10_pentium4.obj
 0002:000186d0       coeff                      400556d0     libucrt:log10_pentium4.obj
 0002:0001872e       _log2max                   4005572e     libucrt:87tran.obj
 0002:00018738       _smallarg                  40055738     libucrt:87tran.obj
 0002:00018742       _half                      40055742     libucrt:87tran.obj
 0002:00019080       ?_TlgEvent@?3??__telemetry_main_invoke_trigger@@9@4U<unnamed-type-_TlgEvent>@?3??1@YAXQAUHINSTANCE__@@@Z@B 40056080     libvcruntime:telemetry.obj
 0002:000190bc       ?_TlgEvent@?3??__telemetry_main_return_trigger@@9@4U<unnamed-type-_TlgEvent>@?3??1@YAXQAUHINSTANCE__@@@Z@B 400560bc     libvcruntime:telemetry.obj
 0002:000190f7       ?_Tlg_Microsoft_CRTProviderProv_Meta@@3U<unnamed-type-_Tlg_Microsoft_CRTProviderProv_Meta>@@B 400560f7     libvcruntime:telemetry.obj
 0002:000194a0       __sehtable$?dllmain_crt_process_attach@@YAHQAUHINSTANCE__@@QAX@Z 400564a0     LIBCMT:dll_dllmain.obj
 0002:000194c0       __sehtable$?dllmain_crt_process_detach@@YAH_N@Z 400564c0     LIBCMT:dll_dllmain.obj
 0002:000194e0       __sehtable$?dllmain_dispatch@@YAHQAUHINSTANCE__@@KQAX@Z 400564e0     LIBCMT:dll_dllmain.obj
 0002:00019500       __sehtable$___scrt_is_nonwritable_in_current_image 40056500     LIBCMT:utility.obj
 0002:00019520       __sehtable$?common_exit@@YAXHW4_crt_exit_cleanup_mode@@W4_crt_exit_return_mode@@@Z 40056520     libucrt:exit.obj
 0002:00019548       __sehtable$??$?RV<lambda_800076c951b434888f4765a74a194fcc>@@AAV<lambda_4e60a939b0d047cfe11ddc22648dfba9>@@V<lambda_6dbb1268764f43b569ce7b67e331d33a>@@@?$__crt_seh_guarded_call@H@@QAEH$$QAV<lambda_800076c951b434888f4765a74a194fcc>@@AAV<lambda_4e60a939b0d047cfe11ddc22648dfba9>@@$$QAV<lambda_6dbb1268764f43b569ce7b67e331d33a>@@@Z 40056548     libucrt:onexit.obj
 0002:00019568       __sehtable$??$?RV<lambda_995298e7d72eb4c2aab26c0585b3abe5>@@AAV<lambda_275893d493268fdec8709772e3fcec0e>@@V<lambda_293819299cbf9a7022e18b56a874bb5c>@@@?$__crt_seh_guarded_call@H@@QAEH$$QAV<lambda_995298e7d72eb4c2aab26c0585b3abe5>@@AAV<lambda_275893d493268fdec8709772e3fcec0e>@@$$QAV<lambda_293819299cbf9a7022e18b56a874bb5c>@@@Z 40056568     libucrt:onexit.obj
 0002:00019588       __sehtable$_terminate      40056588     libucrt:terminate.obj
 0002:000195a8       __sehtable$??$?RV<lambda_9df27f884b057bc3edfc946cb5b7cf47>@@AAV<lambda_e69574bed617af4e071282c136b37893>@@V<lambda_cc0d902bcbbeb830f749456577db4721>@@@?$__crt_seh_guarded_call@X@@QAEX$$QAV<lambda_9df27f884b057bc3edfc946cb5b7cf47>@@AAV<lambda_e69574bed617af4e071282c136b37893>@@$$QAV<lambda_cc0d902bcbbeb830f749456577db4721>@@@Z 400565a8     libucrt:per_thread_data.obj
 0002:000195c8       __sehtable$??$?RV<lambda_3518db117f0e7cdb002338c5d3c47b6c>@@AAV<lambda_b2ea41f6bbb362cd97d94c6828d90b61>@@V<lambda_abdedf541bb04549bc734292b4a045d4>@@@?$__crt_seh_guarded_call@X@@QAEX$$QAV<lambda_3518db117f0e7cdb002338c5d3c47b6c>@@AAV<lambda_b2ea41f6bbb362cd97d94c6828d90b61>@@$$QAV<lambda_abdedf541bb04549bc734292b4a045d4>@@@Z 400565c8     libucrt:per_thread_data.obj
 0002:000195e8       __sehtable$??$?RV<lambda_51b6e8b1eb166f2a3faf91f424b38130>@@AAV<lambda_6250bd4b2a391816dd638c3bf72b0bcb>@@V<lambda_0b5a4a3e68152e1d9b943535f5f47bed>@@@?$__crt_seh_guarded_call@X@@QAEX$$QAV<lambda_51b6e8b1eb166f2a3faf91f424b38130>@@AAV<lambda_6250bd4b2a391816dd638c3bf72b0bcb>@@$$QAV<lambda_0b5a4a3e68152e1d9b943535f5f47bed>@@@Z 400565e8     libucrt:per_thread_data.obj
 0002:00019608       __sehtable$??$?RV<lambda_5b71d36f03204c0beab531769a5b5694>@@AAV<lambda_be2b3da3f62db62e9dad5dc70221a656>@@V<lambda_8f9ce462984622f9bf76b59e2aaaf805>@@@?$__crt_seh_guarded_call@X@@QAEX$$QAV<lambda_5b71d36f03204c0beab531769a5b5694>@@AAV<lambda_be2b3da3f62db62e9dad5dc70221a656>@@$$QAV<lambda_8f9ce462984622f9bf76b59e2aaaf805>@@@Z 40056608     libucrt:per_thread_data.obj
 0002:00019628       __sehtable$___acrt_uninitialize_locale 40056628     libucrt:wsetlocale.obj
 0002:00019648       __sehtable$___acrt_initialize_lowio 40056648     libucrt:ioinit.obj
 0002:00019668       __sehtable$___acrt_update_thread_multibyte_data 40056668     libucrt:mbctype.obj
 0002:00019688       __sehtable$??$?RV<lambda_978dc153c237d78434369da87b74ff60>@@AAV<lambda_ad1ced32f4ac17aa236e5ef05d6b3b7c>@@V<lambda_4a8533e2866a575feecb8298ce776b0d>@@@?$__crt_seh_guarded_call@X@@QAEX$$QAV<lambda_978dc153c237d78434369da87b74ff60>@@AAV<lambda_ad1ced32f4ac17aa236e5ef05d6b3b7c>@@$$QAV<lambda_4a8533e2866a575feecb8298ce776b0d>@@@Z 40056688     libucrt:mbctype.obj
 0002:000196a8       __sehtable$__query_new_handler 400566a8     libucrt:new_handler.obj
 0002:000196c8       __sehtable$_raise          400566c8     libucrt:signal.obj
 0002:000196e8       __sehtable$??$?RV<lambda_a048d3beccc847880fc8490e18b82769>@@AAV<lambda_ec61778202f4f5fc7e7711acc23c3bca>@@V<lambda_f7496a158712204296dd6628a163878e>@@@?$__crt_seh_guarded_call@P6AXH@Z@@QAEP6AXH@Z$$QAV<lambda_a048d3beccc847880fc8490e18b82769>@@AAV<lambda_ec61778202f4f5fc7e7711acc23c3bca>@@$$QAV<lambda_f7496a158712204296dd6628a163878e>@@@Z 400566e8     libucrt:signal.obj
 0002:00019708       __sehtable$___acrt_update_thread_locale_data 40056708     libucrt:locale_refcounting.obj
 0002:00019728       __sehtable$__fcloseall     40056728     libucrt:closeall.obj
 0002:00019748       __sehtable$_common_flush_all 40056748     libucrt:fflush.obj
 0002:00019770       __sehtable$___acrt_lowio_ensure_fh_exists 40056770     libucrt:osfinfo.obj
 0002:00019790       __sehtable$_fclose         40056790     libucrt:fclose.obj
 0002:000197b0       __sehtable$??$?RV<lambda_61cee617f5178ae960314fd4d05640a0>@@AAV<lambda_6978c1fb23f02e42e1d9e99668cc68aa>@@V<lambda_9cd88cf8ad10232537feb2133f08c833>@@@?$__crt_seh_guarded_call@H@@QAEH$$QAV<lambda_61cee617f5178ae960314fd4d05640a0>@@AAV<lambda_6978c1fb23f02e42e1d9e99668cc68aa>@@$$QAV<lambda_9cd88cf8ad10232537feb2133f08c833>@@@Z 400567b0     libucrt:commit.obj
 0002:000197d0       __sehtable$__write         400567d0     libucrt:write.obj
 0002:000197f0       __sehtable$??$?RV<lambda_123407a5e2ac06da108355a851863b7a>@@AAV<lambda_2fe9b910cf3cbf4a0ab98a02ba45b3ec>@@V<lambda_ae55bdf541ad94d75914d381c370e64d>@@@?$__crt_seh_guarded_call@H@@QAEH$$QAV<lambda_123407a5e2ac06da108355a851863b7a>@@AAV<lambda_2fe9b910cf3cbf4a0ab98a02ba45b3ec>@@$$QAV<lambda_ae55bdf541ad94d75914d381c370e64d>@@@Z 400567f0     libucrt:close.obj
 0002:00019810       __sehtable$__IsNonwritableInCurrentImage 40056810     LIBCMT:pesect.obj
 0002:00019830       .edata                     40056830     uix86.exp
 0002:00019858       rgpv                       40056858     uix86.exp
 0002:00019860       rgszName                   40056860     uix86.exp
 0002:00019868       rgwOrd                     40056868     uix86.exp
 0002:0001986c       szName                     4005686c     uix86.exp
 0002:00019876       $N00001                    40056876     uix86.exp
 0002:0001987f       $N00002                    4005687f     uix86.exp
 0002:00019e34       .idata$6                   40056e34     kernel32:KERNEL32.dll
 0002:00019e56       .idata$6                   40056e56     advapi32:ADVAPI32.dll
 0003:00001104       _bg_poolTail               40058104     bg_misc.obj
 0003:00002bb4       _holdrand                  40059bb4     q_math.obj
 0003:00005d40       _cvarTable                 4005cd40     ui_main.obj
 0003:00006560       _datapadMoveData           4005d560     ui_main.obj
 0003:00006b60       _skillLevels               4005db60     ui_main.obj
 0003:00006b74       _teamArenaGameTypes        4005db74     ui_main.obj
 0003:00006ba0       _netnames                  4005dba0     ui_main.obj
 0003:00006bb0       _handicapValues            4005dbb0     ui_main.obj
 0003:00006c04       ?lastColumn@?1??UI_FeederItemText@@9@9 4005dc04     ui_main.obj
 0003:00006c08       _cvarTableSize             4005dc08     ui_main.obj
 0003:00006d20       _g_bindings                4005dd20     ui_shared.obj
 0003:00007c20       ?staticNULL@?1??String_Alloc@@9@9 4005ec20     ui_shared.obj
 0003:00007c24       ?squiggy@?1??PC_String_Parse@@9@9 4005ec24     ui_shared.obj
 0003:00007c28       _syscall                   4005ec28     ui_syscalls.obj
 0003:00007c50       ?_Tlg_Microsoft_CRTProviderProv@@3U_TlgProvider_t@__vcrt_trace_logging_provider@@A 4005ec50     libvcruntime:telemetry.obj
 0003:00007c90       ?__vcrt_flsindex@@3KA      4005ec90     libvcruntime:per_thread_data.obj
 0003:00007cb4       _errno_no_memory           4005ecb4     libucrt:errno.obj
 0003:00007cb8       _doserrno_no_memory        4005ecb8     libucrt:errno.obj
 0003:00007cbc       ___acrt_flsindex           4005ecbc     libucrt:per_thread_data.obj
 0003:00007e40       ___rgctypeflag             4005ee40     libucrt:mbctype.obj
 0003:00007e48       ___rgcode_page_info        4005ee48     libucrt:mbctype.obj
 0003:000083e0       ?i@?1??SnapVector@@9@9     4005f3e0     bg_misc.obj
 0003:000083e4       ?f@?1??SnapVector@@9@9     4005f3e4     bg_misc.obj
 0003:000083e8       _bg_pool                   4005f3e8     bg_misc.obj
 0003:000853e8       _bg_poolSize               400dc3e8     bg_misc.obj
 0003:00085410       ?bops_initialized@?1??BoxOnPlaneSide@@9@9 400dc410     q_math.obj
 0003:00085414       ?Ljmptab@?1??BoxOnPlaneSide@@9@9 400dc414     q_math.obj
 0003:00085434       ?sr@?1??AngleVectors@@9@9  400dc434     q_math.obj
 0003:00085438       ?sp@?1??AngleVectors@@9@9  400dc438     q_math.obj
 0003:0008543c       ?sy@?1??AngleVectors@@9@9  400dc43c     q_math.obj
 0003:00085440       ?cr@?1??AngleVectors@@9@9  400dc440     q_math.obj
 0003:00085444       ?cp@?1??AngleVectors@@9@9  400dc444     q_math.obj
 0003:00085448       ?cy@?1??AngleVectors@@9@9  400dc448     q_math.obj
 0003:00085450       _com_token                 400dc450     q_shared.obj
 0003:00085850       _com_parsename             400dc850     q_shared.obj
 0003:00085c50       _com_lines                 400dcc50     q_shared.obj
 0003:00085c54       ?index@?1??va@@9@9         400dcc54     q_shared.obj
 0003:00085c58       ?string@?1??COM_ParseError@@9@9 400dcc58     q_shared.obj
 0003:00086c58       ?string@?1??COM_ParseWarning@@9@9 400ddc58     q_shared.obj
 0003:00087c58       ?string@?1??va@@9@9        400dec58     q_shared.obj
 0003:00097658       ?value@?1??Info_ValueForKey@@9@9 400ee658     q_shared.obj
 0003:0009b658       ?valueindex@?1??Info_ValueForKey@@9@9 400f2658     q_shared.obj
 0003:0009b668       ?buffer@?1??UI_Argv@@9@9   400f2668     ui_atoms.obj
 0003:0009ba68       ?buffer@?1??UI_Cvar_VariableString@@9@9 400f2a68     ui_atoms.obj
 0003:0009bec8       _ui_botInfos               400f2ec8     ui_gameinfo.obj
 0003:0009cec8       _ui_numArenas              400f3ec8     ui_gameinfo.obj
 0003:0009ced0       _ui_arenaInfos             400f3ed0     ui_gameinfo.obj
 0003:0009e6e8       ?text@?1??UI_GetStringEdString@@9@9 400f56e8     ui_main.obj
 0003:0009eaf4       ?index@?1??_UI_Refresh@@9@9 400f5af4     ui_main.obj
 0003:0009eaf8       _UIPAFtext                 400f5af8     ui_main.obj
 0003:000ad558       ?sTemp@?1??GetCRDelineatedString@@9@9 40104558     ui_main.obj
 0003:000ad658       ?previousTimes@?1??_UI_Refresh@@9@9 40104658     ui_main.obj
 0003:000ad668       ?buf@?1??GetMenuBuffer@@9@9 40104668     ui_main.obj
 0003:000b5668       ?numinvisible@?1??UI_BuildServerDisplayList@@9@9 4010c668     ui_main.obj
 0003:000b566c       ?numFound@?1??UI_BuildFindPlayerList@@9@9 4010c66c     ui_main.obj
 0003:000b5670       ?info@?1??UI_CheckPassword@@9@9 4010c670     ui_main.obj
 0003:000b5a70       ?numTimeOuts@?1??UI_BuildFindPlayerList@@9@9 4010ca70     ui_main.obj
 0003:000b5a74       ?lastTime@?1??UI_FeederItemText@@9@9 4010ca74     ui_main.obj
 0003:000b5a78       ?info@?1??UI_FeederCount@@9@9 4010ca78     ui_main.obj
 0003:000b5e78       ?info@?1??UI_FeederItemText@@9@9 4010ce78     ui_main.obj
 0003:000b6278       ?hostname@?1??UI_FeederItemText@@9@9 4010d278     ui_main.obj
 0003:000b6678       ?clientBuff@?1??UI_FeederItemText@@9@9 4010d678     ui_main.obj
 0003:000b6698       ?needPass@?1??UI_FeederItemText@@9@9 4010d698     ui_main.obj
 0003:000b66b8       ?info@?1??UI_FeederItemImage@@9@9 4010d6b8     ui_main.obj
 0003:000b6ab8       ?info2@?CO@??UI_FeederItemImage@@9@9 4010dab8     ui_main.obj
 0003:000b6eb8       ?info@?1??UI_FeederSelection@@9@9 4010deb8     ui_main.obj
 0003:000b72b8       _lastConnState             4010e2b8     ui_main.obj
 0003:000b72c0       _lastLoadingText           4010e2c0     ui_main.obj
 0003:000b76c4       _redSaberGlowShader        4010e6c4     ui_saber.obj
 0003:000b76c8       _SaberParms                4010e6c8     ui_saber.obj
 0003:000c06c8       _redSaberCoreShader        401176c8     ui_saber.obj
 0003:000c06cc       _orangeSaberGlowShader     401176cc     ui_saber.obj
 0003:000c06d0       _orangeSaberCoreShader     401176d0     ui_saber.obj
 0003:000c06d4       _yellowSaberGlowShader     401176d4     ui_saber.obj
 0003:000c06d8       _yellowSaberCoreShader     401176d8     ui_saber.obj
 0003:000c06dc       _greenSaberGlowShader      401176dc     ui_saber.obj
 0003:000c06e0       _greenSaberCoreShader      401176e0     ui_saber.obj
 0003:000c06e4       _blueSaberGlowShader       401176e4     ui_saber.obj
 0003:000c06e8       _blueSaberCoreShader       401176e8     ui_saber.obj
 0003:000c06ec       _purpleSaberGlowShader     401176ec     ui_saber.obj
 0003:000c06f0       _purpleSaberCoreShader     401176f0     ui_saber.obj
 0003:000c0710       _scrollInfo                40117710     ui_shared.obj
 0003:000c0730       _captureFunc               40117730     ui_shared.obj
 0003:000c0734       _captureData               40117734     ui_shared.obj
 0003:000c0738       _itemCapture               40117738     ui_shared.obj
 0003:000c073c       _g_waitingForKey           4011773c     ui_shared.obj
 0003:000c0740       _g_editingField            40117740     ui_shared.obj
 0003:000c0744       _g_bindItem                40117744     ui_shared.obj
 0003:000c0748       _g_editItem                40117748     ui_shared.obj
 0003:000c074c       _debugMode                 4011774c     ui_shared.obj
 0003:000c0750       _lastListBoxClickTime      40117750     ui_shared.obj
 0003:000c0754       _allocPoint                40117754     ui_shared.obj
 0003:000c0758       _memoryPool                40117758     ui_shared.obj
 0003:002c0758       _outOfMemory               40317758     ui_shared.obj
 0003:002c075c       _strPoolIndex              4031775c     ui_shared.obj
 0003:002c0760       _strPool                   40317760     ui_shared.obj
 0003:00320760       _strHandleCount            40377760     ui_shared.obj
 0003:00320764       ?inHandleKey@?9??Menu_HandleKey@@9@9 40377764     ui_shared.obj
 0003:00320768       _strHandle                 40377768     ui_shared.obj
 0003:00322768       ?string@?1??PC_SourceWarning@@9@9 40379768     ui_shared.obj
 0003:00323768       ?string@?1??PC_SourceError@@9@9 4037a768     ui_shared.obj
 0003:00324768       ?__proc_attached@@3HA      4037b768     LIBCMT:dll_dllmain.obj
 0003:0032477c       ?module_local_atexit_table@@3U_onexit_table_t@@A 4037b77c     LIBCMT:utility.obj
 0003:00324788       ?module_local_at_quick_exit_table@@3U_onexit_table_t@@A 4037b788     LIBCMT:utility.obj
 0003:00324794       ?is_initialized_as_dll@@3_NA 4037b794     LIBCMT:utility.obj
 0003:003247a8       _GS_ExceptionRecord        4037b7a8     LIBCMT:gs_report.obj
 0003:003247f8       _GS_ContextRecord          4037b7f8     LIBCMT:gs_report.obj
 0003:00324ac4       ?module_handles@@3PAPAUHINSTANCE__@@A 4037bac4     libvcruntime:winapi_downlevel.obj
 0003:00324ad4       ?encoded_function_pointers@@3PAPAXA 4037bad4     libvcruntime:winapi_downlevel.obj
 0003:00324af8       ?__vcrt_startup_thread_ptd@@3U__vcrt_ptd@@A 4037baf8     libvcruntime:per_thread_data.obj
 0003:00324b20       ___vcrt_lock_table         4037bb20     libvcruntime:locks.obj
 0003:00324b38       ___vcrt_locks_initialized  4037bb38     libvcruntime:locks.obj
 0003:00324b68       ?heap@@3V_HeapManager@@A   4037bb68     libvcruntime:undname.obj
 0003:00324b7c       _c_termination_complete    4037bb7c     libucrt:exit.obj
 0003:00324b80       _thread_local_exit_callback_func 4037bb80     libucrt:exit.obj
 0003:00324b84       ?c_exit_complete@?5??common_exit@@YAXHW4_crt_exit_cleanup_mode@@W4_crt_exit_return_mode@@@Z@4_NA 4037bb84     libucrt:exit.obj
 0003:00324bb0       ___acrt_invalid_parameter_handler 4037bbb0     libucrt:invalid_parameter.obj
 0003:00324dcc       __pmatherr_set             4037bdcc     libucrt:libm_error.obj
 0003:00324dd0       _enable_percent_n          4037bdd0     libucrt:printf_count_output.obj
 0003:00324de0       ___acrt_lock_table         4037bde0     libucrt:locks.obj
 0003:00324f18       ___acrt_locks_initialized  4037bf18     libucrt:locks.obj
 0003:00324f20       _module_handles            4037bf20     libucrt:winapi_thunks.obj
 0003:00324f70       _encoded_function_pointers 4037bf70     libucrt:winapi_thunks.obj
 0003:00324ff0       ?state_cache@?1??__acrt_is_packaged_app@@9@4JA 4037bff0     libucrt:winapi_thunks.obj
 0003:0032500c       _fSystemSet                4037c00c     libucrt:mbctype.obj
 0003:00325010       ?initialized@?1??__acrt_initialize_multibyte@@9@4_NA 4037c010     libucrt:mbctype.obj
 0003:00325028       ___acrt_new_handler        4037c028     libucrt:new_handler.obj
 0003:0032502c       _ctrlc_action              4037c02c     libucrt:signal.obj
 0003:00325030       _ctrlbreak_action          4037c030     libucrt:signal.obj
 0003:00325034       _abort_action              4037c034     libucrt:signal.obj
 0003:00325038       _term_action               4037c038     libucrt:signal.obj
 0003:0032503c       _user_matherr              4037c03c     libucrt:matherr.obj
 0003:00325040       ___acrt_global_new_mode    4037c040     libucrt:new_mode.obj
 0003:00325050       ___acrt_app_type           4037c050     libucrt:report_runtime_error.obj
 0004:00000000       __guard_fids____dcrt_uninitialize_environments_nolock 404a7000     libucrt:environment_initialization.obj
 0004:00000008       __guard_fids__             404a7008     libucrt:initialization.obj
 0004:00000068       __guard_fids____acrt_initialize_ptd 404a7068     libucrt:per_thread_data.obj
 0004:0000006c       __guard_fids____libm_error_support 404a706c     libucrt:libm_error.obj
 0004:00000070       __guard_fids__             404a7070     libucrt:locale_initializer.obj
 0004:00000074       __guard_fids__             404a7074     libucrt:stdio_initializer.obj
 0004:00000078       __guard_fids__             404a7078     libucrt:stdio_initializer.obj
 0004:0000007c       __guard_fids__             404a707c     libucrt:sse2_initializer.obj
 0004:00000080       __guard_fids__             404a7080     libucrt:multibyte_initializer.obj
 0004:00000084       __guard_fids__             404a7084     libucrt:console_output_initializer.obj
 0004:00000088       __guard_fids_?dllmain_crt_process_attach@@YAHQAUHINSTANCE__@@QAX@Z 404a7088     LIBCMT:dll_dllmain.obj
 0004:00000090       __guard_fids_?dllmain_dispatch@@YAHQAUHINSTANCE__@@KQAX@Z 404a7090     LIBCMT:dll_dllmain.obj
 0004:00000094       __guard_fids__             404a7094     LIBCMT:guard_support.obj
 0004:00000098       __guard_fids__             404a7098     libvcruntime:telemetry.obj
 0004:0000009c       __guard_fids_?TraceLoggingRegister@__vcrt_trace_logging_provider@@YAJPBU_TlgProvider_t@1@PBU_GUID@@P6GX1KE_K2PAU_EVENT_FILTER_DESCRIPTOR@@PAX@Z4@Z 404a709c     libvcruntime:telemetry.obj
 0004:000000a0       __guard_fids____vcrt_initialize_ptd 404a70a0     libvcruntime:per_thread_data.obj
 0005:000000a0       $R000000                   404a80a0     ui.res
 0005:000003c8       $R000328                   404a83c8     ui.res
